Total time for which application threads were stopped: 0.0001285 seconds
Total time for which application threads were stopped: 0.0001853 seconds
Total time for which application threads were stopped: 0.0001708 seconds
Total time for which application threads were stopped: 0.0002495 seconds
Total time for which application threads were stopped: 0.0026652 seconds
Total time for which application threads were stopped: 0.0012660 seconds
Total time for which application threads were stopped: 0.0001885 seconds
Total time for which application threads were stopped: 0.0002299 seconds
Total time for which application threads were stopped: 0.0002365 seconds
Total time for which application threads were stopped: 0.0000731 seconds
Total time for which application threads were stopped: 0.0001308 seconds
Total time for which application threads were stopped: 0.0000731 seconds
Total time for which application threads were stopped: 0.0000610 seconds
Total time for which application threads were stopped: 0.0000628 seconds
Total time for which application threads were stopped: 0.0002579 seconds
Total time for which application threads were stopped: 0.0000694 seconds
Total time for which application threads were stopped: 0.0000619 seconds
Total time for which application threads were stopped: 0.0000628 seconds
Total time for which application threads were stopped: 0.0000633 seconds
Total time for which application threads were stopped: 0.0000610 seconds
Total time for which application threads were stopped: 0.0000963 seconds
Total time for which application threads were stopped: 0.0000596 seconds
Total time for which application threads were stopped: 0.0000568 seconds
Total time for which application threads were stopped: 0.0000652 seconds
Total time for which application threads were stopped: 0.0000582 seconds
Total time for which application threads were stopped: 0.0000582 seconds
Total time for which application threads were stopped: 0.0000596 seconds
Total time for which application threads were stopped: 0.0001466 seconds
Total time for which application threads were stopped: 0.0001043 seconds
Total time for which application threads were stopped: 0.0000568 seconds
Total time for which application threads were stopped: 0.0000568 seconds
Total time for which application threads were stopped: 0.0000898 seconds
Total time for which application threads were stopped: 0.0001108 seconds
Total time for which application threads were stopped: 0.0001168 seconds
Total time for which application threads were stopped: 0.0006833 seconds
Total time for which application threads were stopped: 0.0000768 seconds
Total time for which application threads were stopped: 0.0001485 seconds
Total time for which application threads were stopped: 0.0000484 seconds
Total time for which application threads were stopped: 0.0000414 seconds
Total time for which application threads were stopped: 0.0000410 seconds
Total time for which application threads were stopped: 0.0000391 seconds
Total time for which application threads were stopped: 0.0000391 seconds
Total time for which application threads were stopped: 0.0000386 seconds
Total time for which application threads were stopped: 0.0000391 seconds
Total time for which application threads were stopped: 0.0000382 seconds
Total time for which application threads were stopped: 0.0000386 seconds
Total time for which application threads were stopped: 0.0000382 seconds
Total time for which application threads were stopped: 0.0000414 seconds
Total time for which application threads were stopped: 0.0001108 seconds
Total time for which application threads were stopped: 0.0000596 seconds
Total time for which application threads were stopped: 0.0000456 seconds
Total time for which application threads were stopped: 0.0000428 seconds
Total time for which application threads were stopped: 0.0000470 seconds
Total time for which application threads were stopped: 0.0000424 seconds
Total time for which application threads were stopped: 0.0000451 seconds
Total time for which application threads were stopped: 0.0001941 seconds
{Heap before GC invocations=0 (full 0):
 par new generation   total 109248K, used 87424K [0x00000000dae00000, 0x00000000e2e00000, 0x00000000e2e00000)
  eden space 87424K, 100% used [0x00000000dae00000, 0x00000000e0360000, 0x00000000e0360000)
  from space 21824K,   0% used [0x00000000e0360000, 0x00000000e0360000, 0x00000000e18b0000)
  to   space 21824K,   0% used [0x00000000e18b0000, 0x00000000e18b0000, 0x00000000e2e00000)
 concurrent mark-sweep generation total 393216K, used 0K [0x00000000e2e00000, 0x00000000fae00000, 0x00000000fae00000)
 concurrent-mark-sweep perm gen total 21248K, used 17400K [0x00000000fae00000, 0x00000000fc2c0000, 0x0000000100000000)
2015-04-28T17:37:29.714+0300: 8.994: [GC 8.994: [ParNew
Desired survivor size 20112992 bytes, new threshold 8 (max 8)
- age   1:   13320104 bytes,   13320104 total
: 87424K->13131K(109248K), 0.0744420 secs] 87424K->13131K(502464K), 0.0746068 secs] [Times: user=0.09 sys=0.00, real=0.07 secs] 
Heap after GC invocations=1 (full 0):
 par new generation   total 109248K, used 13131K [0x00000000dae00000, 0x00000000e2e00000, 0x00000000e2e00000)
  eden space 87424K,   0% used [0x00000000dae00000, 0x00000000dae00000, 0x00000000e0360000)
  from space 21824K,  60% used [0x00000000e18b0000, 0x00000000e2582f00, 0x00000000e2e00000)
  to   space 21824K,   0% used [0x00000000e0360000, 0x00000000e0360000, 0x00000000e18b0000)
 concurrent mark-sweep generation total 393216K, used 0K [0x00000000e2e00000, 0x00000000fae00000, 0x00000000fae00000)
 concurrent-mark-sweep perm gen total 21248K, used 17400K [0x00000000fae00000, 0x00000000fc2c0000, 0x0000000100000000)
}
Total time for which application threads were stopped: 0.0982365 seconds
Total time for which application threads were stopped: 0.0006842 seconds
Total time for which application threads were stopped: 0.0000707 seconds
Total time for which application threads were stopped: 0.0000545 seconds
Total time for which application threads were stopped: 0.0000498 seconds
Total time for which application threads were stopped: 0.0001005 seconds
Total time for which application threads were stopped: 0.0000545 seconds
Total time for which application threads were stopped: 0.0000782 seconds
Total time for which application threads were stopped: 0.0000521 seconds
Total time for which application threads were stopped: 0.0000475 seconds
Total time for which application threads were stopped: 0.0000465 seconds
Total time for which application threads were stopped: 0.0000461 seconds
Total time for which application threads were stopped: 0.0003123 seconds
Total time for which application threads were stopped: 0.0001075 seconds
Total time for which application threads were stopped: 0.0000517 seconds
Total time for which application threads were stopped: 0.0000675 seconds
Total time for which application threads were stopped: 0.0000940 seconds
Total time for which application threads were stopped: 0.0000461 seconds
Total time for which application threads were stopped: 0.0000498 seconds
Total time for which application threads were stopped: 0.0000512 seconds
Total time for which application threads were stopped: 0.0000405 seconds
Total time for which application threads were stopped: 0.0001843 seconds
Total time for which application threads were stopped: 0.0001038 seconds
Total time for which application threads were stopped: 0.0000782 seconds
Total time for which application threads were stopped: 0.0000810 seconds
Total time for which application threads were stopped: 0.0000945 seconds
Total time for which application threads were stopped: 0.0001559 seconds
Total time for which application threads were stopped: 0.0000870 seconds
Total time for which application threads were stopped: 0.0000801 seconds
Total time for which application threads were stopped: 0.0000707 seconds
Total time for which application threads were stopped: 0.0000694 seconds
Total time for which application threads were stopped: 0.0000842 seconds
Total time for which application threads were stopped: 0.0000917 seconds
Total time for which application threads were stopped: 0.0000861 seconds
Total time for which application threads were stopped: 0.0000856 seconds
Total time for which application threads were stopped: 0.0000856 seconds
Total time for which application threads were stopped: 0.0000833 seconds
Total time for which application threads were stopped: 0.0000694 seconds
Total time for which application threads were stopped: 0.0001103 seconds
Total time for which application threads were stopped: 0.0000749 seconds
Total time for which application threads were stopped: 0.0001815 seconds
Total time for which application threads were stopped: 0.0005478 seconds
Total time for which application threads were stopped: 0.0000861 seconds
Total time for which application threads were stopped: 0.0001671 seconds
Total time for which application threads were stopped: 0.0000852 seconds
Total time for which application threads were stopped: 0.0000773 seconds
Total time for which application threads were stopped: 0.0000670 seconds
Total time for which application threads were stopped: 0.0001057 seconds
Total time for which application threads were stopped: 0.0000731 seconds
Total time for which application threads were stopped: 0.0000842 seconds
Total time for which application threads were stopped: 0.0000782 seconds
Total time for which application threads were stopped: 0.0000787 seconds
Total time for which application threads were stopped: 0.0001001 seconds
Total time for which application threads were stopped: 0.0000829 seconds
Total time for which application threads were stopped: 0.0002020 seconds
Total time for which application threads were stopped: 0.0000782 seconds
Total time for which application threads were stopped: 0.0001643 seconds
Total time for which application threads were stopped: 0.0002104 seconds
Total time for which application threads were stopped: 0.0001261 seconds
Total time for which application threads were stopped: 0.0001029 seconds
Total time for which application threads were stopped: 0.0000484 seconds
Total time for which application threads were stopped: 0.0001038 seconds
Total time for which application threads were stopped: 0.0001159 seconds
Total time for which application threads were stopped: 0.0002318 seconds
Total time for which application threads were stopped: 0.0001164 seconds
Total time for which application threads were stopped: 0.0001624 seconds
Total time for which application threads were stopped: 0.0001462 seconds
Total time for which application threads were stopped: 0.0001904 seconds
Total time for which application threads were stopped: 0.0001648 seconds
Total time for which application threads were stopped: 0.0000815 seconds
Total time for which application threads were stopped: 0.0000763 seconds
Total time for which application threads were stopped: 0.0000619 seconds
Total time for which application threads were stopped: 0.0000386 seconds
Total time for which application threads were stopped: 0.0000642 seconds
Total time for which application threads were stopped: 0.0000498 seconds
Total time for which application threads were stopped: 0.0000647 seconds
Total time for which application threads were stopped: 0.0000582 seconds
Total time for which application threads were stopped: 0.0000489 seconds
Total time for which application threads were stopped: 0.0000456 seconds
Total time for which application threads were stopped: 0.0001112 seconds
Total time for which application threads were stopped: 0.0000586 seconds
Total time for which application threads were stopped: 0.0001094 seconds
Total time for which application threads were stopped: 0.0001066 seconds
Total time for which application threads were stopped: 0.0000628 seconds
Total time for which application threads were stopped: 0.0000591 seconds
Total time for which application threads were stopped: 0.0000712 seconds
Total time for which application threads were stopped: 0.0001131 seconds
Total time for which application threads were stopped: 0.0000963 seconds
Total time for which application threads were stopped: 0.0000503 seconds
Total time for which application threads were stopped: 0.0000405 seconds
Total time for which application threads were stopped: 0.0001005 seconds
Total time for which application threads were stopped: 0.0000484 seconds
Total time for which application threads were stopped: 0.0000763 seconds
Total time for which application threads were stopped: 0.0000703 seconds
Total time for which application threads were stopped: 0.0000875 seconds
Total time for which application threads were stopped: 0.0001853 seconds
Total time for which application threads were stopped: 0.0000838 seconds
Total time for which application threads were stopped: 0.0000842 seconds
Total time for which application threads were stopped: 0.0000559 seconds
Total time for which application threads were stopped: 0.0001029 seconds
Total time for which application threads were stopped: 0.0000838 seconds
Total time for which application threads were stopped: 0.0000847 seconds
Total time for which application threads were stopped: 0.0000856 seconds
Total time for which application threads were stopped: 0.0002360 seconds
Total time for which application threads were stopped: 0.0001713 seconds
Total time for which application threads were stopped: 0.0001187 seconds
Total time for which application threads were stopped: 0.0003188 seconds
Total time for which application threads were stopped: 0.0002402 seconds
Total time for which application threads were stopped: 0.0000894 seconds
Total time for which application threads were stopped: 0.0503664 seconds
Total time for which application threads were stopped: 0.0001085 seconds
Total time for which application threads were stopped: 0.0001573 seconds
Total time for which application threads were stopped: 0.0001001 seconds
Total time for which application threads were stopped: 0.0000842 seconds
Total time for which application threads were stopped: 0.0001112 seconds
Total time for which application threads were stopped: 0.0001350 seconds
Total time for which application threads were stopped: 0.0001233 seconds
Total time for which application threads were stopped: 0.0002313 seconds
Total time for which application threads were stopped: 0.0002011 seconds
Total time for which application threads were stopped: 0.0002416 seconds
Total time for which application threads were stopped: 0.0001178 seconds
Total time for which application threads were stopped: 0.0000917 seconds
Total time for which application threads were stopped: 0.0001173 seconds
Total time for which application threads were stopped: 0.0003547 seconds
Total time for which application threads were stopped: 0.0001368 seconds
Total time for which application threads were stopped: 0.0001680 seconds
Total time for which application threads were stopped: 0.0002127 seconds
Total time for which application threads were stopped: 0.0001257 seconds
Total time for which application threads were stopped: 0.0002267 seconds
Total time for which application threads were stopped: 0.0001950 seconds
Total time for which application threads were stopped: 0.0001969 seconds
Total time for which application threads were stopped: 0.0001182 seconds
Total time for which application threads were stopped: 0.0000721 seconds
Total time for which application threads were stopped: 0.0000684 seconds
Total time for which application threads were stopped: 0.0003421 seconds
Total time for which application threads were stopped: 0.0001578 seconds
Total time for which application threads were stopped: 0.0001969 seconds
Total time for which application threads were stopped: 0.0001801 seconds
Total time for which application threads were stopped: 0.0002243 seconds
Total time for which application threads were stopped: 0.0001494 seconds
Total time for which application threads were stopped: 0.0002281 seconds
Total time for which application threads were stopped: 0.0000833 seconds
Total time for which application threads were stopped: 0.0000819 seconds
Total time for which application threads were stopped: 0.0001322 seconds
Total time for which application threads were stopped: 0.0001182 seconds
Total time for which application threads were stopped: 0.0000582 seconds
Total time for which application threads were stopped: 0.0000642 seconds
Total time for which application threads were stopped: 0.0000619 seconds
Total time for which application threads were stopped: 0.0000694 seconds
Total time for which application threads were stopped: 0.0001229 seconds
Total time for which application threads were stopped: 0.0001178 seconds
Total time for which application threads were stopped: 0.0002928 seconds
Total time for which application threads were stopped: 0.0004296 seconds
Total time for which application threads were stopped: 0.0001908 seconds
Total time for which application threads were stopped: 0.0001955 seconds
Total time for which application threads were stopped: 0.0001508 seconds
Total time for which application threads were stopped: 0.0001061 seconds
Total time for which application threads were stopped: 0.0001396 seconds
Total time for which application threads were stopped: 0.0001247 seconds
Total time for which application threads were stopped: 0.0001387 seconds
Total time for which application threads were stopped: 0.0001043 seconds
Total time for which application threads were stopped: 0.0001373 seconds
Total time for which application threads were stopped: 0.0001024 seconds
Total time for which application threads were stopped: 0.0001317 seconds
Total time for which application threads were stopped: 0.0001396 seconds
Total time for which application threads were stopped: 0.0000987 seconds
Total time for which application threads were stopped: 0.0001541 seconds
Total time for which application threads were stopped: 0.0001550 seconds
Total time for which application threads were stopped: 0.0001457 seconds
Total time for which application threads were stopped: 0.0001033 seconds
Total time for which application threads were stopped: 0.0001401 seconds
Total time for which application threads were stopped: 0.0001936 seconds
Total time for which application threads were stopped: 0.0001485 seconds
Total time for which application threads were stopped: 0.0001410 seconds
Total time for which application threads were stopped: 0.0000936 seconds
Total time for which application threads were stopped: 0.0001396 seconds
Total time for which application threads were stopped: 0.0001755 seconds
Total time for which application threads were stopped: 0.0002918 seconds
Total time for which application threads were stopped: 0.0012926 seconds
Total time for which application threads were stopped: 0.0020964 seconds
Total time for which application threads were stopped: 0.0001634 seconds
Total time for which application threads were stopped: 0.0000945 seconds
Total time for which application threads were stopped: 0.0002281 seconds
Total time for which application threads were stopped: 0.0001517 seconds
Total time for which application threads were stopped: 0.0001755 seconds
Total time for which application threads were stopped: 0.0000987 seconds
Total time for which application threads were stopped: 0.0001731 seconds
Total time for which application threads were stopped: 0.0001643 seconds
Total time for which application threads were stopped: 0.0001787 seconds
Total time for which application threads were stopped: 0.0001415 seconds
Total time for which application threads were stopped: 0.0001662 seconds
Total time for which application threads were stopped: 0.0001624 seconds
Total time for which application threads were stopped: 0.0001429 seconds
Total time for which application threads were stopped: 0.0001266 seconds
Total time for which application threads were stopped: 0.0001238 seconds
Total time for which application threads were stopped: 0.0004482 seconds
Total time for which application threads were stopped: 0.0003226 seconds
Total time for which application threads were stopped: 0.0001946 seconds
Total time for which application threads were stopped: 0.0001638 seconds
Total time for which application threads were stopped: 0.0002043 seconds
Total time for which application threads were stopped: 0.0001736 seconds
Total time for which application threads were stopped: 0.0002365 seconds
Total time for which application threads were stopped: 0.0001536 seconds
Total time for which application threads were stopped: 0.0025814 seconds
Total time for which application threads were stopped: 0.0001624 seconds
Total time for which application threads were stopped: 0.0001601 seconds
Total time for which application threads were stopped: 0.0001536 seconds
Total time for which application threads were stopped: 0.0001522 seconds
Total time for which application threads were stopped: 0.0001359 seconds
Total time for which application threads were stopped: 0.0003212 seconds
Total time for which application threads were stopped: 0.0001559 seconds
Total time for which application threads were stopped: 0.0002323 seconds
Total time for which application threads were stopped: 0.0001606 seconds
Total time for which application threads were stopped: 0.0002802 seconds
Total time for which application threads were stopped: 0.0000982 seconds
Total time for which application threads were stopped: 0.0002453 seconds
Total time for which application threads were stopped: 0.0001466 seconds
Total time for which application threads were stopped: 0.0003156 seconds
Total time for which application threads were stopped: 0.0001206 seconds
Total time for which application threads were stopped: 0.0002369 seconds
Total time for which application threads were stopped: 0.0001210 seconds
Total time for which application threads were stopped: 0.0002956 seconds
Total time for which application threads were stopped: 0.0004264 seconds
Total time for which application threads were stopped: 0.0001610 seconds
Total time for which application threads were stopped: 0.0001457 seconds
Total time for which application threads were stopped: 0.0001606 seconds
Total time for which application threads were stopped: 0.0084689 seconds
Total time for which application threads were stopped: 0.0001378 seconds
Total time for which application threads were stopped: 0.0101264 seconds
Total time for which application threads were stopped: 0.0006330 seconds
{Heap before GC invocations=1 (full 0):
 par new generation   total 109248K, used 100555K [0x00000000dae00000, 0x00000000e2e00000, 0x00000000e2e00000)
  eden space 87424K, 100% used [0x00000000dae00000, 0x00000000e0360000, 0x00000000e0360000)
  from space 21824K,  60% used [0x00000000e18b0000, 0x00000000e2582f00, 0x00000000e2e00000)
  to   space 21824K,   0% used [0x00000000e0360000, 0x00000000e0360000, 0x00000000e18b0000)
 concurrent mark-sweep generation total 393216K, used 0K [0x00000000e2e00000, 0x00000000fae00000, 0x00000000fae00000)
 concurrent-mark-sweep perm gen total 21632K, used 21464K [0x00000000fae00000, 0x00000000fc320000, 0x0000000100000000)
2015-04-28T17:37:58.378+0300: 37.636: [GC 37.636: [ParNew
Desired survivor size 20112992 bytes, new threshold 8 (max 8)
- age   1:    7688664 bytes,    7688664 total
- age   2:    4616832 bytes,   12305496 total
: 100555K->14408K(109248K), 0.0572812 secs] 100555K->14408K(502464K), 0.0574348 secs] [Times: user=0.11 sys=0.00, real=0.06 secs] 
Heap after GC invocations=2 (full 0):
 par new generation   total 109248K, used 14408K [0x00000000dae00000, 0x00000000e2e00000, 0x00000000e2e00000)
  eden space 87424K,   0% used [0x00000000dae00000, 0x00000000dae00000, 0x00000000e0360000)
  from space 21824K,  66% used [0x00000000e0360000, 0x00000000e1172100, 0x00000000e18b0000)
  to   space 21824K,   0% used [0x00000000e18b0000, 0x00000000e18b0000, 0x00000000e2e00000)
 concurrent mark-sweep generation total 393216K, used 0K [0x00000000e2e00000, 0x00000000fae00000, 0x00000000fae00000)
 concurrent-mark-sweep perm gen total 21632K, used 21464K [0x00000000fae00000, 0x00000000fc320000, 0x0000000100000000)
}
Total time for which application threads were stopped: 0.0579994 seconds
Total time for which application threads were stopped: 0.0001206 seconds
Total time for which application threads were stopped: 0.0000768 seconds
Total time for which application threads were stopped: 0.0000703 seconds
Total time for which application threads were stopped: 0.0001229 seconds
Total time for which application threads were stopped: 0.0000559 seconds
Total time for which application threads were stopped: 0.0000810 seconds
Total time for which application threads were stopped: 0.0000712 seconds
Total time for which application threads were stopped: 0.0000721 seconds
Total time for which application threads were stopped: 0.0000554 seconds
Total time for which application threads were stopped: 0.0000503 seconds
Total time for which application threads were stopped: 0.0000540 seconds
Total time for which application threads were stopped: 0.0000600 seconds
Total time for which application threads were stopped: 0.0000647 seconds
Total time for which application threads were stopped: 0.0000819 seconds
Total time for which application threads were stopped: 0.0000698 seconds
Total time for which application threads were stopped: 0.0000707 seconds
Total time for which application threads were stopped: 0.0000731 seconds
Total time for which application threads were stopped: 0.0000666 seconds
Total time for which application threads were stopped: 0.0000489 seconds
Total time for which application threads were stopped: 0.0003593 seconds
Total time for which application threads were stopped: 0.0002239 seconds
Total time for which application threads were stopped: 0.0001350 seconds
Total time for which application threads were stopped: 0.0001317 seconds
Total time for which application threads were stopped: 0.0001117 seconds
Total time for which application threads were stopped: 0.0012916 seconds
{Heap before GC invocations=2 (full 0):
 par new generation   total 109248K, used 101832K [0x00000000dae00000, 0x00000000e2e00000, 0x00000000e2e00000)
  eden space 87424K, 100% used [0x00000000dae00000, 0x00000000e0360000, 0x00000000e0360000)
  from space 21824K,  66% used [0x00000000e0360000, 0x00000000e1172100, 0x00000000e18b0000)
  to   space 21824K,   0% used [0x00000000e18b0000, 0x00000000e18b0000, 0x00000000e2e00000)
 concurrent mark-sweep generation total 393216K, used 0K [0x00000000e2e00000, 0x00000000fae00000, 0x00000000fae00000)
 concurrent-mark-sweep perm gen total 22016K, used 21831K [0x00000000fae00000, 0x00000000fc380000, 0x0000000100000000)
2015-04-28T17:37:59.780+0300: 39.037: [GC 39.037: [ParNew
Desired survivor size 20112992 bytes, new threshold 8 (max 8)
- age   1:    1291536 bytes,    1291536 total
- age   2:    4421672 bytes,    5713208 total
- age   3:    4596088 bytes,   10309296 total
: 101832K->16220K(109248K), 0.0285943 secs] 101832K->16220K(502464K), 0.0287186 secs] [Times: user=0.06 sys=0.00, real=0.03 secs] 
Heap after GC invocations=3 (full 0):
 par new generation   total 109248K, used 16220K [0x00000000dae00000, 0x00000000e2e00000, 0x00000000e2e00000)
  eden space 87424K,   0% used [0x00000000dae00000, 0x00000000dae00000, 0x00000000e0360000)
  from space 21824K,  74% used [0x00000000e18b0000, 0x00000000e28870a0, 0x00000000e2e00000)
  to   space 21824K,   0% used [0x00000000e0360000, 0x00000000e0360000, 0x00000000e18b0000)
 concurrent mark-sweep generation total 393216K, used 0K [0x00000000e2e00000, 0x00000000fae00000, 0x00000000fae00000)
 concurrent-mark-sweep perm gen total 22016K, used 21831K [0x00000000fae00000, 0x00000000fc380000, 0x0000000100000000)
}
Total time for which application threads were stopped: 0.0291677 seconds
Total time for which application threads were stopped: 0.0001606 seconds
Total time for which application threads were stopped: 0.0002378 seconds
Total time for which application threads were stopped: 0.0000689 seconds
Total time for which application threads were stopped: 0.0006600 seconds
Total time for which application threads were stopped: 0.0000894 seconds
Total time for which application threads were stopped: 0.0001233 seconds
Total time for which application threads were stopped: 0.0005967 seconds
Total time for which application threads were stopped: 0.0000512 seconds
Total time for which application threads were stopped: 0.0002109 seconds
Total time for which application threads were stopped: 0.0000549 seconds
Total time for which application threads were stopped: 0.0000740 seconds
Total time for which application threads were stopped: 0.0000461 seconds
Total time for which application threads were stopped: 0.0000479 seconds
Total time for which application threads were stopped: 0.0000475 seconds
Total time for which application threads were stopped: 0.0000493 seconds
Total time for which application threads were stopped: 0.0000582 seconds
Total time for which application threads were stopped: 0.0000749 seconds
Total time for which application threads were stopped: 0.0000656 seconds
Total time for which application threads were stopped: 0.0000619 seconds
Total time for which application threads were stopped: 0.0003505 seconds
Total time for which application threads were stopped: 0.0001229 seconds
Total time for which application threads were stopped: 0.0000959 seconds
Total time for which application threads were stopped: 0.0001075 seconds
Total time for which application threads were stopped: 0.0000847 seconds
Total time for which application threads were stopped: 0.0001345 seconds
Total time for which application threads were stopped: 0.0004422 seconds
{Heap before GC invocations=3 (full 0):
 par new generation   total 109248K, used 103644K [0x00000000dae00000, 0x00000000e2e00000, 0x00000000e2e00000)
  eden space 87424K, 100% used [0x00000000dae00000, 0x00000000e0360000, 0x00000000e0360000)
  from space 21824K,  74% used [0x00000000e18b0000, 0x00000000e28870a0, 0x00000000e2e00000)
  to   space 21824K,   0% used [0x00000000e0360000, 0x00000000e0360000, 0x00000000e18b0000)
 concurrent mark-sweep generation total 393216K, used 0K [0x00000000e2e00000, 0x00000000fae00000, 0x00000000fae00000)
 concurrent-mark-sweep perm gen total 22016K, used 21863K [0x00000000fae00000, 0x00000000fc380000, 0x0000000100000000)
2015-04-28T17:38:00.755+0300: 40.013: [GC 40.013: [ParNew
Desired survivor size 20112992 bytes, new threshold 8 (max 8)
- age   1:     442712 bytes,     442712 total
- age   2:     268568 bytes,     711280 total
- age   3:    4375056 bytes,    5086336 total
- age   4:    4595704 bytes,    9682040 total
: 103644K->13050K(109248K), 0.0269345 secs] 103644K->13050K(502464K), 0.0270536 secs] [Times: user=0.03 sys=0.00, real=0.03 secs] 
Heap after GC invocations=4 (full 0):
 par new generation   total 109248K, used 13050K [0x00000000dae00000, 0x00000000e2e00000, 0x00000000e2e00000)
  eden space 87424K,   0% used [0x00000000dae00000, 0x00000000dae00000, 0x00000000e0360000)
  from space 21824K,  59% used [0x00000000e0360000, 0x00000000e101e9e0, 0x00000000e18b0000)
  to   space 21824K,   0% used [0x00000000e18b0000, 0x00000000e18b0000, 0x00000000e2e00000)
 concurrent mark-sweep generation total 393216K, used 0K [0x00000000e2e00000, 0x00000000fae00000, 0x00000000fae00000)
 concurrent-mark-sweep perm gen total 22016K, used 21863K [0x00000000fae00000, 0x00000000fc380000, 0x0000000100000000)
}
Total time for which application threads were stopped: 0.0275782 seconds
Total time for which application threads were stopped: 0.0001610 seconds
Total time for which application threads were stopped: 0.0001485 seconds
Total time for which application threads were stopped: 0.0001359 seconds
Total time for which application threads were stopped: 0.0001801 seconds
Total time for which application threads were stopped: 0.0001503 seconds
Total time for which application threads were stopped: 0.0001662 seconds
Total time for which application threads were stopped: 0.0001382 seconds
Total time for which application threads were stopped: 0.0001592 seconds
Total time for which application threads were stopped: 0.0112943 seconds
Total time for which application threads were stopped: 0.0154261 seconds
Total time for which application threads were stopped: 0.0004594 seconds
Total time for which application threads were stopped: 0.0001555 seconds
Total time for which application threads were stopped: 0.0001918 seconds
Total time for which application threads were stopped: 0.0001755 seconds
Total time for which application threads were stopped: 0.0003207 seconds
Total time for which application threads were stopped: 0.0001960 seconds
Total time for which application threads were stopped: 0.0007238 seconds
Total time for which application threads were stopped: 0.0000954 seconds
Total time for which application threads were stopped: 0.0001829 seconds
Total time for which application threads were stopped: 0.0001429 seconds
Total time for which application threads were stopped: 0.0001745 seconds
Total time for which application threads were stopped: 0.0001448 seconds
Total time for which application threads were stopped: 0.0001475 seconds
Total time for which application threads were stopped: 0.0001759 seconds
Total time for which application threads were stopped: 0.0001731 seconds
Total time for which application threads were stopped: 0.0001866 seconds
Total time for which application threads were stopped: 0.0018586 seconds
Total time for which application threads were stopped: 0.0001061 seconds
{Heap before GC invocations=4 (full 0):
 par new generation   total 109248K, used 100474K [0x00000000dae00000, 0x00000000e2e00000, 0x00000000e2e00000)
  eden space 87424K, 100% used [0x00000000dae00000, 0x00000000e0360000, 0x00000000e0360000)
  from space 21824K,  59% used [0x00000000e0360000, 0x00000000e101e9e0, 0x00000000e18b0000)
  to   space 21824K,   0% used [0x00000000e18b0000, 0x00000000e18b0000, 0x00000000e2e00000)
 concurrent mark-sweep generation total 393216K, used 0K [0x00000000e2e00000, 0x00000000fae00000, 0x00000000fae00000)
 concurrent-mark-sweep perm gen total 22592K, used 22536K [0x00000000fae00000, 0x00000000fc410000, 0x0000000100000000)
2015-04-28T17:38:03.264+0300: 42.521: [GC 42.521: [ParNew
Desired survivor size 20112992 bytes, new threshold 8 (max 8)
- age   1:    4788288 bytes,    4788288 total
- age   2:     151856 bytes,    4940144 total
- age   3:     258384 bytes,    5198528 total
- age   4:    4374352 bytes,    9572880 total
- age   5:    4593248 bytes,   14166128 total
: 100474K->16977K(109248K), 0.0377493 secs] 100474K->16977K(502464K), 0.0378955 secs] [Times: user=0.08 sys=0.00, real=0.04 secs] 
Heap after GC invocations=5 (full 0):
 par new generation   total 109248K, used 16977K [0x00000000dae00000, 0x00000000e2e00000, 0x00000000e2e00000)
  eden space 87424K,   0% used [0x00000000dae00000, 0x00000000dae00000, 0x00000000e0360000)
  from space 21824K,  77% used [0x00000000e18b0000, 0x00000000e2944610, 0x00000000e2e00000)
  to   space 21824K,   0% used [0x00000000e0360000, 0x00000000e0360000, 0x00000000e18b0000)
 concurrent mark-sweep generation total 393216K, used 0K [0x00000000e2e00000, 0x00000000fae00000, 0x00000000fae00000)
 concurrent-mark-sweep perm gen total 22592K, used 22536K [0x00000000fae00000, 0x00000000fc410000, 0x0000000100000000)
}
Total time for which application threads were stopped: 0.0553849 seconds
Total time for which application threads were stopped: 0.0001736 seconds
{Heap before GC invocations=5 (full 0):
 par new generation   total 109248K, used 104397K [0x00000000dae00000, 0x00000000e2e00000, 0x00000000e2e00000)
  eden space 87424K,  99% used [0x00000000dae00000, 0x00000000e035f030, 0x00000000e0360000)
  from space 21824K,  77% used [0x00000000e18b0000, 0x00000000e2944610, 0x00000000e2e00000)
  to   space 21824K,   0% used [0x00000000e0360000, 0x00000000e0360000, 0x00000000e18b0000)
 concurrent mark-sweep generation total 393216K, used 0K [0x00000000e2e00000, 0x00000000fae00000, 0x00000000fae00000)
 concurrent-mark-sweep perm gen total 22784K, used 22585K [0x00000000fae00000, 0x00000000fc440000, 0x0000000100000000)
2015-04-28T17:38:03.818+0300: 43.075: [GC 43.075: [ParNew
Desired survivor size 20112992 bytes, new threshold 8 (max 8)
- age   1:     520152 bytes,     520152 total
- age   2:    3993632 bytes,    4513784 total
- age   3:     151856 bytes,    4665640 total
- age   4:     258384 bytes,    4924024 total
- age   5:    4374176 bytes,    9298200 total
- age   6:    4592384 bytes,   13890584 total
: 104397K->21824K(109248K), 0.0358074 secs] 104397K->21824K(502464K), 0.0359387 secs] [Times: user=0.06 sys=0.00, real=0.04 secs] 
Heap after GC invocations=6 (full 0):
 par new generation   total 109248K, used 21824K [0x00000000dae00000, 0x00000000e2e00000, 0x00000000e2e00000)
  eden space 87424K,   0% used [0x00000000dae00000, 0x00000000dae00000, 0x00000000e0360000)
  from space 21824K, 100% used [0x00000000e0360000, 0x00000000e18b0000, 0x00000000e18b0000)
  to   space 21824K,   0% used [0x00000000e18b0000, 0x00000000e18b0000, 0x00000000e2e00000)
 concurrent mark-sweep generation total 393216K, used 0K [0x00000000e2e00000, 0x00000000fae00000, 0x00000000fae00000)
 concurrent-mark-sweep perm gen total 22784K, used 22585K [0x00000000fae00000, 0x00000000fc440000, 0x0000000100000000)
}
Total time for which application threads were stopped: 0.0365815 seconds
Total time for which application threads were stopped: 0.0001815 seconds
Total time for which application threads were stopped: 0.0001834 seconds
Total time for which application threads were stopped: 0.0001759 seconds
Total time for which application threads were stopped: 0.0001727 seconds
Total time for which application threads were stopped: 0.0124081 seconds
Total time for which application threads were stopped: 0.0095158 seconds
{Heap before GC invocations=6 (full 0):
 par new generation   total 109248K, used 109248K [0x00000000dae00000, 0x00000000e2e00000, 0x00000000e2e00000)
  eden space 87424K, 100% used [0x00000000dae00000, 0x00000000e0360000, 0x00000000e0360000)
  from space 21824K, 100% used [0x00000000e0360000, 0x00000000e18b0000, 0x00000000e18b0000)
  to   space 21824K,   0% used [0x00000000e18b0000, 0x00000000e18b0000, 0x00000000e2e00000)
 concurrent mark-sweep generation total 393216K, used 0K [0x00000000e2e00000, 0x00000000fae00000, 0x00000000fae00000)
 concurrent-mark-sweep perm gen total 22976K, used 22811K [0x00000000fae00000, 0x00000000fc470000, 0x0000000100000000)
2015-04-28T17:38:04.431+0300: 43.688: [GC 43.688: [ParNew
Desired survivor size 20112992 bytes, new threshold 8 (max 8)
- age   1:     841104 bytes,     841104 total
- age   2:      32736 bytes,     873840 total
- age   3:    3993088 bytes,    4866928 total
- age   4:     151856 bytes,    5018784 total
- age   5:     258336 bytes,    5277120 total
- age   6:    4373664 bytes,    9650784 total
- age   7:    4586352 bytes,   14237136 total
: 109248K->18864K(109248K), 0.0355859 secs] 109248K->18864K(502464K), 0.0357046 secs] [Times: user=0.06 sys=0.00, real=0.04 secs] 
Heap after GC invocations=7 (full 0):
 par new generation   total 109248K, used 18864K [0x00000000dae00000, 0x00000000e2e00000, 0x00000000e2e00000)
  eden space 87424K,   0% used [0x00000000dae00000, 0x00000000dae00000, 0x00000000e0360000)
  from space 21824K,  86% used [0x00000000e18b0000, 0x00000000e2b1c3c0, 0x00000000e2e00000)
  to   space 21824K,   0% used [0x00000000e0360000, 0x00000000e0360000, 0x00000000e18b0000)
 concurrent mark-sweep generation total 393216K, used 0K [0x00000000e2e00000, 0x00000000fae00000, 0x00000000fae00000)
 concurrent-mark-sweep perm gen total 22976K, used 22811K [0x00000000fae00000, 0x00000000fc470000, 0x0000000100000000)
}
Total time for which application threads were stopped: 0.1015375 seconds
Total time for which application threads were stopped: 0.0002122 seconds
Total time for which application threads were stopped: 0.0001624 seconds
Total time for which application threads were stopped: 0.0001987 seconds
{Heap before GC invocations=7 (full 0):
 par new generation   total 109248K, used 106288K [0x00000000dae00000, 0x00000000e2e00000, 0x00000000e2e00000)
  eden space 87424K, 100% used [0x00000000dae00000, 0x00000000e0360000, 0x00000000e0360000)
  from space 21824K,  86% used [0x00000000e18b0000, 0x00000000e2b1c3c0, 0x00000000e2e00000)
  to   space 21824K,   0% used [0x00000000e0360000, 0x00000000e0360000, 0x00000000e18b0000)
 concurrent mark-sweep generation total 393216K, used 0K [0x00000000e2e00000, 0x00000000fae00000, 0x00000000fae00000)
 concurrent-mark-sweep perm gen total 22976K, used 22911K [0x00000000fae00000, 0x00000000fc470000, 0x0000000100000000)
2015-04-28T17:38:05.142+0300: 44.400: [GC 44.400: [ParNew
Desired survivor size 20112992 bytes, new threshold 8 (max 8)
- age   1:     737128 bytes,     737128 total
- age   2:      84640 bytes,     821768 total
- age   3:      32448 bytes,     854216 total
- age   4:    3992648 bytes,    4846864 total
- age   5:     151856 bytes,    4998720 total
- age   6:     258336 bytes,    5257056 total
- age   7:    4373440 bytes,    9630496 total
- age   8:    4585960 bytes,   14216456 total
: 106288K->18661K(109248K), 0.0360225 secs] 106288K->18661K(502464K), 0.0361663 secs] [Times: user=0.09 sys=0.00, real=0.04 secs] 
Heap after GC invocations=8 (full 0):
 par new generation   total 109248K, used 18661K [0x00000000dae00000, 0x00000000e2e00000, 0x00000000e2e00000)
  eden space 87424K,   0% used [0x00000000dae00000, 0x00000000dae00000, 0x00000000e0360000)
  from space 21824K,  85% used [0x00000000e0360000, 0x00000000e15994a0, 0x00000000e18b0000)
  to   space 21824K,   0% used [0x00000000e18b0000, 0x00000000e18b0000, 0x00000000e2e00000)
 concurrent mark-sweep generation total 393216K, used 0K [0x00000000e2e00000, 0x00000000fae00000, 0x00000000fae00000)
 concurrent-mark-sweep perm gen total 22976K, used 22911K [0x00000000fae00000, 0x00000000fc470000, 0x0000000100000000)
}
Total time for which application threads were stopped: 0.0367942 seconds
{Heap before GC invocations=8 (full 0):
 par new generation   total 109248K, used 106085K [0x00000000dae00000, 0x00000000e2e00000, 0x00000000e2e00000)
  eden space 87424K, 100% used [0x00000000dae00000, 0x00000000e0360000, 0x00000000e0360000)
  from space 21824K,  85% used [0x00000000e0360000, 0x00000000e15994a0, 0x00000000e18b0000)
  to   space 21824K,   0% used [0x00000000e18b0000, 0x00000000e18b0000, 0x00000000e2e00000)
 concurrent mark-sweep generation total 393216K, used 0K [0x00000000e2e00000, 0x00000000fae00000, 0x00000000fae00000)
 concurrent-mark-sweep perm gen total 22976K, used 22953K [0x00000000fae00000, 0x00000000fc470000, 0x0000000100000000)
2015-04-28T17:38:06.016+0300: 45.274: [GC 45.274: [ParNew
Desired survivor size 20112992 bytes, new threshold 8 (max 8)
- age   1:     483712 bytes,     483712 total
- age   2:     105120 bytes,     588832 total
- age   3:      83840 bytes,     672672 total
- age   4:      32448 bytes,     705120 total
- age   5:    3992616 bytes,    4697736 total
- age   6:     151856 bytes,    4849592 total
- age   7:     258336 bytes,    5107928 total
- age   8:    4373216 bytes,    9481144 total
: 106085K->13805K(109248K), 0.0928484 secs] 106085K->18741K(502464K), 0.0929848 secs] [Times: user=0.13 sys=0.00, real=0.09 secs] 
Heap after GC invocations=9 (full 0):
 par new generation   total 109248K, used 13805K [0x00000000dae00000, 0x00000000e2e00000, 0x00000000e2e00000)
  eden space 87424K,   0% used [0x00000000dae00000, 0x00000000dae00000, 0x00000000e0360000)
  from space 21824K,  63% used [0x00000000e18b0000, 0x00000000e262b580, 0x00000000e2e00000)
  to   space 21824K,   0% used [0x00000000e0360000, 0x00000000e0360000, 0x00000000e18b0000)
 concurrent mark-sweep generation total 393216K, used 4935K [0x00000000e2e00000, 0x00000000fae00000, 0x00000000fae00000)
 concurrent-mark-sweep perm gen total 22976K, used 22953K [0x00000000fae00000, 0x00000000fc470000, 0x0000000100000000)
}
Total time for which application threads were stopped: 0.0936276 seconds
{Heap before GC invocations=9 (full 0):
 par new generation   total 109248K, used 101219K [0x00000000dae00000, 0x00000000e2e00000, 0x00000000e2e00000)
  eden space 87424K,  99% used [0x00000000dae00000, 0x00000000e035d6c8, 0x00000000e0360000)
  from space 21824K,  63% used [0x00000000e18b0000, 0x00000000e262b580, 0x00000000e2e00000)
  to   space 21824K,   0% used [0x00000000e0360000, 0x00000000e0360000, 0x00000000e18b0000)
 concurrent mark-sweep generation total 393216K, used 4935K [0x00000000e2e00000, 0x00000000fae00000, 0x00000000fae00000)
 concurrent-mark-sweep perm gen total 23168K, used 22985K [0x00000000fae00000, 0x00000000fc4a0000, 0x0000000100000000)
2015-04-28T17:38:06.788+0300: 46.045: [GC 46.045: [ParNew
Desired survivor size 20112992 bytes, new threshold 8 (max 8)
- age   1:     802536 bytes,     802536 total
- age   2:      70096 bytes,     872632 total
- age   3:     104800 bytes,     977432 total
- age   4:      83840 bytes,    1061272 total
- age   5:      32448 bytes,    1093720 total
- age   6:    3992424 bytes,    5086144 total
- age   7:     151856 bytes,    5238000 total
- age   8:     258336 bytes,    5496336 total
: 101219K->9096K(109248K), 0.0446925 secs] 106154K->18438K(502464K), 0.0448317 secs] [Times: user=0.08 sys=0.00, real=0.04 secs] 
Heap after GC invocations=10 (full 0):
 par new generation   total 109248K, used 9096K [0x00000000dae00000, 0x00000000e2e00000, 0x00000000e2e00000)
  eden space 87424K,   0% used [0x00000000dae00000, 0x00000000dae00000, 0x00000000e0360000)
  from space 21824K,  41% used [0x00000000e0360000, 0x00000000e0c42040, 0x00000000e18b0000)
  to   space 21824K,   0% used [0x00000000e18b0000, 0x00000000e18b0000, 0x00000000e2e00000)
 concurrent mark-sweep generation total 393216K, used 9342K [0x00000000e2e00000, 0x00000000fae00000, 0x00000000fae00000)
 concurrent-mark-sweep perm gen total 23168K, used 22985K [0x00000000fae00000, 0x00000000fc4a0000, 0x0000000100000000)
}
Total time for which application threads were stopped: 0.0455238 seconds
{Heap before GC invocations=10 (full 0):
 par new generation   total 109248K, used 96520K [0x00000000dae00000, 0x00000000e2e00000, 0x00000000e2e00000)
  eden space 87424K, 100% used [0x00000000dae00000, 0x00000000e0360000, 0x00000000e0360000)
  from space 21824K,  41% used [0x00000000e0360000, 0x00000000e0c42040, 0x00000000e18b0000)
  to   space 21824K,   0% used [0x00000000e18b0000, 0x00000000e18b0000, 0x00000000e2e00000)
 concurrent mark-sweep generation total 393216K, used 9342K [0x00000000e2e00000, 0x00000000fae00000, 0x00000000fae00000)
 concurrent-mark-sweep perm gen total 23168K, used 23024K [0x00000000fae00000, 0x00000000fc4a0000, 0x0000000100000000)
2015-04-28T17:38:07.707+0300: 46.964: [GC 46.964: [ParNew
Desired survivor size 20112992 bytes, new threshold 8 (max 8)
- age   1:     624472 bytes,     624472 total
- age   2:      68584 bytes,     693056 total
- age   3:      69560 bytes,     762616 total
- age   4:     104568 bytes,     867184 total
- age   5:      83152 bytes,     950336 total
- age   6:      32448 bytes,     982784 total
- age   7:    3992424 bytes,    4975208 total
- age   8:     151856 bytes,    5127064 total
: 96520K->7263K(109248K), 0.0156900 secs] 105862K->16861K(502464K), 0.0158017 secs] [Times: user=0.00 sys=0.00, real=0.01 secs] 
Heap after GC invocations=11 (full 0):
 par new generation   total 109248K, used 7263K [0x00000000dae00000, 0x00000000e2e00000, 0x00000000e2e00000)
  eden space 87424K,   0% used [0x00000000dae00000, 0x00000000dae00000, 0x00000000e0360000)
  from space 21824K,  33% used [0x00000000e18b0000, 0x00000000e1fc7e70, 0x00000000e2e00000)
  to   space 21824K,   0% used [0x00000000e0360000, 0x00000000e0360000, 0x00000000e18b0000)
 concurrent mark-sweep generation total 393216K, used 9598K [0x00000000e2e00000, 0x00000000fae00000, 0x00000000fae00000)
 concurrent-mark-sweep perm gen total 23168K, used 23024K [0x00000000fae00000, 0x00000000fc4a0000, 0x0000000100000000)
}
Total time for which application threads were stopped: 0.0163407 seconds
{Heap before GC invocations=11 (full 0):
 par new generation   total 109248K, used 94687K [0x00000000dae00000, 0x00000000e2e00000, 0x00000000e2e00000)
  eden space 87424K, 100% used [0x00000000dae00000, 0x00000000e0360000, 0x00000000e0360000)
  from space 21824K,  33% used [0x00000000e18b0000, 0x00000000e1fc7e70, 0x00000000e2e00000)
  to   space 21824K,   0% used [0x00000000e0360000, 0x00000000e0360000, 0x00000000e18b0000)
 concurrent mark-sweep generation total 393216K, used 9598K [0x00000000e2e00000, 0x00000000fae00000, 0x00000000fae00000)
 concurrent-mark-sweep perm gen total 23168K, used 23045K [0x00000000fae00000, 0x00000000fc4a0000, 0x0000000100000000)
2015-04-28T17:38:08.264+0300: 47.521: [GC 47.522: [ParNew
Desired survivor size 20112992 bytes, new threshold 8 (max 8)
- age   1:    1215776 bytes,    1215776 total
- age   2:      74888 bytes,    1290664 total
- age   3:      68432 bytes,    1359096 total
- age   4:      68816 bytes,    1427912 total
- age   5:     103752 bytes,    1531664 total
- age   6:      83120 bytes,    1614784 total
- age   7:      32448 bytes,    1647232 total
- age   8:    3992464 bytes,    5639696 total
: 94687K->6979K(109248K), 0.0147191 secs] 104285K->16728K(502464K), 0.0148424 secs] [Times: user=0.03 sys=0.00, real=0.02 secs] 
Heap after GC invocations=12 (full 0):
 par new generation   total 109248K, used 6979K [0x00000000dae00000, 0x00000000e2e00000, 0x00000000e2e00000)
  eden space 87424K,   0% used [0x00000000dae00000, 0x00000000dae00000, 0x00000000e0360000)
  from space 21824K,  31% used [0x00000000e0360000, 0x00000000e0a30cf8, 0x00000000e18b0000)
  to   space 21824K,   0% used [0x00000000e18b0000, 0x00000000e18b0000, 0x00000000e2e00000)
 concurrent mark-sweep generation total 393216K, used 9749K [0x00000000e2e00000, 0x00000000fae00000, 0x00000000fae00000)
 concurrent-mark-sweep perm gen total 23168K, used 23045K [0x00000000fae00000, 0x00000000fc4a0000, 0x0000000100000000)
}
Total time for which application threads were stopped: 0.0154298 seconds
Total time for which application threads were stopped: 0.0005534 seconds
Total time for which application threads were stopped: 0.0001964 seconds
{Heap before GC invocations=12 (full 0):
 par new generation   total 109248K, used 94403K [0x00000000dae00000, 0x00000000e2e00000, 0x00000000e2e00000)
  eden space 87424K, 100% used [0x00000000dae00000, 0x00000000e0360000, 0x00000000e0360000)
  from space 21824K,  31% used [0x00000000e0360000, 0x00000000e0a30cf8, 0x00000000e18b0000)
  to   space 21824K,   0% used [0x00000000e18b0000, 0x00000000e18b0000, 0x00000000e2e00000)
 concurrent mark-sweep generation total 393216K, used 9749K [0x00000000e2e00000, 0x00000000fae00000, 0x00000000fae00000)
 concurrent-mark-sweep perm gen total 23552K, used 23429K [0x00000000fae00000, 0x00000000fc500000, 0x0000000100000000)
2015-04-28T17:38:09.144+0300: 48.401: [GC 48.401: [ParNew
Desired survivor size 20112992 bytes, new threshold 8 (max 8)
- age   1:     526968 bytes,     526968 total
- age   2:      74344 bytes,     601312 total
- age   3:      73896 bytes,     675208 total
- age   4:      68368 bytes,     743576 total
- age   5:      68720 bytes,     812296 total
- age   6:     103752 bytes,     916048 total
- age   7:      83040 bytes,     999088 total
- age   8:      32448 bytes,    1031536 total
: 94403K->4765K(109248K), 0.0507155 secs] 104152K->18417K(502464K), 0.0508346 secs] [Times: user=0.11 sys=0.00, real=0.05 secs] 
Heap after GC invocations=13 (full 0):
 par new generation   total 109248K, used 4765K [0x00000000dae00000, 0x00000000e2e00000, 0x00000000e2e00000)
  eden space 87424K,   0% used [0x00000000dae00000, 0x00000000dae00000, 0x00000000e0360000)
  from space 21824K,  21% used [0x00000000e18b0000, 0x00000000e1d57480, 0x00000000e2e00000)
  to   space 21824K,   0% used [0x00000000e0360000, 0x00000000e0360000, 0x00000000e18b0000)
 concurrent mark-sweep generation total 393216K, used 13652K [0x00000000e2e00000, 0x00000000fae00000, 0x00000000fae00000)
 concurrent-mark-sweep perm gen total 23552K, used 23429K [0x00000000fae00000, 0x00000000fc500000, 0x0000000100000000)
}
Total time for which application threads were stopped: 0.0516306 seconds
{Heap before GC invocations=13 (full 0):
 par new generation   total 109248K, used 92189K [0x00000000dae00000, 0x00000000e2e00000, 0x00000000e2e00000)
  eden space 87424K, 100% used [0x00000000dae00000, 0x00000000e0360000, 0x00000000e0360000)
  from space 21824K,  21% used [0x00000000e18b0000, 0x00000000e1d57480, 0x00000000e2e00000)
  to   space 21824K,   0% used [0x00000000e0360000, 0x00000000e0360000, 0x00000000e18b0000)
 concurrent mark-sweep generation total 393216K, used 13652K [0x00000000e2e00000, 0x00000000fae00000, 0x00000000fae00000)
 concurrent-mark-sweep perm gen total 23552K, used 23437K [0x00000000fae00000, 0x00000000fc500000, 0x0000000100000000)
2015-04-28T17:38:09.988+0300: 49.246: [GC 49.246: [ParNew
Desired survivor size 20112992 bytes, new threshold 8 (max 8)
- age   1:     825632 bytes,     825632 total
- age   2:     135672 bytes,     961304 total
- age   3:      74128 bytes,    1035432 total
- age   4:      73896 bytes,    1109328 total
- age   5:      68336 bytes,    1177664 total
- age   6:      68672 bytes,    1246336 total
- age   7:     103752 bytes,    1350088 total
- age   8:      83040 bytes,    1433128 total
: 92189K->2273K(109248K), 0.0072015 secs] 105841K->15959K(502464K), 0.0073337 secs] [Times: user=0.03 sys=0.00, real=0.01 secs] 
Heap after GC invocations=14 (full 0):
 par new generation   total 109248K, used 2273K [0x00000000dae00000, 0x00000000e2e00000, 0x00000000e2e00000)
  eden space 87424K,   0% used [0x00000000dae00000, 0x00000000dae00000, 0x00000000e0360000)
  from space 21824K,  10% used [0x00000000e0360000, 0x00000000e0598650, 0x00000000e18b0000)
  to   space 21824K,   0% used [0x00000000e18b0000, 0x00000000e18b0000, 0x00000000e2e00000)
 concurrent mark-sweep generation total 393216K, used 13685K [0x00000000e2e00000, 0x00000000fae00000, 0x00000000fae00000)
 concurrent-mark-sweep perm gen total 23552K, used 23437K [0x00000000fae00000, 0x00000000fc500000, 0x0000000100000000)
}
Total time for which application threads were stopped: 0.0079076 seconds
Total time for which application threads were stopped: 0.0002960 seconds
Total time for which application threads were stopped: 0.0000931 seconds
Total time for which application threads were stopped: 0.0001792 seconds
Total time for which application threads were stopped: 0.0001089 seconds
Total time for which application threads were stopped: 0.0001741 seconds
Total time for which application threads were stopped: 0.0004934 seconds
Total time for which application threads were stopped: 0.0003896 seconds
Total time for which application threads were stopped: 0.0003058 seconds
{Heap before GC invocations=14 (full 0):
 par new generation   total 109248K, used 89697K [0x00000000dae00000, 0x00000000e2e00000, 0x00000000e2e00000)
  eden space 87424K, 100% used [0x00000000dae00000, 0x00000000e0360000, 0x00000000e0360000)
  from space 21824K,  10% used [0x00000000e0360000, 0x00000000e0598650, 0x00000000e18b0000)
  to   space 21824K,   0% used [0x00000000e18b0000, 0x00000000e18b0000, 0x00000000e2e00000)
 concurrent mark-sweep generation total 393216K, used 13685K [0x00000000e2e00000, 0x00000000fae00000, 0x00000000fae00000)
 concurrent-mark-sweep perm gen total 24128K, used 23958K [0x00000000fae00000, 0x00000000fc590000, 0x0000000100000000)
2015-04-28T17:38:10.812+0300: 50.069: [GC 50.069: [ParNew
Desired survivor size 20112992 bytes, new threshold 8 (max 8)
- age   1:    1037056 bytes,    1037056 total
- age   2:      67792 bytes,    1104848 total
- age   3:     135576 bytes,    1240424 total
- age   4:      74128 bytes,    1314552 total
- age   5:      73896 bytes,    1388448 total
- age   6:      68336 bytes,    1456784 total
- age   7:      68672 bytes,    1525456 total
- age   8:     103752 bytes,    1629208 total
: 89697K->2023K(109248K), 0.0093640 secs] 103383K->15793K(502464K), 0.0095288 secs] [Times: user=0.03 sys=0.00, real=0.01 secs] 
Heap after GC invocations=15 (full 0):
 par new generation   total 109248K, used 2023K [0x00000000dae00000, 0x00000000e2e00000, 0x00000000e2e00000)
  eden space 87424K,   0% used [0x00000000dae00000, 0x00000000dae00000, 0x00000000e0360000)
  from space 21824K,   9% used [0x00000000e18b0000, 0x00000000e1aa9fe0, 0x00000000e2e00000)
  to   space 21824K,   0% used [0x00000000e0360000, 0x00000000e0360000, 0x00000000e18b0000)
 concurrent mark-sweep generation total 393216K, used 13769K [0x00000000e2e00000, 0x00000000fae00000, 0x00000000fae00000)
 concurrent-mark-sweep perm gen total 24128K, used 23958K [0x00000000fae00000, 0x00000000fc590000, 0x0000000100000000)
}
Total time for which application threads were stopped: 0.0099221 seconds
Total time for which application threads were stopped: 0.0147787 seconds
Total time for which application threads were stopped: 0.0004059 seconds
Total time for which application threads were stopped: 0.0069320 seconds
Total time for which application threads were stopped: 0.0002970 seconds
Total time for which application threads were stopped: 0.0001885 seconds
Total time for which application threads were stopped: 0.0010510 seconds
Total time for which application threads were stopped: 0.0002932 seconds
Total time for which application threads were stopped: 0.0004450 seconds
Total time for which application threads were stopped: 0.0001834 seconds
Total time for which application threads were stopped: 0.0001992 seconds
Total time for which application threads were stopped: 0.0002513 seconds
Total time for which application threads were stopped: 0.0001974 seconds
Total time for which application threads were stopped: 0.0001806 seconds
Total time for which application threads were stopped: 0.0005846 seconds
Total time for which application threads were stopped: 0.0001727 seconds
Total time for which application threads were stopped: 0.0001699 seconds
Total time for which application threads were stopped: 0.0001722 seconds
Total time for which application threads were stopped: 0.0001713 seconds
Total time for which application threads were stopped: 0.0002211 seconds
Total time for which application threads were stopped: 0.0001466 seconds
Total time for which application threads were stopped: 0.0004459 seconds
{Heap before GC invocations=15 (full 0):
 par new generation   total 109248K, used 89447K [0x00000000dae00000, 0x00000000e2e00000, 0x00000000e2e00000)
  eden space 87424K, 100% used [0x00000000dae00000, 0x00000000e0360000, 0x00000000e0360000)
  from space 21824K,   9% used [0x00000000e18b0000, 0x00000000e1aa9fe0, 0x00000000e2e00000)
  to   space 21824K,   0% used [0x00000000e0360000, 0x00000000e0360000, 0x00000000e18b0000)
 concurrent mark-sweep generation total 393216K, used 13769K [0x00000000e2e00000, 0x00000000fae00000, 0x00000000fae00000)
 concurrent-mark-sweep perm gen total 25088K, used 24883K [0x00000000fae00000, 0x00000000fc680000, 0x0000000100000000)
2015-04-28T17:38:13.959+0300: 53.216: [GC 53.216: [ParNew
Desired survivor size 20112992 bytes, new threshold 8 (max 8)
- age   1:    3096080 bytes,    3096080 total
- age   2:     278176 bytes,    3374256 total
- age   3:      67760 bytes,    3442016 total
- age   4:     135376 bytes,    3577392 total
- age   5:      74128 bytes,    3651520 total
- age   6:      73896 bytes,    3725416 total
- age   7:      68304 bytes,    3793720 total
- age   8:      68672 bytes,    3862392 total
: 89447K->4426K(109248K), 0.0161941 secs] 103217K->18298K(502464K), 0.0163389 secs] [Times: user=0.03 sys=0.00, real=0.02 secs] 
Heap after GC invocations=16 (full 0):
 par new generation   total 109248K, used 4426K [0x00000000dae00000, 0x00000000e2e00000, 0x00000000e2e00000)
  eden space 87424K,   0% used [0x00000000dae00000, 0x00000000dae00000, 0x00000000e0360000)
  from space 21824K,  20% used [0x00000000e0360000, 0x00000000e07b2930, 0x00000000e18b0000)
  to   space 21824K,   0% used [0x00000000e18b0000, 0x00000000e18b0000, 0x00000000e2e00000)
 concurrent mark-sweep generation total 393216K, used 13872K [0x00000000e2e00000, 0x00000000fae00000, 0x00000000fae00000)
 concurrent-mark-sweep perm gen total 25088K, used 24883K [0x00000000fae00000, 0x00000000fc680000, 0x0000000100000000)
}
Total time for which application threads were stopped: 0.0168965 seconds
Total time for which application threads were stopped: 0.0003775 seconds
Total time for which application threads were stopped: 0.0004082 seconds
Total time for which application threads were stopped: 0.0007256 seconds
Total time for which application threads were stopped: 0.0001736 seconds
Total time for which application threads were stopped: 0.0001820 seconds
Total time for which application threads were stopped: 0.0001583 seconds
Total time for which application threads were stopped: 0.0002192 seconds
Total time for which application threads were stopped: 0.0001960 seconds
Total time for which application threads were stopped: 0.0004599 seconds
Total time for which application threads were stopped: 0.0001303 seconds
Total time for which application threads were stopped: 0.0001299 seconds
Total time for which application threads were stopped: 0.0009849 seconds
Total time for which application threads were stopped: 0.0001908 seconds
Total time for which application threads were stopped: 0.0005930 seconds
Total time for which application threads were stopped: 0.0002085 seconds
Total time for which application threads were stopped: 0.0005032 seconds
Total time for which application threads were stopped: 0.0001759 seconds
Total time for which application threads were stopped: 0.0001820 seconds
Total time for which application threads were stopped: 0.0002057 seconds
Total time for which application threads were stopped: 0.0002895 seconds
Total time for which application threads were stopped: 0.0012227 seconds
Total time for which application threads were stopped: 0.0003500 seconds
Total time for which application threads were stopped: 0.0002918 seconds
Total time for which application threads were stopped: 0.0001122 seconds
Total time for which application threads were stopped: 0.0001438 seconds
Total time for which application threads were stopped: 0.0001680 seconds
Total time for which application threads were stopped: 0.0002076 seconds
Total time for which application threads were stopped: 0.0001527 seconds
Total time for which application threads were stopped: 0.0001890 seconds
Total time for which application threads were stopped: 0.0001848 seconds
Total time for which application threads were stopped: 0.0002043 seconds
Total time for which application threads were stopped: 0.0001750 seconds
Total time for which application threads were stopped: 0.0001257 seconds
Total time for which application threads were stopped: 0.0004338 seconds
Total time for which application threads were stopped: 0.0002546 seconds
Total time for which application threads were stopped: 0.0002202 seconds
Total time for which application threads were stopped: 0.0001936 seconds
Total time for which application threads were stopped: 0.0001932 seconds
Total time for which application threads were stopped: 0.0001280 seconds
Total time for which application threads were stopped: 0.0465208 seconds
Total time for which application threads were stopped: 0.0002034 seconds
Total time for which application threads were stopped: 0.0009277 seconds
Total time for which application threads were stopped: 0.0002197 seconds
Total time for which application threads were stopped: 0.0000861 seconds
Total time for which application threads were stopped: 0.0001275 seconds
Total time for which application threads were stopped: 0.0736917 seconds
Total time for which application threads were stopped: 0.0003575 seconds
Total time for which application threads were stopped: 0.0002001 seconds
Total time for which application threads were stopped: 0.0175425 seconds
Total time for which application threads were stopped: 0.0001415 seconds
Total time for which application threads were stopped: 0.0000945 seconds
Total time for which application threads were stopped: 0.0001811 seconds
Total time for which application threads were stopped: 0.0001480 seconds
Total time for which application threads were stopped: 0.0005032 seconds
Total time for which application threads were stopped: 0.0001392 seconds
Total time for which application threads were stopped: 0.0001606 seconds
Total time for which application threads were stopped: 0.0001839 seconds
Total time for which application threads were stopped: 0.0005972 seconds
Total time for which application threads were stopped: 0.0002593 seconds
Total time for which application threads were stopped: 0.0002551 seconds
Total time for which application threads were stopped: 0.0001759 seconds
Total time for which application threads were stopped: 0.0002928 seconds
Total time for which application threads were stopped: 0.0002793 seconds
{Heap before GC invocations=16 (full 0):
 par new generation   total 109248K, used 91850K [0x00000000dae00000, 0x00000000e2e00000, 0x00000000e2e00000)
  eden space 87424K, 100% used [0x00000000dae00000, 0x00000000e0360000, 0x00000000e0360000)
  from space 21824K,  20% used [0x00000000e0360000, 0x00000000e07b2930, 0x00000000e18b0000)
  to   space 21824K,   0% used [0x00000000e18b0000, 0x00000000e18b0000, 0x00000000e2e00000)
 concurrent mark-sweep generation total 393216K, used 13872K [0x00000000e2e00000, 0x00000000fae00000, 0x00000000fae00000)
 concurrent-mark-sweep perm gen total 27776K, used 27740K [0x00000000fae00000, 0x00000000fc920000, 0x0000000100000000)
2015-04-28T17:38:17.296+0300: 56.554: [GC 56.555: [ParNew
Desired survivor size 20112992 bytes, new threshold 8 (max 8)
- age   1:    4832536 bytes,    4832536 total
- age   2:    1429392 bytes,    6261928 total
- age   3:     253600 bytes,    6515528 total
- age   4:      67760 bytes,    6583288 total
- age   5:     135376 bytes,    6718664 total
- age   6:      74128 bytes,    6792792 total
- age   7:      73848 bytes,    6866640 total
- age   8:      68016 bytes,    6934656 total
: 91850K->8715K(109248K), 0.0227682 secs] 105722K->22657K(502464K), 0.0233132 secs] [Times: user=0.06 sys=0.00, real=0.03 secs] 
Heap after GC invocations=17 (full 0):
 par new generation   total 109248K, used 8715K [0x00000000dae00000, 0x00000000e2e00000, 0x00000000e2e00000)
  eden space 87424K,   0% used [0x00000000dae00000, 0x00000000dae00000, 0x00000000e0360000)
  from space 21824K,  39% used [0x00000000e18b0000, 0x00000000e2132f78, 0x00000000e2e00000)
  to   space 21824K,   0% used [0x00000000e0360000, 0x00000000e0360000, 0x00000000e18b0000)
 concurrent mark-sweep generation total 393216K, used 13941K [0x00000000e2e00000, 0x00000000fae00000, 0x00000000fae00000)
 concurrent-mark-sweep perm gen total 27776K, used 27740K [0x00000000fae00000, 0x00000000fc920000, 0x0000000100000000)
}
Total time for which application threads were stopped: 0.0620656 seconds
Total time for which application threads were stopped: 0.0091108 seconds
Total time for which application threads were stopped: 0.0002216 seconds
Total time for which application threads were stopped: 0.0001992 seconds
Total time for which application threads were stopped: 0.0001876 seconds
Total time for which application threads were stopped: 0.0004366 seconds
Total time for which application threads were stopped: 0.0003859 seconds
Total time for which application threads were stopped: 0.0014038 seconds
Total time for which application threads were stopped: 0.0001434 seconds
Total time for which application threads were stopped: 0.0001601 seconds
Total time for which application threads were stopped: 0.0000870 seconds
Total time for which application threads were stopped: 0.0000931 seconds
Total time for which application threads were stopped: 0.0001331 seconds
Total time for which application threads were stopped: 0.0663524 seconds
Total time for which application threads were stopped: 0.0001541 seconds
Total time for which application threads were stopped: 0.0005073 seconds
Total time for which application threads were stopped: 0.0090708 seconds
Total time for which application threads were stopped: 0.0012809 seconds
Total time for which application threads were stopped: 0.0004799 seconds
Total time for which application threads were stopped: 0.0001503 seconds
Total time for which application threads were stopped: 0.0183007 seconds
Total time for which application threads were stopped: 0.0001880 seconds
Total time for which application threads were stopped: 0.0162704 seconds
Total time for which application threads were stopped: 0.0001797 seconds
Total time for which application threads were stopped: 0.0003807 seconds
Total time for which application threads were stopped: 0.0002039 seconds
Total time for which application threads were stopped: 0.0001601 seconds
Total time for which application threads were stopped: 0.0372764 seconds
Total time for which application threads were stopped: 0.0002234 seconds
Total time for which application threads were stopped: 0.0002611 seconds
Total time for which application threads were stopped: 0.0003305 seconds
Total time for which application threads were stopped: 0.0001392 seconds
Total time for which application threads were stopped: 0.0001159 seconds
Total time for which application threads were stopped: 0.0004869 seconds
Total time for which application threads were stopped: 0.0001857 seconds
Total time for which application threads were stopped: 0.0001955 seconds
Total time for which application threads were stopped: 0.0003077 seconds
Total time for which application threads were stopped: 0.0001289 seconds
Total time for which application threads were stopped: 0.0013279 seconds
Total time for which application threads were stopped: 0.0001420 seconds
Total time for which application threads were stopped: 0.0002895 seconds
Total time for which application threads were stopped: 0.0011152 seconds
Total time for which application threads were stopped: 0.0175807 seconds
Total time for which application threads were stopped: 0.0001615 seconds
Total time for which application threads were stopped: 0.0017734 seconds
Total time for which application threads were stopped: 0.0001182 seconds
Total time for which application threads were stopped: 0.0002490 seconds
Total time for which application threads were stopped: 0.0001913 seconds
Total time for which application threads were stopped: 0.0014820 seconds
Total time for which application threads were stopped: 0.0003258 seconds
Total time for which application threads were stopped: 0.0001699 seconds
Total time for which application threads were stopped: 0.0051693 seconds
Total time for which application threads were stopped: 0.0019354 seconds
Total time for which application threads were stopped: 0.0001327 seconds
Total time for which application threads were stopped: 0.0000605 seconds
Total time for which application threads were stopped: 0.0003686 seconds
Total time for which application threads were stopped: 0.0001745 seconds
Total time for which application threads were stopped: 0.0000954 seconds
Total time for which application threads were stopped: 0.0001462 seconds
Total time for which application threads were stopped: 0.0001787 seconds
Total time for which application threads were stopped: 0.0003398 seconds
Total time for which application threads were stopped: 0.0001699 seconds
Total time for which application threads were stopped: 0.0000712 seconds
Total time for which application threads were stopped: 0.0000647 seconds
Total time for which application threads were stopped: 0.0000842 seconds
Total time for which application threads were stopped: 0.0001224 seconds
Total time for which application threads were stopped: 0.0001745 seconds
Total time for which application threads were stopped: 0.0001918 seconds
Total time for which application threads were stopped: 0.0039056 seconds
Total time for which application threads were stopped: 0.0002039 seconds
Total time for which application threads were stopped: 0.0610602 seconds
Total time for which application threads were stopped: 0.0002416 seconds
Total time for which application threads were stopped: 0.0369120 seconds
Total time for which application threads were stopped: 0.0001890 seconds
Total time for which application threads were stopped: 0.0003188 seconds
Total time for which application threads were stopped: 0.0002639 seconds
Total time for which application threads were stopped: 0.0002504 seconds
Total time for which application threads were stopped: 0.0001606 seconds
Total time for which application threads were stopped: 0.0003133 seconds
Total time for which application threads were stopped: 0.0001396 seconds
Total time for which application threads were stopped: 0.0001787 seconds
Total time for which application threads were stopped: 0.0003901 seconds
Total time for which application threads were stopped: 0.0003281 seconds
Total time for which application threads were stopped: 0.0001541 seconds
Total time for which application threads were stopped: 0.0003486 seconds
Total time for which application threads were stopped: 0.0004022 seconds
Total time for which application threads were stopped: 0.0001555 seconds
Total time for which application threads were stopped: 0.0003174 seconds
Total time for which application threads were stopped: 0.0004082 seconds
Total time for which application threads were stopped: 0.0001471 seconds
Total time for which application threads were stopped: 0.0001354 seconds
Total time for which application threads were stopped: 0.0001364 seconds
Total time for which application threads were stopped: 0.0001853 seconds
Total time for which application threads were stopped: 0.0001550 seconds
Total time for which application threads were stopped: 0.0003803 seconds
Total time for which application threads were stopped: 0.0004124 seconds
Total time for which application threads were stopped: 0.0003863 seconds
Total time for which application threads were stopped: 0.0001173 seconds
Total time for which application threads were stopped: 0.1726571 seconds
Total time for which application threads were stopped: 0.0001429 seconds
Total time for which application threads were stopped: 0.0053816 seconds
Total time for which application threads were stopped: 0.0018092 seconds
Total time for which application threads were stopped: 0.0001894 seconds
Total time for which application threads were stopped: 0.0032372 seconds
Total time for which application threads were stopped: 0.0001718 seconds
Total time for which application threads were stopped: 0.0001485 seconds
Total time for which application threads were stopped: 0.0010533 seconds
Total time for which application threads were stopped: 0.0001666 seconds
Total time for which application threads were stopped: 0.0001182 seconds
Total time for which application threads were stopped: 0.0003635 seconds
Total time for which application threads were stopped: 0.0004468 seconds
Total time for which application threads were stopped: 0.0001322 seconds
Total time for which application threads were stopped: 0.0001531 seconds
Total time for which application threads were stopped: 0.0001136 seconds
Total time for which application threads were stopped: 0.0005283 seconds
Total time for which application threads were stopped: 0.0003682 seconds
Total time for which application threads were stopped: 0.0001694 seconds
Total time for which application threads were stopped: 0.0001704 seconds
Total time for which application threads were stopped: 0.0001606 seconds
Total time for which application threads were stopped: 0.0001029 seconds
Total time for which application threads were stopped: 0.0003845 seconds
Total time for which application threads were stopped: 0.0003105 seconds
Total time for which application threads were stopped: 0.0003807 seconds
Total time for which application threads were stopped: 0.0001275 seconds
Total time for which application threads were stopped: 0.0002956 seconds
Total time for which application threads were stopped: 0.0003221 seconds
Total time for which application threads were stopped: 0.0003961 seconds
Total time for which application threads were stopped: 0.0001424 seconds
Total time for which application threads were stopped: 0.0003379 seconds
Total time for which application threads were stopped: 0.0005567 seconds
Total time for which application threads were stopped: 0.0002872 seconds
Total time for which application threads were stopped: 0.0003281 seconds
Total time for which application threads were stopped: 0.0003626 seconds
Total time for which application threads were stopped: 0.0002057 seconds
Total time for which application threads were stopped: 0.0003114 seconds
Total time for which application threads were stopped: 0.0001420 seconds
Total time for which application threads were stopped: 0.0002769 seconds
Total time for which application threads were stopped: 0.0001420 seconds
Total time for which application threads were stopped: 0.0002914 seconds
Total time for which application threads were stopped: 0.0001825 seconds
Total time for which application threads were stopped: 0.0002755 seconds
Total time for which application threads were stopped: 0.0006698 seconds
Total time for which application threads were stopped: 0.0003021 seconds
Total time for which application threads were stopped: 0.0001694 seconds
Total time for which application threads were stopped: 0.0000638 seconds
Total time for which application threads were stopped: 0.0001257 seconds
Total time for which application threads were stopped: 0.0002583 seconds
Total time for which application threads were stopped: 0.0003579 seconds
Total time for which application threads were stopped: 0.0002053 seconds
Total time for which application threads were stopped: 0.0003198 seconds
Total time for which application threads were stopped: 0.0001778 seconds
Total time for which application threads were stopped: 0.0003672 seconds
Total time for which application threads were stopped: 0.0001354 seconds
Total time for which application threads were stopped: 0.0004762 seconds
Total time for which application threads were stopped: 0.0002076 seconds
Total time for which application threads were stopped: 0.0009207 seconds
Total time for which application threads were stopped: 0.0001783 seconds
Total time for which application threads were stopped: 0.0004282 seconds
Total time for which application threads were stopped: 0.0004259 seconds
Total time for which application threads were stopped: 0.0004948 seconds
Total time for which application threads were stopped: 0.0004426 seconds
Total time for which application threads were stopped: 0.0014676 seconds
Total time for which application threads were stopped: 0.0003547 seconds
Total time for which application threads were stopped: 0.0003640 seconds
{Heap before GC invocations=17 (full 0):
 par new generation   total 109248K, used 96139K [0x00000000dae00000, 0x00000000e2e00000, 0x00000000e2e00000)
  eden space 87424K, 100% used [0x00000000dae00000, 0x00000000e0360000, 0x00000000e0360000)
  from space 21824K,  39% used [0x00000000e18b0000, 0x00000000e2132f78, 0x00000000e2e00000)
  to   space 21824K,   0% used [0x00000000e0360000, 0x00000000e0360000, 0x00000000e18b0000)
 concurrent mark-sweep generation total 393216K, used 13941K [0x00000000e2e00000, 0x00000000fae00000, 0x00000000fae00000)
 concurrent-mark-sweep perm gen total 31808K, used 31684K [0x00000000fae00000, 0x00000000fcd10000, 0x0000000100000000)
2015-04-28T19:28:53.077+0300: 6692.351: [GC 6692.351: [ParNew
Desired survivor size 20112992 bytes, new threshold 8 (max 8)
- age   1:    6840328 bytes,    6840328 total
- age   2:    2411560 bytes,    9251888 total
- age   3:    1428656 bytes,   10680544 total
- age   4:     253232 bytes,   10933776 total
- age   5:      67760 bytes,   11001536 total
- age   6:     135008 bytes,   11136544 total
- age   7:      74080 bytes,   11210624 total
- age   8:      73800 bytes,   11284424 total
: 96139K->14678K(109248K), 0.0478357 secs] 110081K->28688K(502464K), 0.0479949 secs] [Times: user=0.08 sys=0.02, real=0.05 secs] 
Heap after GC invocations=18 (full 0):
 par new generation   total 109248K, used 14678K [0x00000000dae00000, 0x00000000e2e00000, 0x00000000e2e00000)
  eden space 87424K,   0% used [0x00000000dae00000, 0x00000000dae00000, 0x00000000e0360000)
  from space 21824K,  67% used [0x00000000e0360000, 0x00000000e11b5ab0, 0x00000000e18b0000)
  to   space 21824K,   0% used [0x00000000e18b0000, 0x00000000e18b0000, 0x00000000e2e00000)
 concurrent mark-sweep generation total 393216K, used 14009K [0x00000000e2e00000, 0x00000000fae00000, 0x00000000fae00000)
 concurrent-mark-sweep perm gen total 31808K, used 31684K [0x00000000fae00000, 0x00000000fcd10000, 0x0000000100000000)
}
Total time for which application threads were stopped: 0.0489412 seconds
Total time for which application threads were stopped: 0.0001564 seconds
Total time for which application threads were stopped: 0.0009090 seconds
Total time for which application threads were stopped: 0.0006302 seconds
Total time for which application threads were stopped: 0.0005623 seconds
Total time for which application threads were stopped: 0.0002262 seconds
Total time for which application threads were stopped: 0.0002304 seconds
Total time for which application threads were stopped: 0.0002262 seconds
Total time for which application threads were stopped: 0.0001918 seconds
Total time for which application threads were stopped: 0.0004110 seconds
Total time for which application threads were stopped: 0.0008746 seconds
Total time for which application threads were stopped: 0.0002486 seconds
Total time for which application threads were stopped: 0.0004850 seconds
Total time for which application threads were stopped: 0.0002048 seconds
Total time for which application threads were stopped: 0.0001666 seconds
Total time for which application threads were stopped: 0.0001387 seconds
Total time for which application threads were stopped: 0.0002327 seconds
Total time for which application threads were stopped: 0.0003784 seconds
Total time for which application threads were stopped: 0.0003668 seconds
Total time for which application threads were stopped: 0.0002057 seconds
Total time for which application threads were stopped: 0.0001643 seconds
Total time for which application threads were stopped: 0.0001997 seconds
Total time for which application threads were stopped: 0.0001503 seconds
Total time for which application threads were stopped: 0.0001285 seconds
Total time for which application threads were stopped: 0.0002811 seconds
Total time for which application threads were stopped: 0.0002029 seconds
Total time for which application threads were stopped: 0.0001643 seconds
Total time for which application threads were stopped: 0.0001448 seconds
Total time for which application threads were stopped: 0.0002039 seconds
Total time for which application threads were stopped: 0.0001615 seconds
Total time for which application threads were stopped: 0.0002607 seconds
Total time for which application threads were stopped: 0.0002458 seconds
Total time for which application threads were stopped: 0.0002313 seconds
Total time for which application threads were stopped: 0.0001862 seconds
Total time for which application threads were stopped: 0.0005516 seconds
Total time for which application threads were stopped: 0.0001769 seconds
Total time for which application threads were stopped: 0.0001424 seconds
Total time for which application threads were stopped: 0.0005371 seconds
Total time for which application threads were stopped: 0.0011883 seconds
Total time for which application threads were stopped: 0.0005795 seconds
Total time for which application threads were stopped: 0.0005046 seconds
Total time for which application threads were stopped: 0.0007107 seconds
Total time for which application threads were stopped: 0.0005888 seconds
Total time for which application threads were stopped: 0.0001997 seconds
Total time for which application threads were stopped: 0.0002863 seconds
Total time for which application threads were stopped: 0.0004543 seconds
Total time for which app