2015-04-26T08:03:12.268+0300: 0.753: Total time for which application threads were stopped: 0.0002632 seconds
2015-04-26T08:03:15.275+0300: 3.759: Total time for which application threads were stopped: 0.0003255 seconds
2015-04-26T08:03:15.850+0300: 4.334: Total time for which application threads were stopped: 0.0003013 seconds
2015-04-26T08:03:19.402+0300: 7.886: Total time for which application threads were stopped: 0.0003365 seconds
2015-04-26T08:03:20.402+0300: 8.886: Total time for which application threads were stopped: 0.0003841 seconds
2015-04-26T08:03:21.304+0300: 9.789: Total time for which application threads were stopped: 0.0002280 seconds
2015-04-26T08:03:21.304+0300: 9.789: Total time for which application threads were stopped: 0.0001107 seconds
2015-04-26T08:03:21.305+0300: 9.789: Total time for which application threads were stopped: 0.0001019 seconds
2015-04-26T08:03:21.305+0300: 9.789: Total time for which application threads were stopped: 0.0000997 seconds
2015-04-26T08:03:21.305+0300: 9.789: Total time for which application threads were stopped: 0.0000990 seconds
2015-04-26T08:03:21.305+0300: 9.790: Total time for which application threads were stopped: 0.0000990 seconds
2015-04-26T08:03:21.305+0300: 9.790: Total time for which application threads were stopped: 0.0001928 seconds
2015-04-26T08:03:21.306+0300: 9.790: Total time for which application threads were stopped: 0.0001657 seconds
2015-04-26T08:03:21.306+0300: 9.790: Total time for which application threads were stopped: 0.0001554 seconds
2015-04-26T08:03:21.306+0300: 9.791: Total time for which application threads were stopped: 0.0001554 seconds
2015-04-26T08:03:21.306+0300: 9.791: Total time for which application threads were stopped: 0.0001547 seconds
2015-04-26T08:03:21.307+0300: 9.791: Total time for which application threads were stopped: 0.0001569 seconds
2015-04-26T08:03:21.307+0300: 9.791: Total time for which application threads were stopped: 0.0001503 seconds
2015-04-26T08:03:21.307+0300: 9.791: Total time for which application threads were stopped: 0.0001569 seconds
2015-04-26T08:03:21.307+0300: 9.792: Total time for which application threads were stopped: 0.0001561 seconds
2015-04-26T08:03:21.307+0300: 9.792: Total time for which application threads were stopped: 0.0001532 seconds
2015-04-26T08:03:21.308+0300: 9.792: Total time for which application threads were stopped: 0.0001554 seconds
2015-04-26T08:03:21.308+0300: 9.792: Total time for which application threads were stopped: 0.0001532 seconds
2015-04-26T08:03:21.308+0300: 9.793: Total time for which application threads were stopped: 0.0001583 seconds
2015-04-26T08:03:21.309+0300: 9.793: Total time for which application threads were stopped: 0.0003805 seconds
2015-04-26T08:03:21.309+0300: 9.794: Total time for which application threads were stopped: 0.0001715 seconds
2015-04-26T08:03:21.310+0300: 9.794: Total time for which application threads were stopped: 0.0001547 seconds
2015-04-26T08:03:21.310+0300: 9.794: Total time for which application threads were stopped: 0.0001576 seconds
2015-04-26T08:03:21.310+0300: 9.795: Total time for which application threads were stopped: 0.0001664 seconds
2015-04-26T08:03:21.322+0300: 9.807: Total time for which application threads were stopped: 0.0002185 seconds
2015-04-26T08:03:21.353+0300: 9.837: Total time for which application threads were stopped: 0.0002998 seconds
2015-04-26T08:03:21.437+0300: 9.922: Total time for which application threads were stopped: 0.0001752 seconds
2015-04-26T08:03:21.438+0300: 9.922: Total time for which application threads were stopped: 0.0001114 seconds
2015-04-26T08:03:21.806+0300: 10.290: Total time for which application threads were stopped: 0.0002888 seconds
2015-04-26T08:03:21.806+0300: 10.290: Total time for which application threads were stopped: 0.0001261 seconds
2015-04-26T08:03:21.806+0300: 10.291: Total time for which application threads were stopped: 0.0001092 seconds
2015-04-26T08:03:21.806+0300: 10.291: Total time for which application threads were stopped: 0.0001092 seconds
2015-04-26T08:03:21.806+0300: 10.291: Total time for which application threads were stopped: 0.0004457 seconds
2015-04-26T08:03:21.807+0300: 10.291: Total time for which application threads were stopped: 0.0001298 seconds
2015-04-26T08:03:21.807+0300: 10.292: Total time for which application threads were stopped: 0.0001107 seconds
2015-04-26T08:03:21.807+0300: 10.292: Total time for which application threads were stopped: 0.0001012 seconds
2015-04-26T08:03:21.808+0300: 10.292: Total time for which application threads were stopped: 0.0001950 seconds
2015-04-26T08:03:21.808+0300: 10.292: Total time for which application threads were stopped: 0.0001034 seconds
2015-04-26T08:03:21.808+0300: 10.292: Total time for which application threads were stopped: 0.0001026 seconds
2015-04-26T08:03:21.808+0300: 10.293: Total time for which application threads were stopped: 0.0001210 seconds
2015-04-26T08:03:21.808+0300: 10.293: Total time for which application threads were stopped: 0.0001048 seconds
2015-04-26T08:03:21.809+0300: 10.293: Total time for which application threads were stopped: 0.0001063 seconds
2015-04-26T08:03:21.809+0300: 10.293: Total time for which application threads were stopped: 0.0000990 seconds
2015-04-26T08:03:21.809+0300: 10.293: Total time for which application threads were stopped: 0.0000975 seconds
2015-04-26T08:03:21.809+0300: 10.293: Total time for which application threads were stopped: 0.0001034 seconds
2015-04-26T08:03:21.809+0300: 10.294: Total time for which application threads were stopped: 0.0001364 seconds
2015-04-26T08:03:21.809+0300: 10.294: Total time for which application threads were stopped: 0.0001144 seconds
2015-04-26T08:03:21.810+0300: 10.294: Total time for which application threads were stopped: 0.0004501 seconds
2015-04-26T08:03:21.967+0300: 10.451: Total time for which application threads were stopped: 0.0001781 seconds
{Heap before GC invocations=0 (full 0):
 par new generation   total 109248K, used 87424K [0x00000000dae00000, 0x00000000e2e00000, 0x00000000e2e00000)
  eden space 87424K, 100% used [0x00000000dae00000, 0x00000000e0360000, 0x00000000e0360000)
  from space 21824K,   0% used [0x00000000e0360000, 0x00000000e0360000, 0x00000000e18b0000)
  to   space 21824K,   0% used [0x00000000e18b0000, 0x00000000e18b0000, 0x00000000e2e00000)
 concurrent mark-sweep generation total 393216K, used 0K [0x00000000e2e00000, 0x00000000fae00000, 0x00000000fae00000)
 concurrent-mark-sweep perm gen total 21248K, used 16758K [0x00000000fae00000, 0x00000000fc2c0000, 0x0000000100000000)
2015-04-26T08:03:22.008+0300: 10.493: [GC2015-04-26T08:03:22.008+0300: 10.493: [ParNew
Desired survivor size 20112992 bytes, new threshold 8 (max 8)
- age   1:   12981824 bytes,   12981824 total
: 87424K->12807K(109248K), 0.1023875 secs] 87424K->12807K(502464K), 0.1026463 secs] [Times: user=0.25 sys=0.05, real=0.10 secs] 
Heap after GC invocations=1 (full 0):
 par new generation   total 109248K, used 12807K [0x00000000dae00000, 0x00000000e2e00000, 0x00000000e2e00000)
  eden space 87424K,   0% used [0x00000000dae00000, 0x00000000dae00000, 0x00000000e0360000)
  from space 21824K,  58% used [0x00000000e18b0000, 0x00000000e2531fb0, 0x00000000e2e00000)
  to   space 21824K,   0% used [0x00000000e0360000, 0x00000000e0360000, 0x00000000e18b0000)
 concurrent mark-sweep generation total 393216K, used 0K [0x00000000e2e00000, 0x00000000fae00000, 0x00000000fae00000)
 concurrent-mark-sweep perm gen total 21248K, used 16758K [0x00000000fae00000, 0x00000000fc2c0000, 0x0000000100000000)
}
2015-04-26T08:03:22.111+0300: 10.596: Total time for which application threads were stopped: 0.1079076 seconds
2015-04-26T08:03:22.114+0300: 10.598: Total time for which application threads were stopped: 0.0001620 seconds
2015-04-26T08:03:22.145+0300: 10.629: Total time for which application threads were stopped: 0.0305303 seconds
2015-04-26T08:03:22.145+0300: 10.629: Total time for which application threads were stopped: 0.0001327 seconds
2015-04-26T08:03:22.157+0300: 10.642: Total time for which application threads were stopped: 0.0013723 seconds
2015-04-26T08:03:22.157+0300: 10.642: Total time for which application threads were stopped: 0.0001085 seconds
2015-04-26T08:03:22.158+0300: 10.642: Total time for which application threads were stopped: 0.0003394 seconds
2015-04-26T08:03:22.159+0300: 10.644: Total time for which application threads were stopped: 0.0010835 seconds
2015-04-26T08:03:22.159+0300: 10.644: Total time for which application threads were stopped: 0.0001356 seconds
2015-04-26T08:03:22.160+0300: 10.644: Total time for which application threads were stopped: 0.0001935 seconds
2015-04-26T08:03:22.160+0300: 10.644: Total time for which application threads were stopped: 0.0001158 seconds
2015-04-26T08:03:22.162+0300: 10.647: Total time for which application threads were stopped: 0.0001451 seconds
2015-04-26T08:03:22.163+0300: 10.647: Total time for which application threads were stopped: 0.0001481 seconds
2015-04-26T08:03:22.163+0300: 10.647: Total time for which application threads were stopped: 0.0001459 seconds
2015-04-26T08:03:22.163+0300: 10.648: Total time for which application threads were stopped: 0.0001100 seconds
2015-04-26T08:03:22.163+0300: 10.648: Total time for which application threads were stopped: 0.0001173 seconds
2015-04-26T08:03:22.168+0300: 10.652: Total time for which application threads were stopped: 0.0041646 seconds
2015-04-26T08:03:22.169+0300: 10.654: Total time for which application threads were stopped: 0.0001649 seconds
2015-04-26T08:03:22.169+0300: 10.654: Total time for which application threads were stopped: 0.0000982 seconds
2015-04-26T08:03:22.170+0300: 10.654: Total time for which application threads were stopped: 0.0000997 seconds
2015-04-26T08:03:22.170+0300: 10.654: Total time for which application threads were stopped: 0.0000953 seconds
2015-04-26T08:03:22.170+0300: 10.654: Total time for which application threads were stopped: 0.0000968 seconds
2015-04-26T08:03:22.171+0300: 10.655: Total time for which application threads were stopped: 0.0006407 seconds
2015-04-26T08:03:22.173+0300: 10.658: Total time for which application threads were stopped: 0.0003541 seconds
2015-04-26T08:03:22.175+0300: 10.659: Total time for which application threads were stopped: 0.0001495 seconds
2015-04-26T08:03:22.175+0300: 10.660: Total time for which application threads were stopped: 0.0001283 seconds
2015-04-26T08:03:22.175+0300: 10.660: Total time for which application threads were stopped: 0.0000990 seconds
2015-04-26T08:03:22.176+0300: 10.660: Total time for which application threads were stopped: 0.0001232 seconds
2015-04-26T08:03:22.176+0300: 10.660: Total time for which application threads were stopped: 0.0001459 seconds
2015-04-26T08:03:22.179+0300: 10.664: Total time for which application threads were stopped: 0.0001437 seconds
2015-04-26T08:03:22.179+0300: 10.664: Total time for which application threads were stopped: 0.0001254 seconds
2015-04-26T08:03:22.180+0300: 10.664: Total time for which application threads were stopped: 0.0001283 seconds
2015-04-26T08:03:22.180+0300: 10.665: Total time for which application threads were stopped: 0.0001078 seconds
2015-04-26T08:03:22.180+0300: 10.665: Total time for which application threads were stopped: 0.0000916 seconds
2015-04-26T08:03:22.181+0300: 10.665: Total time for which application threads were stopped: 0.0000880 seconds
2015-04-26T08:03:22.181+0300: 10.665: Total time for which application threads were stopped: 0.0001144 seconds
2015-04-26T08:03:22.181+0300: 10.665: Total time for which application threads were stopped: 0.0000968 seconds
2015-04-26T08:03:22.181+0300: 10.666: Total time for which application threads were stopped: 0.0001239 seconds
2015-04-26T08:03:22.181+0300: 10.666: Total time for which application threads were stopped: 0.0001114 seconds
2015-04-26T08:03:22.182+0300: 10.666: Total time for which application threads were stopped: 0.0000872 seconds
2015-04-26T08:03:22.182+0300: 10.666: Total time for which application threads were stopped: 0.0000924 seconds
2015-04-26T08:03:22.182+0300: 10.666: Total time for which application threads were stopped: 0.0001100 seconds
2015-04-26T08:03:22.183+0300: 10.667: Total time for which application threads were stopped: 0.0004457 seconds
2015-04-26T08:03:22.186+0300: 10.670: Total time for which application threads were stopped: 0.0010410 seconds
2015-04-26T08:03:22.186+0300: 10.671: Total time for which application threads were stopped: 0.0001422 seconds
2015-04-26T08:03:22.188+0300: 10.673: Total time for which application threads were stopped: 0.0002360 seconds
2015-04-26T08:03:22.190+0300: 10.675: Total time for which application threads were stopped: 0.0001847 seconds
2015-04-26T08:03:22.194+0300: 10.678: Total time for which application threads were stopped: 0.0002243 seconds
2015-04-26T08:03:22.195+0300: 10.680: Total time for which application threads were stopped: 0.0001803 seconds
2015-04-26T08:03:22.198+0300: 10.682: Total time for which application threads were stopped: 0.0001415 seconds
2015-04-26T08:03:22.198+0300: 10.682: Total time for which application threads were stopped: 0.0001085 seconds
2015-04-26T08:03:22.201+0300: 10.685: Total time for which application threads were stopped: 0.0003116 seconds
2015-04-26T08:03:22.203+0300: 10.687: Total time for which application threads were stopped: 0.0006979 seconds
2015-04-26T08:03:22.205+0300: 10.689: Total time for which application threads were stopped: 0.0007573 seconds
2015-04-26T08:03:22.205+0300: 10.690: Total time for which application threads were stopped: 0.0001972 seconds
2015-04-26T08:03:22.205+0300: 10.690: Total time for which application threads were stopped: 0.0001847 seconds
2015-04-26T08:03:22.206+0300: 10.690: Total time for which application threads were stopped: 0.0001847 seconds
2015-04-26T08:03:22.206+0300: 10.691: Total time for which application threads were stopped: 0.0001605 seconds
2015-04-26T08:03:22.206+0300: 10.691: Total time for which application threads were stopped: 0.0001737 seconds
2015-04-26T08:03:22.207+0300: 10.691: Total time for which application threads were stopped: 0.0001921 seconds
2015-04-26T08:03:22.207+0300: 10.691: Total time for which application threads were stopped: 0.0001789 seconds
2015-04-26T08:03:22.207+0300: 10.692: Total time for which application threads were stopped: 0.0001869 seconds
2015-04-26T08:03:22.208+0300: 10.692: Total time for which application threads were stopped: 0.0002558 seconds
2015-04-26T08:03:22.208+0300: 10.692: Total time for which application threads were stopped: 0.0001899 seconds
2015-04-26T08:03:22.221+0300: 10.705: Total time for which application threads were stopped: 0.0002199 seconds
2015-04-26T08:03:22.221+0300: 10.706: Total time for which application threads were stopped: 0.0001825 seconds
2015-04-26T08:03:22.222+0300: 10.706: Total time for which application threads were stopped: 0.0004824 seconds
2015-04-26T08:03:22.222+0300: 10.707: Total time for which application threads were stopped: 0.0001913 seconds
2015-04-26T08:03:22.223+0300: 10.707: Total time for which application threads were stopped: 0.0001921 seconds
2015-04-26T08:03:22.223+0300: 10.708: Total time for which application threads were stopped: 0.0004472 seconds
2015-04-26T08:03:22.223+0300: 10.708: Total time for which application threads were stopped: 0.0001525 seconds
2015-04-26T08:03:22.224+0300: 10.708: Total time for which application threads were stopped: 0.0002126 seconds
2015-04-26T08:03:22.224+0300: 10.708: Total time for which application threads were stopped: 0.0001517 seconds
2015-04-26T08:03:22.225+0300: 10.709: Total time for which application threads were stopped: 0.0001598 seconds
2015-04-26T08:03:22.225+0300: 10.709: Total time for which application threads were stopped: 0.0001752 seconds
2015-04-26T08:03:22.225+0300: 10.709: Total time for which application threads were stopped: 0.0001063 seconds
2015-04-26T08:03:22.225+0300: 10.710: Total time for which application threads were stopped: 0.0001407 seconds
2015-04-26T08:03:22.225+0300: 10.710: Total time for which application threads were stopped: 0.0001327 seconds
2015-04-26T08:03:22.226+0300: 10.710: Total time for which application threads were stopped: 0.0001701 seconds
2015-04-26T08:03:22.226+0300: 10.710: Total time for which application threads were stopped: 0.0001386 seconds
2015-04-26T08:03:22.226+0300: 10.711: Total time for which application threads were stopped: 0.0003138 seconds
2015-04-26T08:03:22.840+0300: 11.325: Total time for which application threads were stopped: 0.0003233 seconds
2015-04-26T08:03:22.910+0300: 11.395: Total time for which application threads were stopped: 0.0001649 seconds
2015-04-26T08:03:24.291+0300: 12.774: Total time for which application threads were stopped: 0.0002903 seconds
2015-04-26T08:03:24.310+0300: 12.794: Total time for which application threads were stopped: 0.0001195 seconds
2015-04-26T08:03:24.314+0300: 12.797: Total time for which application threads were stopped: 0.0001320 seconds
2015-04-26T08:03:24.316+0300: 12.799: Total time for which application threads were stopped: 0.0001151 seconds
2015-04-26T08:03:24.316+0300: 12.800: Total time for which application threads were stopped: 0.0001092 seconds
2015-04-26T08:03:24.317+0300: 12.800: Total time for which application threads were stopped: 0.0000872 seconds
2015-04-26T08:03:24.318+0300: 12.802: Total time for which application threads were stopped: 0.0000990 seconds
2015-04-26T08:03:24.319+0300: 12.803: Total time for which application threads were stopped: 0.0000836 seconds
2015-04-26T08:03:24.321+0300: 12.805: Total time for which application threads were stopped: 0.0001217 seconds
2015-04-26T08:03:24.322+0300: 12.805: Total time for which application threads were stopped: 0.0000821 seconds
2015-04-26T08:03:24.322+0300: 12.805: Total time for which application threads were stopped: 0.0001012 seconds
2015-04-26T08:03:24.322+0300: 12.806: Total time for which application threads were stopped: 0.0000770 seconds
2015-04-26T08:03:24.324+0300: 12.808: Total time for which application threads were stopped: 0.0001715 seconds
2015-04-26T08:03:24.324+0300: 12.808: Total time for which application threads were stopped: 0.0001503 seconds
2015-04-26T08:03:24.330+0300: 12.813: Total time for which application threads were stopped: 0.0001598 seconds
2015-04-26T08:03:24.330+0300: 12.814: Total time for which application threads were stopped: 0.0001224 seconds
2015-04-26T08:03:24.331+0300: 12.814: Total time for which application threads were stopped: 0.0001605 seconds
2015-04-26T08:03:24.335+0300: 12.818: Total time for which application threads were stopped: 0.0001693 seconds
2015-04-26T08:03:24.355+0300: 12.838: Total time for which application threads were stopped: 0.0001503 seconds
2015-04-26T08:03:24.355+0300: 12.838: Total time for which application threads were stopped: 0.0000777 seconds
2015-04-26T08:03:24.355+0300: 12.839: Total time for which application threads were stopped: 0.0000682 seconds
2015-04-26T08:03:24.357+0300: 12.841: Total time for which application threads were stopped: 0.0001070 seconds
2015-04-26T08:03:24.358+0300: 12.841: Total time for which application threads were stopped: 0.0001063 seconds
2015-04-26T08:03:24.359+0300: 12.842: Total time for which application threads were stopped: 0.0000880 seconds
2015-04-26T08:03:24.359+0300: 12.842: Total time for which application threads were stopped: 0.0000733 seconds
2015-04-26T08:03:24.384+0300: 12.868: Total time for which application threads were stopped: 0.0001151 seconds
2015-04-26T08:03:24.392+0300: 12.875: Total time for which application threads were stopped: 0.0001400 seconds
2015-04-26T08:03:24.414+0300: 12.897: Total time for which application threads were stopped: 0.0001459 seconds
2015-04-26T08:03:24.431+0300: 12.914: Total time for which application threads were stopped: 0.0001407 seconds
2015-04-26T08:03:24.433+0300: 12.916: Total time for which application threads were stopped: 0.0001056 seconds
2015-04-26T08:03:24.439+0300: 12.922: Total time for which application threads were stopped: 0.0000975 seconds
2015-04-26T08:03:24.447+0300: 12.930: Total time for which application threads were stopped: 0.0001041 seconds
2015-04-26T08:03:24.473+0300: 12.956: Total time for which application threads were stopped: 0.0001510 seconds
2015-04-26T08:03:24.475+0300: 12.958: Total time for which application threads were stopped: 0.0001202 seconds
2015-04-26T08:03:24.479+0300: 12.963: Total time for which application threads were stopped: 0.0003497 seconds
2015-04-26T08:03:25.515+0300: 13.999: Total time for which application threads were stopped: 0.0002207 seconds
2015-04-26T08:03:25.563+0300: 14.046: Total time for which application threads were stopped: 0.0001591 seconds
2015-04-26T08:03:25.567+0300: 14.051: Total time for which application threads were stopped: 0.0014456 seconds
2015-04-26T08:03:25.577+0300: 14.061: Total time for which application threads were stopped: 0.0001129 seconds
2015-04-26T08:03:25.580+0300: 14.063: Total time for which application threads were stopped: 0.0000938 seconds
2015-04-26T08:03:25.746+0300: 14.229: Total time for which application threads were stopped: 0.0003665 seconds
2015-04-26T08:03:25.752+0300: 14.236: Total time for which application threads were stopped: 0.0002170 seconds
2015-04-26T08:03:25.753+0300: 14.236: Total time for which application threads were stopped: 0.0001393 seconds
2015-04-26T08:03:25.760+0300: 14.243: Total time for which application threads were stopped: 0.0001532 seconds
2015-04-26T08:03:25.760+0300: 14.243: Total time for which application threads were stopped: 0.0001811 seconds
2015-04-26T08:03:25.766+0300: 14.249: Total time for which application threads were stopped: 0.0001972 seconds
2015-04-26T08:03:25.766+0300: 14.249: Total time for which application threads were stopped: 0.0001312 seconds
2015-04-26T08:03:25.766+0300: 14.250: Total time for which application threads were stopped: 0.0001671 seconds
2015-04-26T08:03:25.767+0300: 14.250: Total time for which application threads were stopped: 0.0001246 seconds
2015-04-26T08:03:25.772+0300: 14.256: Total time for which application threads were stopped: 0.0001884 seconds
2015-04-26T08:03:25.772+0300: 14.256: Total time for which application threads were stopped: 0.0001459 seconds
2015-04-26T08:03:25.773+0300: 14.256: Total time for which application threads were stopped: 0.0001708 seconds
2015-04-26T08:03:25.773+0300: 14.257: Total time for which application threads were stopped: 0.0001312 seconds
2015-04-26T08:03:25.786+0300: 14.269: Total time for which application threads were stopped: 0.0001759 seconds
2015-04-26T08:03:25.799+0300: 14.283: Total time for which application threads were stopped: 0.0001407 seconds
2015-04-26T08:03:25.804+0300: 14.288: Total time for which application threads were stopped: 0.0001276 seconds
2015-04-26T08:03:25.808+0300: 14.292: Total time for which application threads were stopped: 0.0001657 seconds
2015-04-26T08:03:25.809+0300: 14.293: Total time for which application threads were stopped: 0.0001862 seconds
2015-04-26T08:03:25.811+0300: 14.295: Total time for which application threads were stopped: 0.0001554 seconds
2015-04-26T08:03:25.812+0300: 14.295: Total time for which application threads were stopped: 0.0001789 seconds
2015-04-26T08:03:25.813+0300: 14.297: Total time for which application threads were stopped: 0.0001517 seconds
2015-04-26T08:03:25.813+0300: 14.297: Total time for which application threads were stopped: 0.0001737 seconds
2015-04-26T08:03:25.816+0300: 14.300: Total time for which application threads were stopped: 0.0001620 seconds
2015-04-26T08:03:25.816+0300: 14.300: Total time for which application threads were stopped: 0.0001583 seconds
2015-04-26T08:03:25.817+0300: 14.301: Total time for which application threads were stopped: 0.0001774 seconds
2015-04-26T08:03:25.817+0300: 14.301: Total time for which application threads were stopped: 0.0001635 seconds
2015-04-26T08:03:25.818+0300: 14.301: Total time for which application threads were stopped: 0.0001517 seconds
2015-04-26T08:03:25.822+0300: 14.305: Total time for which application threads were stopped: 0.0001862 seconds
2015-04-26T08:03:25.827+0300: 14.310: Total time for which application threads were stopped: 0.0001620 seconds
2015-04-26T08:03:25.828+0300: 14.312: Total time for which application threads were stopped: 0.0001877 seconds
2015-04-26T08:03:25.828+0300: 14.312: Total time for which application threads were stopped: 0.0001510 seconds
2015-04-26T08:03:25.830+0300: 14.313: Total time for which application threads were stopped: 0.0001298 seconds
2015-04-26T08:03:25.830+0300: 14.313: Total time for which application threads were stopped: 0.0001642 seconds
2015-04-26T08:03:25.831+0300: 14.314: Total time for which application threads were stopped: 0.0001869 seconds
2015-04-26T08:03:25.852+0300: 14.336: Total time for which application threads were stopped: 0.0001825 seconds
2015-04-26T08:03:25.853+0300: 14.336: Total time for which application threads were stopped: 0.0001305 seconds
2015-04-26T08:03:25.854+0300: 14.337: Total time for which application threads were stopped: 0.0001320 seconds
2015-04-26T08:03:25.854+0300: 14.337: Total time for which application threads were stopped: 0.0001151 seconds
2015-04-26T08:03:25.855+0300: 14.338: Total time for which application threads were stopped: 0.0001268 seconds
2015-04-26T08:03:25.869+0300: 14.352: Total time for which application threads were stopped: 0.0002434 seconds
2015-04-26T08:03:25.869+0300: 14.353: Total time for which application threads were stopped: 0.0001723 seconds
2015-04-26T08:03:25.869+0300: 14.353: Total time for which application threads were stopped: 0.0001598 seconds
2015-04-26T08:03:25.870+0300: 14.353: Total time for which application threads were stopped: 0.0001473 seconds
2015-04-26T08:03:25.870+0300: 14.354: Total time for which application threads were stopped: 0.0001686 seconds
2015-04-26T08:03:25.884+0300: 14.367: Total time for which application threads were stopped: 0.0001979 seconds
2015-04-26T08:03:25.884+0300: 14.367: Total time for which application threads were stopped: 0.0001620 seconds
2015-04-26T08:03:25.884+0300: 14.368: Total time for which application threads were stopped: 0.0001752 seconds
2015-04-26T08:03:25.885+0300: 14.368: Total time for which application threads were stopped: 0.0001532 seconds
2015-04-26T08:03:25.979+0300: 14.463: Total time for which application threads were stopped: 0.0001840 seconds
2015-04-26T08:03:25.980+0300: 14.464: Total time for which application threads were stopped: 0.0001495 seconds
2015-04-26T08:03:25.982+0300: 14.465: Total time for which application threads were stopped: 0.0001466 seconds
2015-04-26T08:03:25.982+0300: 14.465: Total time for which application threads were stopped: 0.0001195 seconds
2015-04-26T08:03:25.982+0300: 14.466: Total time for which application threads were stopped: 0.0001180 seconds
2015-04-26T08:03:26.066+0300: 14.550: Total time for which application threads were stopped: 0.0002456 seconds
2015-04-26T08:03:26.242+0300: 14.726: Total time for which application threads were stopped: 0.0002888 seconds
2015-04-26T08:03:27.242+0300: 15.726: Total time for which application threads were stopped: 0.0007954 seconds
2015-04-26T08:03:27.581+0300: 16.072: Total time for which application threads were stopped: 0.0002602 seconds
2015-04-26T08:03:27.584+0300: 16.074: Total time for which application threads were stopped: 0.0002119 seconds
2015-04-26T08:03:27.584+0300: 16.075: Total time for which application threads were stopped: 0.0001950 seconds
2015-04-26T08:03:27.587+0300: 16.077: Total time for which application threads were stopped: 0.0001613 seconds
2015-04-26T08:03:27.621+0300: 16.111: Total time for which application threads were stopped: 0.0001422 seconds
2015-04-26T08:03:27.625+0300: 16.116: Total time for which application threads were stopped: 0.0001459 seconds
2015-04-26T08:03:27.647+0300: 16.137: Total time for which application threads were stopped: 0.0002463 seconds
2015-04-26T08:03:27.992+0300: 16.483: Total time for which application threads were stopped: 0.0003526 seconds
2015-04-26T08:03:27.993+0300: 16.483: Total time for which application threads were stopped: 0.0001525 seconds
2015-04-26T08:03:27.993+0300: 16.484: Total time for which application threads were stopped: 0.0001400 seconds
2015-04-26T08:03:27.994+0300: 16.485: Total time for which application threads were stopped: 0.0001444 seconds
2015-04-26T08:03:27.995+0300: 16.485: Total time for which application threads were stopped: 0.0001833 seconds
2015-04-26T08:03:28.023+0300: 16.513: Total time for which application threads were stopped: 0.0002324 seconds
2015-04-26T08:03:28.023+0300: 16.513: Total time for which application threads were stopped: 0.0001671 seconds
2015-04-26T08:03:28.025+0300: 16.516: Total time for which application threads were stopped: 0.0001759 seconds
2015-04-26T08:03:28.049+0300: 16.539: Total time for which application threads were stopped: 0.0001569 seconds
2015-04-26T08:03:28.053+0300: 16.544: Total time for which application threads were stopped: 0.0001723 seconds
2015-04-26T08:03:28.056+0300: 16.547: Total time for which application threads were stopped: 0.0001759 seconds
2015-04-26T08:03:28.060+0300: 16.550: Total time for which application threads were stopped: 0.0001525 seconds
2015-04-26T08:03:28.069+0300: 16.560: Total time for which application threads were stopped: 0.0002163 seconds
{Heap before GC invocations=1 (full 0):
 par new generation   total 109248K, used 100231K [0x00000000dae00000, 0x00000000e2e00000, 0x00000000e2e00000)
  eden space 87424K, 100% used [0x00000000dae00000, 0x00000000e0360000, 0x00000000e0360000)
  from space 21824K,  58% used [0x00000000e18b0000, 0x00000000e2531fb0, 0x00000000e2e00000)
  to   space 21824K,   0% used [0x00000000e0360000, 0x00000000e0360000, 0x00000000e18b0000)
 concurrent mark-sweep generation total 393216K, used 0K [0x00000000e2e00000, 0x00000000fae00000, 0x00000000fae00000)
 concurrent-mark-sweep perm gen total 21248K, used 20644K [0x00000000fae00000, 0x00000000fc2c0000, 0x0000000100000000)
2015-04-26T08:03:28.219+0300: 16.710: [GC2015-04-26T08:03:28.219+0300: 16.710: [ParNew
Desired survivor size 20112992 bytes, new threshold 8 (max 8)
- age   1:    4731624 bytes,    4731624 total
- age   2:    4398272 bytes,    9129896 total
: 100231K->14235K(109248K), 0.0593173 secs] 100231K->14235K(502464K), 0.0595541 secs] [Times: user=0.16 sys=0.03, real=0.06 secs] 
Heap after GC invocations=2 (full 0):
 par new generation   total 109248K, used 14235K [0x00000000dae00000, 0x00000000e2e00000, 0x00000000e2e00000)
  eden space 87424K,   0% used [0x00000000dae00000, 0x00000000dae00000, 0x00000000e0360000)
  from space 21824K,  65% used [0x00000000e0360000, 0x00000000e1146d40, 0x00000000e18b0000)
  to   space 21824K,   0% used [0x00000000e18b0000, 0x00000000e18b0000, 0x00000000e2e00000)
 concurrent mark-sweep generation total 393216K, used 0K [0x00000000e2e00000, 0x00000000fae00000, 0x00000000fae00000)
 concurrent-mark-sweep perm gen total 21248K, used 20644K [0x00000000fae00000, 0x00000000fc2c0000, 0x0000000100000000)
}
2015-04-26T08:03:28.279+0300: 16.770: Total time for which application threads were stopped: 0.0600826 seconds
2015-04-26T08:03:28.285+0300: 16.776: Total time for which application threads were stopped: 0.0002727 seconds
2015-04-26T08:03:28.286+0300: 16.777: Total time for which application threads were stopped: 0.0001342 seconds
2015-04-26T08:03:28.288+0300: 16.778: Total time for which application threads were stopped: 0.0001056 seconds
2015-04-26T08:03:28.288+0300: 16.779: Total time for which application threads were stopped: 0.0001173 seconds
2015-04-26T08:03:28.288+0300: 16.779: Total time for which application threads were stopped: 0.0000740 seconds
2015-04-26T08:03:28.289+0300: 16.779: Total time for which application threads were stopped: 0.0000696 seconds
2015-04-26T08:03:28.292+0300: 16.782: Total time for which application threads were stopped: 0.0001825 seconds
2015-04-26T08:03:28.489+0300: 16.980: Total time for which application threads were stopped: 0.0002339 seconds
2015-04-26T08:03:28.489+0300: 16.980: Total time for which application threads were stopped: 0.0001928 seconds
2015-04-26T08:03:28.492+0300: 16.982: Total time for which application threads were stopped: 0.0002141 seconds
2015-04-26T08:03:28.494+0300: 16.984: Total time for which application threads were stopped: 0.0003621 seconds
2015-04-26T08:03:28.494+0300: 16.985: Total time for which application threads were stopped: 0.0001935 seconds
2015-04-26T08:03:28.497+0300: 16.988: Total time for which application threads were stopped: 0.0002185 seconds
2015-04-26T08:03:28.524+0300: 17.015: Total time for which application threads were stopped: 0.0001122 seconds
2015-04-26T08:03:28.524+0300: 17.015: Total time for which application threads were stopped: 0.0000652 seconds
2015-04-26T08:03:28.525+0300: 17.015: Total time for which application threads were stopped: 0.0000638 seconds
2015-04-26T08:03:28.525+0300: 17.015: Total time for which application threads were stopped: 0.0000623 seconds
2015-04-26T08:03:28.525+0300: 17.016: Total time for which application threads were stopped: 0.0000638 seconds
2015-04-26T08:03:28.666+0300: 17.157: Total time for which application threads were stopped: 0.0001679 seconds
2015-04-26T08:03:28.667+0300: 17.157: Total time for which application threads were stopped: 0.0003321 seconds
2015-04-26T08:03:28.667+0300: 17.158: Total time for which application threads were stopped: 0.0001136 seconds
{Heap before GC invocations=2 (full 0):
 par new generation   total 109248K, used 101659K [0x00000000dae00000, 0x00000000e2e00000, 0x00000000e2e00000)
  eden space 87424K, 100% used [0x00000000dae00000, 0x00000000e0360000, 0x00000000e0360000)
  from space 21824K,  65% used [0x00000000e0360000, 0x00000000e1146d40, 0x00000000e18b0000)
  to   space 21824K,   0% used [0x00000000e18b0000, 0x00000000e18b0000, 0x00000000e2e00000)
 concurrent mark-sweep generation total 393216K, used 0K [0x00000000e2e00000, 0x00000000fae00000, 0x00000000fae00000)
 concurrent-mark-sweep perm gen total 21248K, used 21244K [0x00000000fae00000, 0x00000000fc2c0000, 0x0000000100000000)
2015-04-26T08:03:29.178+0300: 17.669: [GC2015-04-26T08:03:29.178+0300: 17.669: [ParNew
Desired survivor size 20112992 bytes, new threshold 8 (max 8)
- age   1:     816944 bytes,     816944 total
- age   2:    2431736 bytes,    3248680 total
- age   3:    4392504 bytes,    7641184 total
: 101659K->9018K(109248K), 0.0809188 secs] 101659K->9018K(502464K), 0.0812963 secs] [Times: user=0.14 sys=0.00, real=0.08 secs] 
Heap after GC invocations=3 (full 0):
 par new generation   total 109248K, used 9018K [0x00000000dae00000, 0x00000000e2e00000, 0x00000000e2e00000)
  eden space 87424K,   0% used [0x00000000dae00000, 0x00000000dae00000, 0x00000000e0360000)
  from space 21824K,  41% used [0x00000000e18b0000, 0x00000000e217eb18, 0x00000000e2e00000)
  to   space 21824K,   0% used [0x00000000e0360000, 0x00000000e0360000, 0x00000000e18b0000)
 concurrent mark-sweep generation total 393216K, used 0K [0x00000000e2e00000, 0x00000000fae00000, 0x00000000fae00000)
 concurrent-mark-sweep perm gen total 21248K, used 21244K [0x00000000fae00000, 0x00000000fc2c0000, 0x0000000100000000)
}
2015-04-26T08:03:29.260+0300: 17.750: Total time for which application threads were stopped: 0.0821489 seconds
2015-04-26T08:03:29.263+0300: 17.754: Total time for which application threads were stopped: 0.0001891 seconds
2015-04-26T08:03:29.949+0300: 18.440: Total time for which application threads were stopped: 0.0007272 seconds
2015-04-26T08:03:29.950+0300: 18.441: Total time for which application threads were stopped: 0.0002214 seconds
{Heap before GC invocations=3 (full 0):
 par new generation   total 109248K, used 96442K [0x00000000dae00000, 0x00000000e2e00000, 0x00000000e2e00000)
  eden space 87424K, 100% used [0x00000000dae00000, 0x00000000e0360000, 0x00000000e0360000)
  from space 21824K,  41% used [0x00000000e18b0000, 0x00000000e217eb18, 0x00000000e2e00000)
  to   space 21824K,   0% used [0x00000000e0360000, 0x00000000e0360000, 0x00000000e18b0000)
 concurrent mark-sweep generation total 393216K, used 0K [0x00000000e2e00000, 0x00000000fae00000, 0x00000000fae00000)
 concurrent-mark-sweep perm gen total 22016K, used 21919K [0x00000000fae00000, 0x00000000fc380000, 0x0000000100000000)
2015-04-26T08:03:30.637+0300: 19.128: [GC2015-04-26T08:03:30.638+0300: 19.128: [ParNew
Desired survivor size 20112992 bytes, new threshold 8 (max 8)
- age   1:     467048 bytes,     467048 total
- age   2:     136824 bytes,     603872 total
- age   3:    2421752 bytes,    3025624 total
- age   4:    4391672 bytes,    7417296 total
: 96442K->9898K(109248K), 0.0430944 secs] 96442K->9898K(502464K), 0.0433459 secs] [Times: user=0.17 sys=0.00, real=0.04 secs] 
Heap after GC invocations=4 (full 0):
 par new generation   total 109248K, used 9898K [0x00000000dae00000, 0x00000000e2e00000, 0x00000000e2e00000)
  eden space 87424K,   0% used [0x00000000dae00000, 0x00000000dae00000, 0x00000000e0360000)
  from space 21824K,  45% used [0x00000000e0360000, 0x00000000e0d0a820, 0x00000000e18b0000)
  to   space 21824K,   0% used [0x00000000e18b0000, 0x00000000e18b0000, 0x00000000e2e00000)
 concurrent mark-sweep generation total 393216K, used 0K [0x00000000e2e00000, 0x00000000fae00000, 0x00000000fae00000)
 concurrent-mark-sweep perm gen total 22016K, used 21919K [0x00000000fae00000, 0x00000000fc380000, 0x0000000100000000)
}
2015-04-26T08:03:30.681+0300: 19.172: Total time for which application threads were stopped: 0.0442336 seconds
2015-04-26T08:03:30.929+0300: 19.419: Total time for which application threads were stopped: 0.0002441 seconds
2015-04-26T08:03:31.165+0300: 19.656: Total time for which application threads were stopped: 0.0005168 seconds
2015-04-26T08:03:31.184+0300: 19.675: Total time for which application threads were stopped: 0.0001818 seconds
2015-04-26T08:03:31.219+0300: 19.710: Total time for which application threads were stopped: 0.0001803 seconds
2015-04-26T08:03:31.264+0300: 19.755: Total time for which application threads were stopped: 0.0001979 seconds
2015-04-26T08:03:31.305+0300: 19.795: Total time for which application threads were stopped: 0.0002009 seconds
2015-04-26T08:03:31.387+0300: 19.878: Total time for which application threads were stopped: 0.0005154 seconds
2015-04-26T08:03:31.447+0300: 19.938: Total time for which application threads were stopped: 0.0002346 seconds
2015-04-26T08:03:31.547+0300: 20.038: Total time for which application threads were stopped: 0.0001532 seconds
2015-04-26T08:03:32.478+0300: 20.969: Total time for which application threads were stopped: 0.0005322 seconds
2015-04-26T08:03:32.612+0300: 21.103: Total time for which application threads were stopped: 0.0001451 seconds
2015-04-26T08:03:32.622+0300: 21.113: Total time for which application threads were stopped: 0.0002610 seconds
2015-04-26T08:03:32.858+0300: 21.349: Total time for which application threads were stopped: 0.0002089 seconds
2015-04-26T08:03:33.019+0300: 21.510: Total time for which application threads were stopped: 0.0003387 seconds
2015-04-26T08:03:33.085+0300: 21.576: Total time for which application threads were stopped: 0.0002771 seconds
2015-04-26T08:03:33.126+0300: 21.616: Total time for which application threads were stopped: 0.0002346 seconds
2015-04-26T08:03:33.126+0300: 21.617: Total time for which application threads were stopped: 0.0001818 seconds
2015-04-26T08:03:33.405+0300: 21.896: Total time for which application threads were stopped: 0.0002309 seconds
2015-04-26T08:03:33.587+0300: 22.077: Total time for which application threads were stopped: 0.0004179 seconds
2015-04-26T08:03:33.662+0300: 22.152: Total time for which application threads were stopped: 0.0001877 seconds
2015-04-26T08:03:33.742+0300: 22.233: Total time for which application threads were stopped: 0.0001847 seconds
2015-04-26T08:03:33.748+0300: 22.239: Total time for which application threads were stopped: 0.0001576 seconds
2015-04-26T08:03:34.165+0300: 22.656: Total time for which application threads were stopped: 0.0003959 seconds
2015-04-26T08:03:34.251+0300: 22.742: Total time for which application threads were stopped: 0.0006414 seconds
2015-04-26T08:03:34.314+0300: 22.805: Total time for which application threads were stopped: 0.0001752 seconds
2015-04-26T08:03:34.555+0300: 23.046: Total time for which application threads were stopped: 0.0068066 seconds
2015-04-26T08:03:34.560+0300: 23.051: Total time for which application threads were stopped: 0.0001855 seconds
2015-04-26T08:03:34.562+0300: 23.053: Total time for which application threads were stopped: 0.0001730 seconds
2015-04-26T08:03:34.565+0300: 23.056: Total time for which application threads were stopped: 0.0011055 seconds
2015-04-26T08:03:34.568+0300: 23.059: Total time for which application threads were stopped: 0.0018451 seconds
2015-04-26T08:03:34.569+0300: 23.060: Total time for which application threads were stopped: 0.0002141 seconds
2015-04-26T08:03:34.582+0300: 23.073: Total time for which application threads were stopped: 0.0002060 seconds
2015-04-26T08:03:34.583+0300: 23.074: Total time for which application threads were stopped: 0.0001796 seconds
2015-04-26T08:03:34.622+0300: 23.113: Total time for which application threads were stopped: 0.0001510 seconds
2015-04-26T08:03:34.718+0300: 23.209: Total time for which application threads were stopped: 0.0003863 seconds
2015-04-26T08:03:34.718+0300: 23.209: Total time for which application threads were stopped: 0.0001473 seconds
2015-04-26T08:03:34.719+0300: 23.209: Total time for which application threads were stopped: 0.0001972 seconds
2015-04-26T08:03:38.006+0300: 26.497: Total time for which application threads were stopped: 0.0002441 seconds
2015-04-26T08:03:38.007+0300: 26.498: Total time for which application threads were stopped: 0.0001078 seconds
2015-04-26T08:03:38.012+0300: 26.503: Total time for which application threads were stopped: 0.0001158 seconds
2015-04-26T08:03:38.017+0300: 26.508: Total time for which application threads were stopped: 0.0006451 seconds
2015-04-26T08:03:38.032+0300: 26.523: Total time for which application threads were stopped: 0.0002815 seconds
2015-04-26T08:03:38.055+0300: 26.546: Total time for which application threads were stopped: 0.0001305 seconds
2015-04-26T08:03:38.225+0300: 26.716: Total time for which application threads were stopped: 0.0002375 seconds
2015-04-26T08:03:38.237+0300: 26.728: Total time for which application threads were stopped: 0.0001429 seconds
2015-04-26T08:03:38.241+0300: 26.732: Total time for which application threads were stopped: 0.0004772 seconds
2015-04-26T08:03:38.266+0300: 26.757: Total time for which application threads were stopped: 0.0004362 seconds
2015-04-26T08:03:38.276+0300: 26.767: Total time for which application threads were stopped: 0.0001180 seconds
2015-04-26T08:03:38.308+0300: 26.799: Total time for which application threads were stopped: 0.0001327 seconds
2015-04-26T08:03:38.318+0300: 26.809: Total time for which application threads were stopped: 0.0001254 seconds
2015-04-26T08:03:40.686+0300: 29.176: Total time for which application threads were stopped: 0.0002815 seconds
2015-04-26T08:03:40.759+0300: 29.249: Total time for which application threads were stopped: 0.0001891 seconds
2015-04-26T08:03:40.774+0300: 29.265: Total time for which application threads were stopped: 0.0001342 seconds
2015-04-26T08:03:45.780+0300: 34.270: Total time for which application threads were stopped: 0.0002771 seconds
2015-04-26T08:03:46.445+0300: 34.935: Total time for which application threads were stopped: 0.0002859 seconds
2015-04-26T08:03:46.447+0300: 34.938: Total time for which application threads were stopped: 0.0001539 seconds
2015-04-26T08:03:46.457+0300: 34.947: Total time for which application threads were stopped: 0.0004215 seconds
2015-04-26T08:03:46.597+0300: 35.087: Total time for which application threads were stopped: 0.0003555 seconds
2015-04-26T08:03:46.616+0300: 35.106: Total time for which application threads were stopped: 0.0002434 seconds
2015-04-26T08:03:46.630+0300: 35.121: Total time for which application threads were stopped: 0.0001525 seconds
2015-04-26T08:03:46.886+0300: 35.376: Total time for which application threads were stopped: 0.0001510 seconds
2015-04-26T08:03:46.896+0300: 35.386: Total time for which application threads were stopped: 0.0001444 seconds
2015-04-26T08:03:46.896+0300: 35.387: Total time for which application threads were stopped: 0.0000843 seconds
2015-04-26T08:03:46.909+0300: 35.399: Total time for which application threads were stopped: 0.0002309 seconds
2015-04-26T08:03:46.909+0300: 35.399: Total time for which application threads were stopped: 0.0000931 seconds
2015-04-26T08:03:46.909+0300: 35.400: Total time for which application threads were stopped: 0.0000887 seconds
2015-04-26T08:03:46.910+0300: 35.400: Total time for which application threads were stopped: 0.0000975 seconds
2015-04-26T08:03:46.930+0300: 35.420: Total time for which application threads were stopped: 0.0003739 seconds
2015-04-26T08:03:46.941+0300: 35.431: Total time for which application threads were stopped: 0.0001620 seconds
2015-04-26T08:03:46.941+0300: 35.431: Total time for which application threads were stopped: 0.0000872 seconds
2015-04-26T08:03:46.941+0300: 35.431: Total time for which application threads were stopped: 0.0000924 seconds
2015-04-26T08:03:46.942+0300: 35.432: Total time for which application threads were stopped: 0.0001085 seconds
2015-04-26T08:03:46.945+0300: 35.436: Total time for which application threads were stopped: 0.0001254 seconds
2015-04-26T08:03:46.989+0300: 35.479: Total time for which application threads were stopped: 0.0002683 seconds
2015-04-26T08:03:47.015+0300: 35.505: Total time for which application threads were stopped: 0.0002331 seconds
2015-04-26T08:03:47.036+0300: 35.527: Total time for which application threads were stopped: 0.0001334 seconds
2015-04-26T08:03:47.037+0300: 35.527: Total time for which application threads were stopped: 0.0001019 seconds
2015-04-26T08:03:47.090+0300: 35.580: Total time for which application threads were stopped: 0.0002580 seconds
2015-04-26T08:03:47.133+0300: 35.623: Total time for which application threads were stopped: 0.0001268 seconds
2015-04-26T08:03:47.243+0300: 35.733: Total time for which application threads were stopped: 0.0003819 seconds
2015-04-26T08:03:47.330+0300: 35.820: Total time for which application threads were stopped: 0.0002734 seconds
2015-04-26T08:03:47.331+0300: 35.822: Total time for which application threads were stopped: 0.0001386 seconds
2015-04-26T08:03:47.360+0300: 35.850: Total time for which application threads were stopped: 0.0002507 seconds
2015-04-26T08:03:47.363+0300: 35.853: Total time for which application threads were stopped: 0.0002280 seconds
2015-04-26T08:03:47.382+0300: 35.872: Total time for which application threads were stopped: 0.0002119 seconds
2015-04-26T08:03:47.409+0300: 35.899: Total time for which application threads were stopped: 0.0001745 seconds
{Heap before GC invocations=4 (full 0):
 par new generation   total 109248K, used 97322K [0x00000000dae00000, 0x00000000e2e00000, 0x00000000e2e00000)
  eden space 87424K, 100% used [0x00000000dae00000, 0x00000000e0360000, 0x00000000e0360000)
  from space 21824K,  45% used [0x00000000e0360000, 0x00000000e0d0a820, 0x00000000e18b0000)
  to   space 21824K,   0% used [0x00000000e18b0000, 0x00000000e18b0000, 0x00000000e2e00000)
 concurrent mark-sweep generation total 393216K, used 0K [0x00000000e2e00000, 0x00000000fae00000, 0x00000000fae00000)
 concurrent-mark-sweep perm gen total 29696K, used 29594K [0x00000000fae00000, 0x00000000fcb00000, 0x0000000100000000)
2015-04-26T08:03:47.411+0300: 35.901: [GC2015-04-26T08:03:47.411+0300: 35.901: [ParNew
Desired survivor size 20112992 bytes, new threshold 8 (max 8)
- age   1:    8865136 bytes,    8865136 total
- age   2:     156392 bytes,    9021528 total
- age   3:     133736 bytes,    9155264 total
- age   4:    1771896 bytes,   10927160 total
- age   5:    4331160 bytes,   15258320 total
: 97322K->17463K(109248K), 0.0597960 secs] 97322K->17463K(502464K), 0.0600731 secs] [Times: user=0.19 sys=0.00, real=0.06 secs] 
Heap after GC invocations=5 (full 0):
 par new generation   total 109248K, used 17463K [0x00000000dae00000, 0x00000000e2e00000, 0x00000000e2e00000)
  eden space 87424K,   0% used [0x00000000dae00000, 0x00000000dae00000, 0x00000000e0360000)
  from space 21824K,  80% used [0x00000000e18b0000, 0x00000000e29bdf80, 0x00000000e2e00000)
  to   space 21824K,   0% used [0x00000000e0360000, 0x00000000e0360000, 0x00000000e18b0000)
 concurrent mark-sweep generation total 393216K, used 0K [0x00000000e2e00000, 0x00000000fae00000, 0x00000000fae00000)
 concurrent-mark-sweep perm gen total 29696K, used 29594K [0x00000000fae00000, 0x00000000fcb00000, 0x0000000100000000)
}
2015-04-26T08:03:47.471+0300: 35.962: Total time for which application threads were stopped: 0.0605430 seconds
2015-04-26T08:03:47.510+0300: 36.000: Total time for which application threads were stopped: 0.0004787 seconds
2015-04-26T08:03:47.559+0300: 36.050: Total time for which application threads were stopped: 0.0001613 seconds
2015-04-26T08:03:47.576+0300: 36.066: Total time for which application threads were stopped: 0.0001671 seconds
2015-04-26T08:03:47.584+0300: 36.074: Total time for which application threads were stopped: 0.0001620 seconds
2015-04-26T08:03:47.591+0300: 36.082: Total time for which application threads were stopped: 0.0001613 seconds
2015-04-26T08:03:47.600+0300: 36.090: Total time for which application threads were stopped: 0.0002053 seconds
2015-04-26T08:03:47.608+0300: 36.098: Total time for which application threads were stopped: 0.0002009 seconds
2015-04-26T08:03:47.614+0300: 36.104: Total time for which application threads were stopped: 0.0001884 seconds
2015-04-26T08:03:47.646+0300: 36.136: Total time for which application threads were stopped: 0.0003328 seconds
2015-04-26T08:03:47.648+0300: 36.138: Total time for which application threads were stopped: 0.0001393 seconds
2015-04-26T08:03:47.650+0300: 36.140: Total time for which application threads were stopped: 0.0001906 seconds
2015-04-26T08:03:47.668+0300: 36.159: Total time for which application threads were stopped: 0.0002558 seconds
2015-04-26T08:03:47.670+0300: 36.161: Total time for which application threads were stopped: 0.0002185 seconds
2015-04-26T08:03:47.691+0300: 36.181: Total time for which application threads were stopped: 0.0003827 seconds
2015-04-26T08:03:47.693+0300: 36.183: Total time for which application threads were stopped: 0.0001891 seconds
2015-04-26T08:03:47.716+0300: 36.206: Total time for which application threads were stopped: 0.0002544 seconds
2015-04-26T08:03:47.913+0300: 36.403: Total time for which application threads were stopped: 0.0004596 seconds
2015-04-26T08:03:47.916+0300: 36.407: Total time for which application threads were stopped: 0.0002243 seconds
2015-04-26T08:03:48.751+0300: 37.241: Total time for which application threads were stopped: 0.0006854 seconds
2015-04-26T08:03:48.752+0300: 37.243: Total time for which application threads were stopped: 0.0001847 seconds
{Heap before GC invocations=5 (full 0):
 par new generation   total 109248K, used 104887K [0x00000000dae00000, 0x00000000e2e00000, 0x00000000e2e00000)
  eden space 87424K, 100% used [0x00000000dae00000, 0x00000000e0360000, 0x00000000e0360000)
  from space 21824K,  80% used [0x00000000e18b0000, 0x00000000e29bdf80, 0x00000000e2e00000)
  to   space 21824K,   0% used [0x00000000e0360000, 0x00000000e0360000, 0x00000000e18b0000)
 concurrent mark-sweep generation total 393216K, used 0K [0x00000000e2e00000, 0x00000000fae00000, 0x00000000fae00000)
 concurrent-mark-sweep perm gen total 29888K, used 29753K [0x00000000fae00000, 0x00000000fcb30000, 0x0000000100000000)
2015-04-26T08:03:49.144+0300: 37.634: [GC2015-04-26T08:03:49.144+0300: 37.635: [ParNew
Desired survivor size 20112992 bytes, new threshold 8 (max 8)
- age   1:    3040480 bytes,    3040480 total
- age   2:    2759160 bytes,    5799640 total
- age   3:     156360 bytes,    5956000 total
- age   4:     133720 bytes,    6089720 total
- age   5:    1755920 bytes,    7845640 total
- age   6:    4330648 bytes,   12176288 total
: 104887K->18400K(109248K), 0.0741826 secs] 104887K->18400K(502464K), 0.0744773 secs] [Times: user=0.26 sys=0.00, real=0.08 secs] 
Heap after GC invocations=6 (full 0):
 par new generation   total 109248K, used 18400K [0x00000000dae00000, 0x00000000e2e00000, 0x00000000e2e00000)
  eden space 87424K,   0% used [0x00000000dae00000, 0x00000000dae00000, 0x00000000e0360000)
  from space 21824K,  84% used [0x00000000e0360000, 0x00000000e1558170, 0x00000000e18b0000)
  to   space 21824K,   0% used [0x00000000e18b0000, 0x00000000e18b0000, 0x00000000e2e00000)
 concurrent mark-sweep generation total 393216K, used 0K [0x00000000e2e00000, 0x00000000fae00000, 0x00000000fae00000)
 concurrent-mark-sweep perm gen total 29888K, used 29753K [0x00000000fae00000, 0x00000000fcb30000, 0x0000000100000000)
}
2015-04-26T08:03:49.219+0300: 37.709: Total time for which application threads were stopped: 0.0751949 seconds
2015-04-26T08:03:49.241+0300: 37.731: Total time for which application threads were stopped: 0.0005102 seconds
2015-04-26T08:03:49.246+0300: 37.737: Total time for which application threads were stopped: 0.0003160 seconds
{Heap before GC invocations=6 (full 0):
 par new generation   total 109248K, used 105824K [0x00000000dae00000, 0x00000000e2e00000, 0x00000000e2e00000)
  eden space 87424K, 100% used [0x00000000dae00000, 0x00000000e0360000, 0x00000000e0360000)
  from space 21824K,  84% used [0x00000000e0360000, 0x00000000e1558170, 0x00000000e18b0000)
  to   space 21824K,   0% used [0x00000000e18b0000, 0x00000000e18b0000, 0x00000000e2e00000)
 concurrent mark-sweep generation total 393216K, used 0K [0x00000000e2e00000, 0x00000000fae00000, 0x00000000fae00000)
 concurrent-mark-sweep perm gen total 29888K, used 29790K [0x00000000fae00000, 0x00000000fcb30000, 0x0000000100000000)
2015-04-26T08:03:50.169+0300: 38.660: [GC2015-04-26T08:03:50.169+0300: 38.660: [ParNew
Desired survivor size 20112992 bytes, new threshold 8 (max 8)
- age   1:     540248 bytes,     540248 total
- age   2:    2372216 bytes,    2912464 total
- age   3:    2759016 bytes,    5671480 total
- age   4:     156344 bytes,    5827824 total
- age   5:     133640 bytes,    5961464 total
- age   6:    1755904 bytes,    7717368 total
- age   7:    4330760 bytes,   12048128 total
: 105824K->13588K(109248K), 0.0655558 secs] 105824K->13588K(502464K), 0.0658079 secs] [Times: user=0.23 sys=0.00, real=0.07 secs] 
Heap after GC invocations=7 (full 0):
 par new generation   total 109248K, used 13588K [0x00000000dae00000, 0x00000000e2e00000, 0x00000000e2e00000)
  eden space 87424K,   0% used [0x00000000dae00000, 0x00000000dae00000, 0x00000000e0360000)
  from space 21824K,  62% used [0x00000000e18b0000, 0x00000000e25f52a8, 0x00000000e2e00000)
  to   space 21824K,   0% used [0x00000000e0360000, 0x00000000e0360000, 0x00000000e18b0000)
 concurrent mark-sweep generation total 393216K, used 0K [0x00000000e2e00000, 0x00000000fae00000, 0x00000000fae00000)
 concurrent-mark-sweep perm gen total 29888K, used 29790K [0x00000000fae00000, 0x00000000fcb30000, 0x0000000100000000)
}
2015-04-26T08:03:50.235+0300: 38.726: Total time for which application threads were stopped: 0.0667947 seconds
2015-04-26T08:03:50.236+0300: 38.726: Total time for which application threads were stopped: 0.0003160 seconds
2015-04-26T08:03:50.236+0300: 38.727: Total time for which application threads were stopped: 0.0002676 seconds
{Heap before GC invocations=7 (full 0):
 par new generation   total 109248K, used 101012K [0x00000000dae00000, 0x00000000e2e00000, 0x00000000e2e00000)
  eden space 87424K, 100% used [0x00000000dae00000, 0x00000000e0360000, 0x00000000e0360000)
  from space 21824K,  62% used [0x00000000e18b0000, 0x00000000e25f52a8, 0x00000000e2e00000)
  to   space 21824K,   0% used [0x00000000e0360000, 0x00000000e0360000, 0x00000000e18b0000)
 concurrent mark-sweep generation total 393216K, used 0K [0x00000000e2e00000, 0x00000000fae00000, 0x00000000fae00000)
 concurrent-mark-sweep perm gen total 29888K, used 29844K [0x00000000fae00000, 0x00000000fcb30000, 0x0000000100000000)
2015-04-26T08:03:51.573+0300: 40.063: [GC2015-04-26T08:03:51.573+0300: 40.063: [ParNew
Desired survivor size 20112992 bytes, new threshold 8 (max 8)
- age   1:     551240 bytes,     551240 total
- age   2:     376184 bytes,     927424 total
- age   3:    2340464 bytes,    3267888 total
- age   4:    2748744 bytes,    6016632 total
- age   5:     156344 bytes,    6172976 total
- age   6:     133496 bytes,    6306472 total
- age   7:    1755840 bytes,    8062312 total
- age   8:    4330744 bytes,   12393056 total
: 101012K->20667K(109248K), 0.0625216 secs] 101012K->20667K(502464K), 0.0627950 secs] [Times: user=0.25 sys=0.00, real=0.06 secs] 
Heap after GC invocations=8 (full 0):
 par new generation   total 109248K, used 20667K [0x00000000dae00000, 0x00000000e2e00000, 0x00000000e2e00000)
  eden space 87424K,   0% used [0x00000000dae00000, 0x00000000dae00000, 0x00000000e0360000)
  from space 21824K,  94% used [0x00000000e0360000, 0x00000000e178eec0, 0x00000000e18b0000)
  to   space 21824K,   0% used [0x00000000e18b0000, 0x00000000e18b0000, 0x00000000e2e00000)
 concurrent mark-sweep generation total 393216K, used 0K [0x00000000e2e00000, 0x00000000fae00000, 0x00000000fae00000)
 concurrent-mark-sweep perm gen total 29888K, used 29844K [0x00000000fae00000, 0x00000000fcb30000, 0x0000000100000000)
}
2015-04-26T08:03:51.636+0300: 40.126: Total time for which application threads were stopped: 0.1011413 seconds
2015-04-26T08:03:52.236+0300: 40.726: Total time for which application threads were stopped: 0.0004259 seconds
2015-04-26T08:03:52.460+0300: 40.951: Total time for which application threads were stopped: 0.0002595 seconds
2015-04-26T08:03:52.617+0300: 41.108: Total time for which application threads were stopped: 0.0011033 seconds
{Heap before GC invocations=8 (full 0):
 par new generation   total 109248K, used 108091K [0x00000000dae00000, 0x00000000e2e00000, 0x00000000e2e00000)
  eden space 87424K, 100% used [0x00000000dae00000, 0x00000000e0360000, 0x00000000e0360000)
  from space 21824K,  94% used [0x00000000e0360000, 0x00000000e178eec0, 0x00000000e18b0000)
  to   space 21824K,   0% used [0x00000000e18b0000, 0x00000000e18b0000, 0x00000000e2e00000)
 concurrent mark-sweep generation total 393216K, used 0K [0x00000000e2e00000, 0x00000000fae00000, 0x00000000fae00000)
 concurrent-mark-sweep perm gen total 30080K, used 29874K [0x00000000fae00000, 0x00000000fcb60000, 0x0000000100000000)
2015-04-26T08:03:52.769+0300: 41.259: [GC2015-04-26T08:03:52.769+0300: 41.259: [ParNew
Desired survivor size 20112992 bytes, new threshold 8 (max 8)
- age   1:     679360 bytes,     679360 total
- age   2:     471376 bytes,    1150736 total
- age   3:     331424 bytes,    1482160 total
- age   4:    1634056 bytes,    3116216 total
- age   5:    2743464 bytes,    5859680 total
- age   6:     156344 bytes,    6016024 total
- age   7:     133496 bytes,    6149520 total
- age   8:    1755744 bytes,    7905264 total
: 108091K->11218K(109248K), 0.1336326 secs] 108091K->15899K(502464K), 0.1338833 secs] [Times: user=0.41 sys=0.02, real=0.13 secs] 
Heap after GC invocations=9 (full 0):
 par new generation   total 109248K, used 11218K [0x00000000dae00000, 0x00000000e2e00000, 0x00000000e2e00000)
  eden space 87424K,   0% used [0x00000000dae00000, 0x00000000dae00000, 0x00000000e0360000)
  from space 21824K,  51% used [0x00000000e18b0000, 0x00000000e23a4840, 0x00000000e2e00000)
  to   space 21824K,   0% used [0x00000000e0360000, 0x00000000e0360000, 0x00000000e18b0000)
 concurrent mark-sweep generation total 393216K, used 4681K [0x00000000e2e00000, 0x00000000fae00000, 0x00000000fae00000)
 concurrent-mark-sweep perm gen total 30080K, used 29874K [0x00000000fae00000, 0x00000000fcb60000, 0x0000000100000000)
}
2015-04-26T08:03:52.903+0300: 41.393: Total time for which application threads were stopped: 0.1347996 seconds
2015-04-26T08:03:53.257+0300: 41.748: Total time for which application threads were stopped: 0.0007279 seconds
2015-04-26T08:03:53.259+0300: 41.749: Total time for which application threads were stopped: 0.0001781 seconds
2015-04-26T08:03:53.259+0300: 41.750: Total time for which application threads were stopped: 0.0001422 seconds
2015-04-26T08:03:53.259+0300: 41.750: Total time for which application threads were stopped: 0.0001415 seconds
2015-04-26T08:03:53.260+0300: 41.750: Total time for which application threads were stopped: 0.0001422 seconds
2015-04-26T08:03:53.260+0300: 41.750: Total time for which application threads were stopped: 0.0001429 seconds
2015-04-26T08:03:53.260+0300: 41.750: Total time for which application threads were stopped: 0.0001400 seconds
2015-04-26T08:03:53.275+0300: 41.765: Total time for which application threads were stopped: 0.0011883 seconds
2015-04-26T08:03:53.361+0300: 41.852: Total time for which application threads were stopped: 0.0415792 seconds
2015-04-26T08:03:53.442+0300: 41.933: Total time for which application threads were stopped: 0.0034836 seconds
2015-04-26T08:03:53.449+0300: 41.940: Total time for which application threads were stopped: 0.0002082 seconds
2015-04-26T08:03:53.983+0300: 42.473: Total time for which application threads were stopped: 0.0007081 seconds
2015-04-26T08:03:53.985+0300: 42.475: Total time for which application threads were stopped: 0.0002624 seconds
2015-04-26T08:03:53.985+0300: 42.476: Total time for which application threads were stopped: 0.0001781 seconds
2015-04-26T08:03:53.985+0300: 42.476: Total time for which application threads were stopped: 0.0001781 seconds
2015-04-26T08:03:54.203+0300: 42.694: Total time for which application threads were stopped: 0.0003651 seconds
2015-04-26T08:03:54.230+0300: 42.721: Total time for which application threads were stopped: 0.0002045 seconds
2015-04-26T08:03:54.234+0300: 42.725: Total time for which application threads were stopped: 0.0002734 seconds
2015-04-26T08:03:54.236+0300: 42.727: Total time for which application threads were stopped: 0.0002500 seconds
2015-04-26T08:03:54.264+0300: 42.754: Total time for which application threads were stopped: 0.0002097 seconds
2015-04-26T08:03:54.277+0300: 42.767: Total time for which application threads were stopped: 0.0001987 seconds
2015-04-26T08:03:54.287+0300: 42.777: Total time for which application threads were stopped: 0.0011128 seconds
{Heap before GC invocations=9 (full 0):
 par new generation   total 109248K, used 98642K [0x00000000dae00000, 0x00000000e2e00000, 0x00000000e2e00000)
  eden space 87424K, 100% used [0x00000000dae00000, 0x00000000e0360000, 0x00000000e0360000)
  from space 21824K,  51% used [0x00000000e18b0000, 0x00000000e23a4840, 0x00000000e2e00000)
  to   space 21824K,   0% used [0x00000000e0360000, 0x00000000e0360000, 0x00000000e18b0000)
 concurrent mark-sweep generation total 393216K, used 4681K [0x00000000e2e00000, 0x00000000fae00000, 0x00000000fae00000)
 concurrent-mark-sweep perm gen total 30080K, used 29946K [0x00000000fae00000, 0x00000000fcb60000, 0x0000000100000000)
2015-04-26T08:03:54.303+0300: 42.793: [GC2015-04-26T08:03:54.303+0300: 42.794: [ParNew
Desired survivor size 20112992 bytes, new threshold 8 (max 8)
- age   1:     944968 bytes,     944968 total
- age   2:     553136 bytes,    1498104 total
- age   3:     467448 bytes,    1965552 total
- age   4:     326344 bytes,    2291896 total
- age   5:    1570872 bytes,    3862768 total
- age   6:    2732192 bytes,    6594960 total
- age   7:     156344 bytes,    6751304 total
- age   8:     133496 bytes,    6884800 total
: 98642K->8594K(109248K), 0.0670454 secs] 103323K->15027K(502464K), 0.0673034 secs] [Times: user=0.13 sys=0.03, real=0.07 secs] 
Heap after GC invocations=10 (full 0):
 par new generation   total 109248K, used 8594K [0x00000000dae00000, 0x00000000e2e00000, 0x00000000e2e00000)
  eden space 87424K,   0% used [0x00000000dae00000, 0x00000000dae00000, 0x00000000e0360000)
  from space 21824K,  39% used [0x00000000e0360000, 0x00000000e0bc49c0, 0x00000000e18b0000)
  to   space 21824K,   0% used [0x00000000e18b0000, 0x00000000e18b0000, 0x00000000e2e00000)
 concurrent mark-sweep generation total 393216K, used 6433K [0x00000000e2e00000, 0x00000000fae00000, 0x00000000fae00000)
 concurrent-mark-sweep perm gen total 30080K, used 29946K [0x00000000fae00000, 0x00000000fcb60000, 0x0000000100000000)
}
2015-04-26T08:03:54.370+0300: 42.861: Total time for which application threads were stopped: 0.0679221 seconds
2015-04-26T08:03:55.370+0300: 43.861: Total time for which application threads were stopped: 0.0006583 seconds
2015-04-26T08:03:55.923+0300: 44.413: Total time for which application threads were stopped: 0.0004736 seconds
2015-04-26T08:03:55.923+0300: 44.414: Total time for which application threads were stopped: 0.0001965 seconds
2015-04-26T08:03:56.499+0300: 44.990: Total time for which application threads were stopped: 0.0004794 seconds
2015-04-26T08:03:56.515+0300: 45.006: Total time for which application threads were stopped: 0.0004809 seconds
2015-04-26T08:03:56.701+0300: 45.192: Total time for which application threads were stopped: 0.0002661 seconds
{Heap before GC invocations=10 (full 0):
 par new generation   total 109248K, used 96018K [0x00000000dae00000, 0x00000000e2e00000, 0x00000000e2e00000)
  eden space 87424K, 100% used [0x00000000dae00000, 0x00000000e0360000, 0x00000000e0360000)
  from space 21824K,  39% used [0x00000000e0360000, 0x00000000e0bc49c0, 0x00000000e18b0000)
  to   space 21824K,   0% used [0x00000000e18b0000, 0x00000000e18b0000, 0x00000000e2e00000)
 concurrent mark-sweep generation total 393216K, used 6433K [0x00000000e2e00000, 0x00000000fae00000, 0x00000000fae00000)
 concurrent-mark-sweep perm gen total 30464K, used 30277K [0x00000000fae00000, 0x00000000fcbc0000, 0x0000000100000000)
2015-04-26T08:03:56.746+0300: 45.237: [GC2015-04-26T08:03:56.746+0300: 45.237: [ParNew
Desired survivor size 20112992 bytes, new threshold 8 (max 8)
- age   1:     806536 bytes,     806536 total
- age   2:     482056 bytes,    1288592 total
- age   3:     339824 bytes,    1628416 total
- age   4:      89880 bytes,    1718296 total
- age   5:     194464 bytes,    1912760 total
- age   6:    1542656 bytes,    3455416 total
- age   7:    2711488 bytes,    6166904 total
- age   8:     156344 bytes,    6323248 total
: 96018K->9174K(109248K), 0.0568623 secs] 102451K->15741K(502464K), 0.0572940 secs] [Times: user=0.11 sys=0.00, real=0.06 secs] 
Heap after GC invocations=11 (full 0):
 par new generation   total 109248K, used 9174K [0x00000000dae00000, 0x00000000e2e00000, 0x00000000e2e00000)
  eden space 87424K,   0% used [0x00000000dae00000, 0x00000000dae00000, 0x00000000e0360000)
  from space 21824K,  42% used [0x00000000e18b0000, 0x00000000e21a5bc0, 0x00000000e2e00000)
  to   space 21824K,   0% used [0x00000000e0360000, 0x00000000e0360000, 0x00000000e18b0000)
 concurrent mark-sweep generation total 393216K, used 6566K [0x00000000e2e00000, 0x00000000fae00000, 0x00000000fae00000)
 concurrent-mark-sweep perm gen total 30464K, used 30277K [0x00000000fae00000, 0x00000000fcbc0000, 0x0000000100000000)
}
2015-04-26T08:03:56.804+0300: 45.294: Total time for which application threads were stopped: 0.0580696 seconds
2015-04-26T08:03:56.845+0300: 45.336: Total time for which application threads were stopped: 0.0002214 seconds
2015-04-26T08:03:56.893+0300: 45.383: Total time for which application threads were stopped: 0.0003981 seconds
2015-04-26T08:03:56.907+0300: 45.398: Total time for which application threads were stopped: 0.0002353 seconds
2015-04-26T08:03:57.065+0300: 45.555: Total time for which application threads were stopped: 0.0004648 seconds
2015-04-26T08:03:57.077+0300: 45.568: Total time for which application threads were stopped: 0.0003526 seconds
2015-04-26T08:03:57.093+0300: 45.583: Total time for which application threads were stopped: 0.0002009 seconds
2015-04-26T08:03:57.138+0300: 45.629: Total time for which application threads were stopped: 0.0002185 seconds
2015-04-26T08:03:57.178+0300: 45.669: Total time for which application threads were stopped: 0.0002595 seconds
2015-04-26T08:03:57.201+0300: 45.691: Total time for which application threads were stopped: 0.0003658 seconds
2015-04-26T08:03:57.207+0300: 45.698: Total time for which application threads were stopped: 0.0002595 seconds
2015-04-26T08:03:57.217+0300: 45.708: Total time for which application threads were stopped: 0.0002170 seconds
2015-04-26T08:03:57.232+0300: 45.722: Total time for which application threads were stopped: 0.0002698 seconds
2015-04-26T08:03:57.232+0300: 45.723: Total time for which application threads were stopped: 0.0001935 seconds
2015-04-26T08:03:57.233+0300: 45.723: Total time for which application threads were stopped: 0.0001818 seconds
2015-04-26T08:03:57.284+0300: 45.775: Total time for which application threads were stopped: 0.0002507 seconds
2015-04-26T08:03:57.298+0300: 45.789: Total time for which application threads were stopped: 0.0002470 seconds
2015-04-26T08:03:57.300+0300: 45.791: Total time for which application threads were stopped: 0.0005725 seconds
2015-04-26T08:03:57.323+0300: 45.814: Total time for which application threads were stopped: 0.0002514 seconds
2015-04-26T08:03:57.328+0300: 45.819: Total time for which application threads were stopped: 0.0009303 seconds
2015-04-26T08:03:57.336+0300: 45.826: Total time for which application threads were stopped: 0.0002397 seconds
2015-04-26T08:03:57.354+0300: 45.845: Total time for which application threads were stopped: 0.0002859 seconds
2015-04-26T08:03:57.433+0300: 45.924: Total time for which application threads were stopped: 0.0006664 seconds
2015-04-26T08:03:57.434+0300: 45.925: Total time for which application threads were stopped: 0.0001635 seconds
2015-04-26T08:03:57.482+0300: 45.973: Total time for which application threads were stopped: 0.0003805 seconds
2015-04-26T08:03:57.483+0300: 45.974: Total time for which application threads were stopped: 0.0001994 seconds
2015-04-26T08:03:57.491+0300: 45.981: Total time for which application threads were stopped: 0.0002426 seconds
2015-04-26T08:03:57.558+0300: 46.048: Total time for which application threads were stopped: 0.0002522 seconds
2015-04-26T08:03:57.569+0300: 46.059: Total time for which application threads were stopped: 0.0003790 seconds
2015-04-26T08:03:57.573+0300: 46.063: Total time for which application threads were stopped: 0.0002155 seconds
2015-04-26T08:03:57.580+0300: 46.071: Total time for which application threads were stopped: 0.0002133 seconds
2015-04-26T08:03:57.585+0300: 46.076: Total time for which application threads were stopped: 0.0002199 seconds
2015-04-26T08:03:57.587+0300: 46.078: Total time for which application threads were stopped: 0.0003885 seconds
2015-04-26T08:03:57.600+0300: 46.090: Total time for which application threads were stopped: 0.0002778 seconds
2015-04-26T08:03:57.673+0300: 46.163: Total time for which application threads were stopped: 0.0002434 seconds
2015-04-26T08:03:58.674+0300: 47.164: Total time for which application threads were stopped: 0.0005205 seconds
2015-04-26T08:03:58.697+0300: 47.186: Total time for which application threads were stopped: 0.0003079 seconds
2015-04-26T08:03:58.698+0300: 47.188: Total time for which application threads were stopped: 0.0001715 seconds
2015-04-26T08:03:58.701+0300: 47.190: Total time for which application threads were stopped: 0.0002441 seconds
2015-04-26T08:03:58.703+0300: 47.193: Total time for which application threads were stopped: 0.0002903 seconds
2015-04-26T08:03:59.634+0300: 48.124: Total time for which application threads were stopped: 0.0004201 seconds
2015-04-26T08:03:59.635+0300: 48.125: Total time for which application threads were stopped: 0.0001371 seconds
2015-04-26T08:03:59.639+0300: 48.129: Total time for which application threads were stopped: 0.0001686 seconds
2015-04-26T08:03:59.642+0300: 48.132: Total time for which application threads were stopped: 0.0006297 seconds
2015-04-26T08:03:59.645+0300: 48.134: Total time for which application threads were stopped: 0.0002690 seconds
2015-04-26T08:03:59.649+0300: 48.138: Total time for which application threads were stopped: 0.0009940 seconds
2015-04-26T08:03:59.674+0300: 48.164: Total time for which application threads were stopped: 0.0003724 seconds
2015-04-26T08:03:59.674+0300: 48.164: Total time for which application threads were stopped: 0.0001598 seconds
2015-04-26T08:03:59.676+0300: 48.165: Total time for which application threads were stopped: 0.0001664 seconds
2015-04-26T08:03:59.687+0300: 48.177: Total time for which application threads were stopped: 0.0002009 seconds
2015-04-26T08:03:59.688+0300: 48.178: Total time for which application threads were stopped: 0.0001598 seconds
2015-04-26T08:03:59.689+0300: 48.179: Total time for which application threads were stopped: 0.0001334 seconds
2015-04-26T08:03:59.744+0300: 48.234: Total time for which application threads were stopped: 0.0002133 seconds
2015-04-26T08:03:59.795+0300: 48.285: Total time for which application threads were stopped: 0.0003240 seconds
2015-04-26T08:03:59.796+0300: 48.285: Total time for which application threads were stopped: 0.0001254 seconds
2015-04-26T08:03:59.796+0300: 48.286: Total time for which application threads were stopped: 0.0001899 seconds
2015-04-26T08:03:59.814+0300: 48.304: Total time for which application threads were stopped: 0.0001928 seconds
2015-04-26T08:04:00.737+0300: 49.227: Total time for which application threads were stopped: 0.0003204 seconds
2015-04-26T08:04:01.065+0300: 49.555: Total time for which application threads were stopped: 0.0001884 seconds
2015-04-26T08:04:01.295+0300: 49.785: Total time for which application threads were stopped: 0.0003306 seconds
2015-04-26T08:04:02.745+0300: 51.235: Total time for which application threads were stopped: 0.0003379 seconds
2015-04-26T08:04:02.745+0300: 51.235: Total time for which application threads were stopped: 0.0001268 seconds
2015-04-26T08:04:02.747+0300: 51.237: Total time for which application threads were stopped: 0.0001598 seconds
2015-04-26T08:04:02.748+0300: 51.238: Total time for which application threads were stopped: 0.0001217 seconds
2015-04-26T08:04:02.750+0300: 51.240: Total time for which application threads were stopped: 0.0001635 seconds
2015-04-26T08:04:02.752+0300: 51.241: Total time for which application threads were stopped: 0.0001415 seconds
2015-04-26T08:04:02.752+0300: 51.242: Total time for which application threads were stopped: 0.0001364 seconds
2015-04-26T08:04:02.753+0300: 51.243: Total time for which application threads were stopped: 0.0001598 seconds
2015-04-26T08:04:02.754+0300: 51.244: Total time for which application threads were stopped: 0.0001481 seconds
2015-04-26T08:04:02.756+0300: 51.246: Total time for which application threads were stopped: 0.0001627 seconds
2015-04-26T08:04:03.710+0300: 52.200: Total time for which application threads were stopped: 0.0003248 seconds
2015-04-26T08:04:03.916+0300: 52.406: Total time for which application threads were stopped: 0.0001891 seconds
2015-04-26T08:04:04.745+0300: 53.235: Total time for which application threads were stopped: 0.0003489 seconds
2015-04-26T08:04:38.322+0300: 86.813: Total time for which application threads were stopped: 0.0004010 seconds
2015-04-26T08:04:46.801+0300: 95.293: Total time for which application threads were stopped: 0.0003541 seconds
2015-04-26T08:04:49.414+0300: 97.906: Total time for which application threads were stopped: 0.0003922 seconds
2015-04-26T08:04:53.264+0300: 101.755: Total time for which application threads were stopped: 0.0003790 seconds
2015-04-26T08:04:59.104+0300: 107.595: Total time for which application threads were stopped: 0.0046499 seconds
2015-04-26T08:04:59.104+0300: 107.596: Total time for which application threads were stopped: 0.0001591 seconds
2015-04-26T08:04:59.113+0300: 107.605: Total time for which application threads were stopped: 0.0001598 seconds
2015-04-26T08:04:59.806+0300: 108.298: Total time for which application threads were stopped: 0.0003746 seconds
2015-04-26T08:05:02.922+0300: 111.414: Total time for which application threads were stopped: 0.0004113 seconds
2015-04-26T08:05:10.713+0300: 119.204: Total time for which application threads were stopped: 0.0004061 seconds
2015-04-26T08:05:10.714+0300: 119.205: Total time for which application threads were stopped: 0.0001180 seconds
2015-04-26T08:05:10.714+0300: 119.205: Total time for which application threads were stopped: 0.0001488 seconds
2015-04-26T08:05:10.714+0300: 119.205: Total time for which application threads were stopped: 0.0001921 seconds
2015-04-26T08:05:30.714+0300: 139.206: Total time for which application threads were stopped: 0.0004794 seconds
2015-04-26T08:05:30.714+0300: 139.206: Total time for which application threads were stopped: 0.0001613 seconds
2015-04-26T08:05:30.714+0300: 139.206: Total time for which application threads were stopped: 0.0001679 seconds
2015-04-26T08:05:30.715+0300: 139.207: Total time for which application threads were stopped: 0.0001158 seconds
2015-04-26T08:05:30.715+0300: 139.207: Total time for which application threads were stopped: 0.0001041 seconds
2015-04-26T08:05:30.715+0300: 139.207: Total time for which application threads were stopped: 0.0001393 seconds
2015-04-26T08:05:50.716+0300: 159.207: Total time for which application threads were stopped: 0.0008797 seconds
2015-04-26T08:05:50.716+0300: 159.207: Total time for which application threads were stopped: 0.0001935 seconds
2015-04-26T08:05:50.717+0300: 159.208: Total time for which application threads were stopped: 0.0004259 seconds
2015-04-26T08:07:13.100+0300: 241.599: Total time for which application threads were stopped: 0.0009940 seconds
2015-04-26T08:07:13.101+0300: 241.600: Total time for which application threads were stopped: 0.0001444 seconds
2015-04-26T08:07:13.103+0300: 241.602: Total time for which application threads were stopped: 0.0001517 seconds
2015-04-26T08:07:13.106+0300: 241.605: Total time for which application threads were stopped: 0.0001847 seconds
2015-04-26T08:07:30.711+0300: 259.211: Total time for which application threads were stopped: 0.0006041 seconds
2015-04-26T08:07:30.711+0300: 259.211: Total time for which application threads were stopped: 0.0002236 seconds
2015-04-26T08:07:30.712+0300: 259.211: Total time for which application threads were stopped: 0.0001136 seconds
2015-04-26T08:07:30.712+0300: 259.211: Total time for which application threads were stopped: 0.0001532 seconds
2015-04-26T08:08:03.624+0300: 292.122: Total time for which application threads were stopped: 0.0005395 seconds
2015-04-26T08:09:16.193+0300: 364.690: Total time for which application threads were stopped: 0.0005175 seconds
2015-04-26T08:09:16.194+0300: 364.691: Total time for which application threads were stopped: 0.0001444 seconds
2015-04-26T08:09:16.197+0300: 364.694: Total time for which application threads were stopped: 0.0001745 seconds
2015-04-26T08:13:53.475+0300: 641.972: Total time for which application threads were stopped: 0.0007492 seconds
2015-04-26T08:13:58.870+0300: 647.366: Total time for which application threads were stopped: 0.0004868 seconds
2015-04-26T08:13:58.870+0300: 647.367: Total time for which application threads were stopped: 0.0001276 seconds
2015-04-26T08:13:58.874+0300: 647.371: Total time for which application threads were stopped: 0.0002265 seconds
2015-04-26T08:16:26.966+0300: 795.461: Total time for which application threads were stopped: 0.0015167 seconds
2015-04-26T08:24:03.385+0300: 1251.878: Total time for which application threads were stopped: 0.0007793 seconds
2015-04-26T08:24:03.385+0300: 1251.878: Total time for which application threads were stopped: 0.0001276 seconds
2015-04-26T08:24:53.907+0300: 1302.400: Total time for which application threads were stopped: 0.0005747 seconds
2015-04-26T08:25:12.128+0300: 1320.621: Total time for which application threads were stopped: 0.0004992 seconds
2015-04-26T08:25:12.129+0300: 1320.622: Total time for which application threads were stopped: 0.0001268 seconds
2015-04-26T08:25:12.131+0300: 1320.624: Total time for which application threads were stopped: 0.0001532 seconds
2015-04-26T08:26:34.688+0300: 1403.182: Total time for which application threads were stopped: 0.0005080 seconds
2015-04-26T08:27:17.278+0300: 1445.770: Total time for which application threads were stopped: 0.0005593 seconds
2015-04-26T08:27:17.279+0300: 1445.771: Total time for which application threads were stopped: 0.0001334 seconds
2015-04-26T08:29:40.814+0300: 1589.306: Total time for which application threads were stopped: 0.0005667 seconds
2015-04-26T08:29:40.823+0300: 1589.315: Total time for which application threads were stopped: 0.0006598 seconds
2015-04-26T08:30:03.471+0300: 1611.964: Total time for which application threads were stopped: 0.0004692 seconds
2015-04-26T08:30:45.661+0300: 1654.154: Total time for which application threads were stopped: 0.0004530 seconds
2015-04-26T08:43:51.753+0300: 2440.241: Total time for which application threads were stopped: 0.0014464 seconds
2015-04-26T08:43:51.754+0300: 2440.242: Total time for which application threads were stopped: 0.0001364 seconds
2015-04-26T08:43:51.756+0300: 2440.244: Total time for which application threads were stopped: 0.0001693 seconds
2015-04-26T08:44:21.758+0300: 2470.245: Total time for which application threads were stopped: 0.0004618 seconds
2015-04-26T08:44:29.758+0300: 2478.246: Total time for which application threads were stopped: 0.0004201 seconds
2015-04-26T08:44:43.995+0300: 2492.483: Total time for which application threads were stopped: 0.0004464 seconds
2015-04-26T08:44:43.996+0300: 2492.484: Total time for which application threads were stopped: 0.0001745 seconds
2015-04-26T08:44:43.997+0300: 2492.485: Total time for which application threads were stopped: 0.0001261 seconds
2015-04-26T08:44:43.997+0300: 2492.485: Total time for which application threads were stopped: 0.0001774 seconds
2015-04-26T08:44:43.998+0300: 2492.486: Total time for which application threads were stopped: 0.0001459 seconds
2015-04-26T08:44:44.008+0300: 2492.495: Total time for which application threads were stopped: 0.0005080 seconds
2015-04-26T08:44:44.012+0300: 2492.500: Total time for which application threads were stopped: 0.0002214 seconds
2015-04-26T08:44:44.017+0300: 2492.504: Total time for which application threads were stopped: 0.0001972 seconds
2015-04-26T08:44:44.019+0300: 2492.507: Total time for which application threads were stopped: 0.0002082 seconds
2015-04-26T08:44:44.022+0300: 2492.510: Total time for which application threads were stopped: 0.0001818 seconds
2015-04-26T08:44:44.022+0300: 2492.510: Total time for which application threads were stopped: 0.0001144 seconds
2015-04-26T08:44:44.023+0300: 2492.510: Total time for which application threads were stopped: 0.0001569 seconds
2015-04-26T08:44:44.023+0300: 2492.511: Total time for which application threads were stopped: 0.0001195 seconds
2015-04-26T08:44:44.023+0300: 2492.511: Total time for which application threads were stopped: 0.0001891 seconds
2015-04-26T08:44:44.024+0300: 2492.511: Total time for which application threads were stopped: 0.0001730 seconds
2015-04-26T08:44:44.024+0300: 2492.512: Total time for which application threads were stopped: 0.0001921 seconds
2015-04-26T08:44:44.024+0300: 2492.512: Total time for which application threads were stopped: 0.0002309 seconds
2015-04-26T08:44:44.025+0300: 2492.512: Total time for which application threads were stopped: 0.0001217 seconds
2015-04-26T08:44:44.025+0300: 2492.513: Total time for which application threads were stopped: 0.0001928 seconds
2015-04-26T08:44:44.025+0300: 2492.513: Total time for which application threads were stopped: 0.0001723 seconds
2015-04-26T08:44:44.025+0300: 2492.513: Total time for which application threads were stopped: 0.0001085 seconds
2015-04-26T08:44:44.026+0300: 2492.514: Total time for which application threads were stopped: 0.0001957 seconds
2015-04-26T08:44:44.026+0300: 2492.514: Total time for which application threads were stopped: 0.0002001 seconds
2015-04-26T08:44:44.027+0300: 2492.514: Total time for which application threads were stopped: 0.0002339 seconds
2015-04-26T08:44:44.027+0300: 2492.515: Total time for which application threads were stopped: 0.0001525 seconds
2015-04-26T08:44:44.027+0300: 2492.515: Total time for which application threads were stopped: 0.0001869 seconds
2015-04-26T08:44:44.027+0300: 2492.515: Total time for which application threads were stopped: 0.0001473 seconds
2015-04-26T08:44:44.028+0300: 2492.515: Total time for which application threads were stopped: 0.0001210 seconds
2015-04-26T08:44:44.029+0300: 2492.517: Total time for which application threads were stopped: 0.0001349 seconds
2015-04-26T08:44:44.030+0300: 2492.517: Total time for which application threads were stopped: 0.0001151 seconds
2015-04-26T08:44:44.030+0300: 2492.518: Total time for which application threads were stopped: 0.0001539 seconds
2015-04-26T08:44:44.034+0300: 2492.522: Total time for which application threads were stopped: 0.0001928 seconds
2015-04-26T08:44:44.034+0300: 2492.522: Total time for which application threads were stopped: 0.0001144 seconds
2015-04-26T08:44:44.035+0300: 2492.523: Total time for which application threads were stopped: 0.0001466 seconds
2015-04-26T08:44:44.037+0300: 2492.524: Total time for which application threads were stopped: 0.0001459 seconds
2015-04-26T08:44:44.039+0300: 2492.527: Total time for which application threads were stopped: 0.0002991 seconds
2015-04-26T08:44:44.043+0300: 2492.530: Total time for which application threads were stopped: 0.0002265 seconds
2015-04-26T08:44:44.043+0300: 2492.531: Total time for which application threads were stopped: 0.0002302 seconds
2015-04-26T08:44:44.044+0300: 2492.531: Total time for which application threads were stopped: 0.0001642 seconds
2015-04-26T08:44:44.044+0300: 2492.532: Total time for which application threads were stopped: 0.0001085 seconds
2015-04-26T08:44:44.046+0300: 2492.534: Total time for which application threads were stopped: 0.0014376 seconds
2015-04-26T08:44:44.047+0300: 2492.534: Total time for which application threads were stopped: 0.0002199 seconds
2015-04-26T08:44:44.047+0300: 2492.535: Total time for which application threads were stopped: 0.0001239 seconds
2015-04-26T08:44:44.086+0300: 2492.573: Total time for which application threads were stopped: 0.0050978 seconds
2015-04-26T08:44:44.088+0300: 2492.575: Total time for which application threads were stopped: 0.0001554 seconds
2015-04-26T08:44:44.088+0300: 2492.576: Total time for which application threads were stopped: 0.0001048 seconds
2015-04-26T08:44:44.088+0300: 2492.576: Total time for which application threads were stopped: 0.0001012 seconds
2015-04-26T08:44:44.088+0300: 2492.576: Total time for which application threads were stopped: 0.0001605 seconds
2015-04-26T08:44:44.091+0300: 2492.578: Total time for which application threads were stopped: 0.0001708 seconds
2015-04-26T08:44:44.091+0300: 2492.579: Total time for which application threads were stopped: 0.0001708 seconds
2015-04-26T08:44:44.091+0300: 2492.579: Total time for which application threads were stopped: 0.0001063 seconds
2015-04-26T08:44:44.094+0300: 2492.582: Total time for which application threads were stopped: 0.0002742 seconds
2015-04-26T08:44:44.115+0300: 2492.603: Total time for which application threads were stopped: 0.0002031 seconds
2015-04-26T08:44:44.117+0300: 2492.605: Total time for which application threads were stopped: 0.0002082 seconds
2015-04-26T08:44:44.118+0300: 2492.605: Total time for which application threads were stopped: 0.0001085 seconds
2015-04-26T08:44:44.118+0300: 2492.606: Total time for which application threads were stopped: 0.0002742 seconds
2015-04-26T08:44:44.119+0300: 2492.606: Total time for which application threads were stopped: 0.0002778 seconds
2015-04-26T08:44:44.122+0300: 2492.609: Total time for which application threads were stopped: 0.0002163 seconds
2015-04-26T08:44:44.122+0300: 2492.610: Total time for which application threads were stopped: 0.0001679 seconds
2015-04-26T08:44:44.122+0300: 2492.610: Total time for which application threads were stopped: 0.0001532 seconds
2015-04-26T08:44:44.124+0300: 2492.612: Total time for which application threads were stopped: 0.0001855 seconds
2015-04-26T08:44:44.141+0300: 2492.629: Total time for which application threads were stopped: 0.0001979 seconds
2015-04-26T08:44:44.144+0300: 2492.632: Total time for which application threads were stopped: 0.0001378 seconds
2015-04-26T08:44:44.145+0300: 2492.633: Total time for which application threads were stopped: 0.0002749 seconds
2015-04-26T08:44:44.146+0300: 2492.633: Total time for which application threads were stopped: 0.0000990 seconds
2015-04-26T08:44:44.146+0300: 2492.634: Total time for which application threads were stopped: 0.0001415 seconds
2015-04-26T08:44:44.154+0300: 2492.641: Total time for which application threads were stopped: 0.0001466 seconds
2015-04-26T08:44:44.255+0300: 2492.743: Total time for which application threads were stopped: 0.0001466 seconds
2015-04-26T08:44:45.654+0300: 2494.142: Total time for which application threads were stopped: 0.0003739 seconds
2015-04-26T08:44:45.655+0300: 2494.143: Total time for which application threads were stopped: 0.0001188 seconds
2015-04-26T08:44:45.656+0300: 2494.143: Total time for which application threads were stopped: 0.0001202 seconds
2015-04-26T08:44:45.657+0300: 2494.145: Total time for which application threads were stopped: 0.0006568 seconds
2015-04-26T08:44:45.657+0300: 2494.145: Total time for which application threads were stopped: 0.0001415 seconds
2015-04-26T08:44:45.658+0300: 2494.145: Total time for which application threads were stopped: 0.0001239 seconds
2015-04-26T08:44:45.663+0300: 2494.150: Total time for which application threads were stopped: 0.0001569 seconds
2015-04-26T08:44:45.673+0300: 2494.160: Total time for which application threads were stopped: 0.0001510 seconds
2015-04-26T08:44:45.718+0300: 2494.206: Total time for which application threads were stopped: 0.0001591 seconds
2015-04-26T08:44:45.718+0300: 2494.206: Total time for which application threads were stopped: 0.0000880 seconds
Heap
 par new generation   total 109248K, used 78182K [0x00000000dae00000, 0x00000000e2e00000, 0x00000000e2e00000)
  eden space 87424K,  78% used [0x00000000dae00000, 0x00000000df163c78, 0x00000000e0360000)
  from space 21824K,  42% used [0x00000000e18b0000, 0x00000000e21a5bc0, 0x00000000e2e00000)
  to   space 21824K,   0% used [0x00000000e0360000, 0x00000000e0360000, 0x00000000e18b0000)
 concurrent mark-sweep generation total 393216K, used 6566K [0x00000000e2e00000, 0x00000000fae00000, 0x00000000fae00000)
 concurrent-mark-sweep perm gen total 31232K, used 31092K [0x00000000fae00000, 0x00000000fcc80000, 0x0000000100000000)
