2015-04-28T11:44:03.394+0300: 0.690: Total time for which application threads were stopped: 0.0002514 seconds
2015-04-28T11:44:06.394+0300: 3.690: Total time for which application threads were stopped: 0.0002925 seconds
2015-04-28T11:44:07.188+0300: 4.484: Total time for which application threads were stopped: 0.0003878 seconds
2015-04-28T11:44:10.958+0300: 8.254: Total time for which application threads were stopped: 0.0003658 seconds
2015-04-28T11:44:10.959+0300: 8.255: Total time for which application threads were stopped: 0.0001928 seconds
2015-04-28T11:44:11.959+0300: 9.255: Total time for which application threads were stopped: 0.0003643 seconds
2015-04-28T11:44:12.959+0300: 10.255: Total time for which application threads were stopped: 0.0002771 seconds
2015-04-28T11:44:13.002+0300: 10.298: Total time for which application threads were stopped: 0.0002595 seconds
2015-04-28T11:44:13.002+0300: 10.298: Total time for which application threads were stopped: 0.0001649 seconds
2015-04-28T11:44:13.002+0300: 10.298: Total time for which application threads were stopped: 0.0001928 seconds
2015-04-28T11:44:13.003+0300: 10.299: Total time for which application threads were stopped: 0.0001957 seconds
2015-04-28T11:44:13.003+0300: 10.299: Total time for which application threads were stopped: 0.0001649 seconds
2015-04-28T11:44:13.003+0300: 10.299: Total time for which application threads were stopped: 0.0001657 seconds
2015-04-28T11:44:13.003+0300: 10.299: Total time for which application threads were stopped: 0.0001635 seconds
2015-04-28T11:44:13.004+0300: 10.300: Total time for which application threads were stopped: 0.0001693 seconds
2015-04-28T11:44:13.004+0300: 10.300: Total time for which application threads were stopped: 0.0001613 seconds
2015-04-28T11:44:13.004+0300: 10.300: Total time for which application threads were stopped: 0.0001620 seconds
2015-04-28T11:44:13.004+0300: 10.300: Total time for which application threads were stopped: 0.0001598 seconds
2015-04-28T11:44:13.005+0300: 10.301: Total time for which application threads were stopped: 0.0001598 seconds
2015-04-28T11:44:13.005+0300: 10.301: Total time for which application threads were stopped: 0.0001605 seconds
2015-04-28T11:44:13.005+0300: 10.301: Total time for which application threads were stopped: 0.0001481 seconds
2015-04-28T11:44:13.005+0300: 10.301: Total time for which application threads were stopped: 0.0001583 seconds
2015-04-28T11:44:13.006+0300: 10.302: Total time for which application threads were stopped: 0.0001576 seconds
2015-04-28T11:44:13.006+0300: 10.302: Total time for which application threads were stopped: 0.0001671 seconds
2015-04-28T11:44:13.006+0300: 10.302: Total time for which application threads were stopped: 0.0001759 seconds
2015-04-28T11:44:13.006+0300: 10.302: Total time for which application threads were stopped: 0.0001774 seconds
2015-04-28T11:44:13.007+0300: 10.303: Total time for which application threads were stopped: 0.0003929 seconds
2015-04-28T11:44:13.007+0300: 10.304: Total time for which application threads were stopped: 0.0001774 seconds
2015-04-28T11:44:13.008+0300: 10.304: Total time for which application threads were stopped: 0.0001811 seconds
2015-04-28T11:44:13.008+0300: 10.304: Total time for which application threads were stopped: 0.0001774 seconds
2015-04-28T11:44:13.009+0300: 10.305: Total time for which application threads were stopped: 0.0002067 seconds
2015-04-28T11:44:13.018+0300: 10.314: Total time for which application threads were stopped: 0.0001686 seconds
2015-04-28T11:44:13.041+0300: 10.337: Total time for which application threads were stopped: 0.0002192 seconds
2015-04-28T11:44:13.129+0300: 10.424: Total time for which application threads were stopped: 0.0001723 seconds
2015-04-28T11:44:13.130+0300: 10.425: Total time for which application threads were stopped: 0.0001591 seconds
2015-04-28T11:44:13.504+0300: 10.799: Total time for which application threads were stopped: 0.0001825 seconds
2015-04-28T11:44:13.504+0300: 10.799: Total time for which application threads were stopped: 0.0001583 seconds
2015-04-28T11:44:13.682+0300: 10.977: Total time for which application threads were stopped: 0.0001459 seconds
2015-04-28T11:44:13.682+0300: 10.977: Total time for which application threads were stopped: 0.0000990 seconds
2015-04-28T11:44:13.682+0300: 10.977: Total time for which application threads were stopped: 0.0000909 seconds
2015-04-28T11:44:13.683+0300: 10.978: Total time for which application threads were stopped: 0.0001063 seconds
2015-04-28T11:44:13.683+0300: 10.978: Total time for which application threads were stopped: 0.0001048 seconds
2015-04-28T11:44:13.683+0300: 10.978: Total time for which application threads were stopped: 0.0001019 seconds
2015-04-28T11:44:13.683+0300: 10.978: Total time for which application threads were stopped: 0.0000938 seconds
2015-04-28T11:44:13.683+0300: 10.979: Total time for which application threads were stopped: 0.0000960 seconds
2015-04-28T11:44:13.684+0300: 10.979: Total time for which application threads were stopped: 0.0001004 seconds
2015-04-28T11:44:13.684+0300: 10.979: Total time for which application threads were stopped: 0.0001012 seconds
2015-04-28T11:44:13.684+0300: 10.979: Total time for which application threads were stopped: 0.0000997 seconds
2015-04-28T11:44:13.684+0300: 10.979: Total time for which application threads were stopped: 0.0000975 seconds
2015-04-28T11:44:13.684+0300: 10.979: Total time for which application threads were stopped: 0.0001034 seconds
2015-04-28T11:44:13.685+0300: 10.980: Total time for which application threads were stopped: 0.0001078 seconds
2015-04-28T11:44:13.685+0300: 10.980: Total time for which application threads were stopped: 0.0001048 seconds
2015-04-28T11:44:13.685+0300: 10.980: Total time for which application threads were stopped: 0.0001004 seconds
2015-04-28T11:44:13.685+0300: 10.980: Total time for which application threads were stopped: 0.0001012 seconds
2015-04-28T11:44:13.686+0300: 10.981: Total time for which application threads were stopped: 0.0004596 seconds
2015-04-28T11:44:13.860+0300: 11.155: Total time for which application threads were stopped: 0.0001825 seconds
{Heap before GC invocations=0 (full 0):
 par new generation   total 109248K, used 87424K [0x00000000dae00000, 0x00000000e2e00000, 0x00000000e2e00000)
  eden space 87424K, 100% used [0x00000000dae00000, 0x00000000e0360000, 0x00000000e0360000)
  from space 21824K,   0% used [0x00000000e0360000, 0x00000000e0360000, 0x00000000e18b0000)
  to   space 21824K,   0% used [0x00000000e18b0000, 0x00000000e18b0000, 0x00000000e2e00000)
 concurrent mark-sweep generation total 393216K, used 0K [0x00000000e2e00000, 0x00000000fae00000, 0x00000000fae00000)
 concurrent-mark-sweep perm gen total 21248K, used 16731K [0x00000000fae00000, 0x00000000fc2c0000, 0x0000000100000000)
2015-04-28T11:44:13.880+0300: 11.175: [GC2015-04-28T11:44:13.880+0300: 11.176: [ParNew
Desired survivor size 20112992 bytes, new threshold 8 (max 8)
- age   1:   11879264 bytes,   11879264 total
: 87424K->11712K(109248K), 0.0724528 secs] 87424K->11712K(502464K), 0.0726712 secs] [Times: user=0.13 sys=0.03, real=0.07 secs] 
Heap after GC invocations=1 (full 0):
 par new generation   total 109248K, used 11712K [0x00000000dae00000, 0x00000000e2e00000, 0x00000000e2e00000)
  eden space 87424K,   0% used [0x00000000dae00000, 0x00000000dae00000, 0x00000000e0360000)
  from space 21824K,  53% used [0x00000000e18b0000, 0x00000000e24203d8, 0x00000000e2e00000)
  to   space 21824K,   0% used [0x00000000e0360000, 0x00000000e0360000, 0x00000000e18b0000)
 concurrent mark-sweep generation total 393216K, used 0K [0x00000000e2e00000, 0x00000000fae00000, 0x00000000fae00000)
 concurrent-mark-sweep perm gen total 21248K, used 16731K [0x00000000fae00000, 0x00000000fc2c0000, 0x0000000100000000)
}
2015-04-28T11:44:13.953+0300: 11.248: Total time for which application threads were stopped: 0.0732350 seconds
2015-04-28T11:44:13.954+0300: 11.249: Total time for which application threads were stopped: 0.0001627 seconds
2015-04-28T11:44:13.963+0300: 11.258: Total time for which application threads were stopped: 0.0002316 seconds
2015-04-28T11:44:13.965+0300: 11.260: Total time for which application threads were stopped: 0.0001950 seconds
2015-04-28T11:44:13.966+0300: 11.261: Total time for which application threads were stopped: 0.0001686 seconds
2015-04-28T11:44:13.967+0300: 11.262: Total time for which application threads were stopped: 0.0001987 seconds
2015-04-28T11:44:13.972+0300: 11.267: Total time for which application threads were stopped: 0.0004464 seconds
2015-04-28T11:44:13.972+0300: 11.267: Total time for which application threads were stopped: 0.0001466 seconds
2015-04-28T11:44:13.972+0300: 11.267: Total time for which application threads were stopped: 0.0001444 seconds
2015-04-28T11:44:13.973+0300: 11.268: Total time for which application threads were stopped: 0.0001158 seconds
2015-04-28T11:44:13.973+0300: 11.268: Total time for which application threads were stopped: 0.0001481 seconds
2015-04-28T11:44:13.974+0300: 11.269: Total time for which application threads were stopped: 0.0001657 seconds
2015-04-28T11:44:13.974+0300: 11.269: Total time for which application threads were stopped: 0.0001173 seconds
2015-04-28T11:44:13.975+0300: 11.270: Total time for which application threads were stopped: 0.0001429 seconds
2015-04-28T11:44:13.977+0300: 11.272: Total time for which application threads were stopped: 0.0001188 seconds
2015-04-28T11:44:13.978+0300: 11.273: Total time for which application threads were stopped: 0.0000938 seconds
2015-04-28T11:44:13.978+0300: 11.273: Total time for which application threads were stopped: 0.0000880 seconds
2015-04-28T11:44:13.978+0300: 11.273: Total time for which application threads were stopped: 0.0000843 seconds
2015-04-28T11:44:13.978+0300: 11.273: Total time for which application threads were stopped: 0.0000828 seconds
2015-04-28T11:44:13.978+0300: 11.274: Total time for which application threads were stopped: 0.0001151 seconds
2015-04-28T11:44:13.979+0300: 11.274: Total time for which application threads were stopped: 0.0001312 seconds
2015-04-28T11:44:13.979+0300: 11.274: Total time for which application threads were stopped: 0.0000924 seconds
2015-04-28T11:44:13.979+0300: 11.274: Total time for which application threads were stopped: 0.0001188 seconds
2015-04-28T11:44:13.980+0300: 11.275: Total time for which application threads were stopped: 0.0004604 seconds
2015-04-28T11:44:13.982+0300: 11.277: Total time for which application threads were stopped: 0.0001693 seconds
2015-04-28T11:44:13.984+0300: 11.279: Total time for which application threads were stopped: 0.0002309 seconds
2015-04-28T11:44:13.986+0300: 11.281: Total time for which application threads were stopped: 0.0001994 seconds
2015-04-28T11:44:13.990+0300: 11.285: Total time for which application threads were stopped: 0.0002610 seconds
2015-04-28T11:44:13.996+0300: 11.291: Total time for which application threads were stopped: 0.0002368 seconds
2015-04-28T11:44:14.012+0300: 11.307: Total time for which application threads were stopped: 0.0003343 seconds
2015-04-28T11:44:14.013+0300: 11.308: Total time for which application threads were stopped: 0.0001745 seconds
2015-04-28T11:44:14.013+0300: 11.308: Total time for which application threads were stopped: 0.0001781 seconds
2015-04-28T11:44:14.014+0300: 11.309: Total time for which application threads were stopped: 0.0002273 seconds
2015-04-28T11:44:14.014+0300: 11.309: Total time for which application threads were stopped: 0.0001686 seconds
2015-04-28T11:44:14.014+0300: 11.309: Total time for which application threads were stopped: 0.0001649 seconds
2015-04-28T11:44:14.014+0300: 11.310: Total time for which application threads were stopped: 0.0001649 seconds
2015-04-28T11:44:14.015+0300: 11.310: Total time for which application threads were stopped: 0.0001649 seconds
2015-04-28T11:44:14.015+0300: 11.310: Total time for which application threads were stopped: 0.0001649 seconds
2015-04-28T11:44:14.015+0300: 11.310: Total time for which application threads were stopped: 0.0001613 seconds
2015-04-28T11:44:14.015+0300: 11.311: Total time for which application threads were stopped: 0.0001686 seconds
2015-04-28T11:44:14.016+0300: 11.311: Total time for which application threads were stopped: 0.0001620 seconds
2015-04-28T11:44:14.016+0300: 11.311: Total time for which application threads were stopped: 0.0001657 seconds
2015-04-28T11:44:14.016+0300: 11.311: Total time for which application threads were stopped: 0.0001657 seconds
2015-04-28T11:44:14.017+0300: 11.312: Total time for which application threads were stopped: 0.0001715 seconds
2015-04-28T11:44:14.017+0300: 11.312: Total time for which application threads were stopped: 0.0001642 seconds
2015-04-28T11:44:14.017+0300: 11.312: Total time for which application threads were stopped: 0.0001649 seconds
2015-04-28T11:44:14.017+0300: 11.312: Total time for which application threads were stopped: 0.0001620 seconds
2015-04-28T11:44:14.018+0300: 11.313: Total time for which application threads were stopped: 0.0001693 seconds
2015-04-28T11:44:14.018+0300: 11.313: Total time for which application threads were stopped: 0.0001664 seconds
2015-04-28T11:44:14.018+0300: 11.313: Total time for which application threads were stopped: 0.0001671 seconds
2015-04-28T11:44:14.019+0300: 11.314: Total time for which application threads were stopped: 0.0004398 seconds
2015-04-28T11:44:14.019+0300: 11.314: Total time for which application threads were stopped: 0.0001693 seconds
2015-04-28T11:44:14.019+0300: 11.314: Total time for which application threads were stopped: 0.0001642 seconds
2015-04-28T11:44:14.020+0300: 11.315: Total time for which application threads were stopped: 0.0001715 seconds
2015-04-28T11:44:14.020+0300: 11.315: Total time for which application threads were stopped: 0.0001686 seconds
2015-04-28T11:44:14.020+0300: 11.315: Total time for which application threads were stopped: 0.0001679 seconds
2015-04-28T11:44:14.020+0300: 11.316: Total time for which application threads were stopped: 0.0001649 seconds
2015-04-28T11:44:14.021+0300: 11.316: Total time for which application threads were stopped: 0.0001642 seconds
2015-04-28T11:44:14.021+0300: 11.316: Total time for which application threads were stopped: 0.0004340 seconds
2015-04-28T11:44:17.026+0300: 14.321: Total time for which application threads were stopped: 0.0002038 seconds
2015-04-28T11:44:18.026+0300: 15.321: Total time for which application threads were stopped: 0.0001781 seconds
2015-04-28T11:44:19.026+0300: 16.321: Total time for which application threads were stopped: 0.0002822 seconds
2015-04-28T11:44:22.641+0300: 19.936: Total time for which application threads were stopped: 0.0002991 seconds
2015-04-28T11:44:22.709+0300: 20.004: Total time for which application threads were stopped: 0.0002338 seconds
2015-04-28T11:44:23.158+0300: 20.453: Total time for which application threads were stopped: 0.0002229 seconds
2015-04-28T11:44:24.777+0300: 22.073: Total time for which application threads were stopped: 0.0002258 seconds
2015-04-28T11:44:24.778+0300: 22.074: Total time for which application threads were stopped: 0.0001004 seconds
2015-04-28T11:44:24.782+0300: 22.077: Total time for which application threads were stopped: 0.0001034 seconds
2015-04-28T11:44:24.783+0300: 22.078: Total time for which application threads were stopped: 0.0000990 seconds
2015-04-28T11:44:24.783+0300: 22.079: Total time for which application threads were stopped: 0.0000982 seconds
2015-04-28T11:44:24.784+0300: 22.079: Total time for which application threads were stopped: 0.0000997 seconds
2015-04-28T11:44:24.785+0300: 22.080: Total time for which application threads were stopped: 0.0001100 seconds
2015-04-28T11:44:24.785+0300: 22.081: Total time for which application threads were stopped: 0.0000982 seconds
2015-04-28T11:44:24.787+0300: 22.083: Total time for which application threads were stopped: 0.0000975 seconds
2015-04-28T11:44:24.788+0300: 22.083: Total time for which application threads were stopped: 0.0001004 seconds
2015-04-28T11:44:24.788+0300: 22.083: Total time for which application threads were stopped: 0.0001276 seconds
2015-04-28T11:44:24.788+0300: 22.084: Total time for which application threads were stopped: 0.0000982 seconds
2015-04-28T11:44:24.790+0300: 22.086: Total time for which application threads were stopped: 0.0001019 seconds
2015-04-28T11:44:24.790+0300: 22.086: Total time for which application threads were stopped: 0.0000718 seconds
2015-04-28T11:44:25.135+0300: 22.430: Total time for which application threads were stopped: 0.0001217 seconds
2015-04-28T11:44:25.135+0300: 22.431: Total time for which application threads were stopped: 0.0000990 seconds
2015-04-28T11:44:25.136+0300: 22.431: Total time for which application threads were stopped: 0.0000938 seconds
2015-04-28T11:44:25.140+0300: 22.435: Total time for which application threads were stopped: 0.0001056 seconds
2015-04-28T11:44:25.959+0300: 23.254: Total time for which application threads were stopped: 0.0002236 seconds
2015-04-28T11:44:25.960+0300: 23.256: Total time for which application threads were stopped: 0.0001385 seconds
2015-04-28T11:44:25.963+0300: 23.259: Total time for which application threads were stopped: 0.0001583 seconds
2015-04-28T11:44:25.965+0300: 23.260: Total time for which application threads were stopped: 0.0001473 seconds
2015-04-28T11:44:25.965+0300: 23.261: Total time for which application threads were stopped: 0.0001246 seconds
2015-04-28T11:44:25.969+0300: 23.264: Total time for which application threads were stopped: 0.0001591 seconds
2015-04-28T11:44:25.977+0300: 23.273: Total time for which application threads were stopped: 0.0001246 seconds
2015-04-28T11:44:25.978+0300: 23.273: Total time for which application threads were stopped: 0.0000799 seconds
2015-04-28T11:44:25.978+0300: 23.273: Total time for which application threads were stopped: 0.0000674 seconds
2015-04-28T11:44:27.384+0300: 24.680: Total time for which application threads were stopped: 0.0002287 seconds
2015-04-28T11:44:27.393+0300: 24.688: Total time for which application threads were stopped: 0.0001173 seconds
2015-04-28T11:44:27.945+0300: 25.241: Total time for which application threads were stopped: 0.0002382 seconds
2015-04-28T11:44:27.947+0300: 25.242: Total time for which application threads were stopped: 0.0003006 seconds
2015-04-28T11:44:28.576+0300: 25.871: Total time for which application threads were stopped: 0.0002163 seconds
2015-04-28T11:44:28.576+0300: 25.871: Total time for which application threads were stopped: 0.0000843 seconds
2015-04-28T11:44:29.606+0300: 26.902: Total time for which application threads were stopped: 0.0002009 seconds
2015-04-28T11:44:30.096+0300: 27.391: Total time for which application threads were stopped: 0.0001232 seconds
2015-04-28T11:44:30.102+0300: 27.397: Total time for which application threads were stopped: 0.0006803 seconds
2015-04-28T11:44:30.104+0300: 27.399: Total time for which application threads were stopped: 0.0001224 seconds
2015-04-28T11:44:30.133+0300: 27.429: Total time for which application threads were stopped: 0.0005557 seconds
2015-04-28T11:44:30.198+0300: 27.493: Total time for which application threads were stopped: 0.0003805 seconds
2015-04-28T11:44:31.532+0300: 28.827: Total time for which application threads were stopped: 0.0002558 seconds
2015-04-28T11:44:31.533+0300: 28.827: Total time for which application threads were stopped: 0.0000762 seconds
2015-04-28T11:44:31.543+0300: 28.838: Total time for which application threads were stopped: 0.0002573 seconds
2015-04-28T11:44:31.785+0300: 29.080: Total time for which application threads were stopped: 0.0001422 seconds
2015-04-28T11:44:31.961+0300: 29.255: Total time for which application threads were stopped: 0.0006143 seconds
2015-04-28T11:44:31.996+0300: 29.291: Total time for which application threads were stopped: 0.0001583 seconds
2015-04-28T11:44:32.001+0300: 29.296: Total time for which application threads were stopped: 0.0001371 seconds
2015-04-28T11:44:32.230+0300: 29.525: Total time for which application threads were stopped: 0.0023209 seconds
2015-04-28T11:44:32.230+0300: 29.525: Total time for which application threads were stopped: 0.0002426 seconds
2015-04-28T11:44:32.243+0300: 29.538: Total time for which application threads were stopped: 0.0002478 seconds
2015-04-28T11:44:32.243+0300: 29.538: Total time for which application threads were stopped: 0.0001891 seconds
2015-04-28T11:44:32.245+0300: 29.540: Total time for which application threads were stopped: 0.0002316 seconds
2015-04-28T11:44:32.249+0300: 29.543: Total time for which application threads were stopped: 0.0015328 seconds
2015-04-28T11:44:32.253+0300: 29.548: Total time for which application threads were stopped: 0.0003680 seconds
2015-04-28T11:44:32.255+0300: 29.549: Total time for which application threads were stopped: 0.0015563 seconds
2015-04-28T11:44:32.257+0300: 29.552: Total time for which application threads were stopped: 0.0019727 seconds
2015-04-28T11:44:32.258+0300: 29.552: Total time for which application threads were stopped: 0.0001965 seconds
2015-04-28T11:44:32.264+0300: 29.559: Total time for which application threads were stopped: 0.0002456 seconds
2015-04-28T11:44:32.276+0300: 29.571: Total time for which application threads were stopped: 0.0002258 seconds
2015-04-28T11:44:32.276+0300: 29.571: Total time for which application threads were stopped: 0.0001862 seconds
2015-04-28T11:44:32.277+0300: 29.572: Total time for which application threads were stopped: 0.0001781 seconds
2015-04-28T11:44:32.381+0300: 29.676: Total time for which application threads were stopped: 0.0004545 seconds
2015-04-28T11:44:32.434+0300: 29.729: Total time for which application threads were stopped: 0.0001737 seconds
2015-04-28T11:44:32.446+0300: 29.740: Total time for which application threads were stopped: 0.0017916 seconds
2015-04-28T11:44:32.455+0300: 29.750: Total time for which application threads were stopped: 0.0002316 seconds
2015-04-28T11:44:32.459+0300: 29.753: Total time for which application threads were stopped: 0.0002874 seconds
2015-04-28T11:44:32.464+0300: 29.759: Total time for which application threads were stopped: 0.0002764 seconds
2015-04-28T11:44:32.466+0300: 29.760: Total time for which application threads were stopped: 0.0001708 seconds
2015-04-28T11:44:32.466+0300: 29.761: Total time for which application threads were stopped: 0.0001525 seconds
2015-04-28T11:44:32.468+0300: 29.763: Total time for which application threads were stopped: 0.0002089 seconds
2015-04-28T11:44:32.469+0300: 29.763: Total time for which application threads were stopped: 0.0002353 seconds
2015-04-28T11:44:32.469+0300: 29.764: Total time for which application threads were stopped: 0.0001891 seconds
2015-04-28T11:44:32.470+0300: 29.764: Total time for which application threads were stopped: 0.0001605 seconds
2015-04-28T11:44:32.470+0300: 29.765: Total time for which application threads were stopped: 0.0001767 seconds
2015-04-28T11:44:32.472+0300: 29.767: Total time for which application threads were stopped: 0.0001635 seconds
2015-04-28T11:44:32.475+0300: 29.770: Total time for which application threads were stopped: 0.0002060 seconds
2015-04-28T11:44:32.476+0300: 29.770: Total time for which application threads were stopped: 0.0002016 seconds
2015-04-28T11:44:32.476+0300: 29.771: Total time for which application threads were stopped: 0.0001635 seconds
2015-04-28T11:44:32.478+0300: 29.773: Total time for which application threads were stopped: 0.0002067 seconds
2015-04-28T11:44:32.479+0300: 29.773: Total time for which application threads were stopped: 0.0001422 seconds
2015-04-28T11:44:32.484+0300: 29.778: Total time for which application threads were stopped: 0.0041792 seconds
2015-04-28T11:44:32.488+0300: 29.783: Total time for which application threads were stopped: 0.0002097 seconds
2015-04-28T11:44:32.490+0300: 29.785: Total time for which application threads were stopped: 0.0002404 seconds
2015-04-28T11:44:32.496+0300: 29.791: Total time for which application threads were stopped: 0.0001649 seconds
2015-04-28T11:44:32.498+0300: 29.792: Total time for which application threads were stopped: 0.0001701 seconds
2015-04-28T11:44:32.499+0300: 29.793: Total time for which application threads were stopped: 0.0001605 seconds
2015-04-28T11:44:32.499+0300: 29.794: Total time for which application threads were stopped: 0.0001730 seconds
2015-04-28T11:44:32.500+0300: 29.794: Total time for which application threads were stopped: 0.0001686 seconds
2015-04-28T11:44:32.500+0300: 29.795: Total time for which application threads were stopped: 0.0001921 seconds
2015-04-28T11:44:32.501+0300: 29.796: Total time for which application threads were stopped: 0.0001899 seconds
2015-04-28T11:44:32.502+0300: 29.796: Total time for which application threads were stopped: 0.0002016 seconds
2015-04-28T11:44:32.502+0300: 29.796: Total time for which application threads were stopped: 0.0001473 seconds
2015-04-28T11:44:32.504+0300: 29.799: Total time for which application threads were stopped: 0.0003805 seconds
2015-04-28T11:44:32.505+0300: 29.800: Total time for which application threads were stopped: 0.0001950 seconds
2015-04-28T11:44:32.506+0300: 29.800: Total time for which application threads were stopped: 0.0001796 seconds
2015-04-28T11:44:32.509+0300: 29.804: Total time for which application threads were stopped: 0.0016362 seconds
2015-04-28T11:44:32.511+0300: 29.806: Total time for which application threads were stopped: 0.0002764 seconds
2015-04-28T11:44:32.513+0300: 29.808: Total time for which application threads were stopped: 0.0012821 seconds
2015-04-28T11:44:32.518+0300: 29.813: Total time for which application threads were stopped: 0.0007023 seconds
2015-04-28T11:44:32.523+0300: 29.818: Total time for which application threads were stopped: 0.0002258 seconds
2015-04-28T11:44:32.528+0300: 29.823: Total time for which application threads were stopped: 0.0004538 seconds
2015-04-28T11:44:32.542+0300: 29.837: Total time for which application threads were stopped: 0.0003467 seconds
2015-04-28T11:44:32.559+0300: 29.854: Total time for which application threads were stopped: 0.0002155 seconds
2015-04-28T11:44:32.559+0300: 29.854: Total time for which application threads were stopped: 0.0001671 seconds
2015-04-28T11:44:32.561+0300: 29.855: Total time for which application threads were stopped: 0.0001935 seconds
2015-04-28T11:44:32.561+0300: 29.856: Total time for which application threads were stopped: 0.0001642 seconds
2015-04-28T11:44:32.563+0300: 29.858: Total time for which application threads were stopped: 0.0002133 seconds
2015-04-28T11:44:32.583+0300: 29.878: Total time for which application threads were stopped: 0.0013591 seconds
2015-04-28T11:44:32.586+0300: 29.881: Total time for which application threads were stopped: 0.0013708 seconds
2015-04-28T11:44:32.587+0300: 29.881: Total time for which application threads were stopped: 0.0002163 seconds
2015-04-28T11:44:32.587+0300: 29.882: Total time for which application threads were stopped: 0.0002595 seconds
2015-04-28T11:44:32.588+0300: 29.882: Total time for which application threads were stopped: 0.0002412 seconds
2015-04-28T11:44:32.588+0300: 29.882: Total time for which application threads were stopped: 0.0001877 seconds
2015-04-28T11:44:32.589+0300: 29.883: Total time for which application threads were stopped: 0.0002573 seconds
2015-04-28T11:44:32.605+0300: 29.899: Total time for which application threads were stopped: 0.0003599 seconds
2015-04-28T11:44:32.605+0300: 29.900: Total time for which application threads were stopped: 0.0001679 seconds
2015-04-28T11:44:32.606+0300: 29.900: Total time for which application threads were stopped: 0.0002441 seconds
2015-04-28T11:44:32.606+0300: 29.901: Total time for which application threads were stopped: 0.0001635 seconds
2015-04-28T11:44:32.635+0300: 29.930: Total time for which application threads were stopped: 0.0002280 seconds
2015-04-28T11:44:32.741+0300: 30.036: Total time for which application threads were stopped: 0.0006106 seconds
2015-04-28T11:44:32.745+0300: 30.040: Total time for which application threads were stopped: 0.0002573 seconds
2015-04-28T11:44:32.747+0300: 30.041: Total time for which application threads were stopped: 0.0002097 seconds
2015-04-28T11:44:32.748+0300: 30.043: Total time for which application threads were stopped: 0.0002720 seconds
2015-04-28T11:44:32.748+0300: 30.043: Total time for which application threads were stopped: 0.0002280 seconds
2015-04-28T11:44:32.881+0300: 30.176: Total time for which application threads were stopped: 0.0019111 seconds
2015-04-28T11:44:33.001+0300: 30.296: Total time for which application threads were stopped: 0.0023920 seconds
2015-04-28T11:44:33.043+0300: 30.338: Total time for which application threads were stopped: 0.0011238 seconds
2015-04-28T11:44:33.046+0300: 30.340: Total time for which application threads were stopped: 0.0001943 seconds
2015-04-28T11:44:33.166+0300: 30.461: Total time for which application threads were stopped: 0.0007712 seconds
2015-04-28T11:44:33.202+0300: 30.496: Total time for which application threads were stopped: 0.0017828 seconds
2015-04-28T11:44:33.766+0300: 31.061: Total time for which application threads were stopped: 0.0004934 seconds
2015-04-28T11:44:33.824+0300: 31.118: Total time for which application threads were stopped: 0.0037394 seconds
2015-04-28T11:44:34.825+0300: 32.119: Total time for which application threads were stopped: 0.0010168 seconds
{Heap before GC invocations=1 (full 0):
 par new generation   total 109248K, used 99136K [0x00000000dae00000, 0x00000000e2e00000, 0x00000000e2e00000)
  eden space 87424K, 100% used [0x00000000dae00000, 0x00000000e0360000, 0x00000000e0360000)
  from space 21824K,  53% used [0x00000000e18b0000, 0x00000000e24203d8, 0x00000000e2e00000)
  to   space 21824K,   0% used [0x00000000e0360000, 0x00000000e0360000, 0x00000000e18b0000)
 concurrent mark-sweep generation total 393216K, used 0K [0x00000000e2e00000, 0x00000000fae00000, 0x00000000fae00000)
 concurrent-mark-sweep perm gen total 21248K, used 19955K [0x00000000fae00000, 0x00000000fc2c0000, 0x0000000100000000)
2015-04-28T11:44:35.336+0300: 32.631: [GC2015-04-28T11:44:35.336+0300: 32.631: [ParNew
Desired survivor size 20112992 bytes, new threshold 8 (max 8)
- age   1:    5856528 bytes,    5856528 total
- age   2:    4059872 bytes,    9916400 total
: 99136K->11507K(109248K), 0.0458028 secs] 99136K->11507K(502464K), 0.0460763 secs] [Times: user=0.17 sys=0.01, real=0.05 secs] 
Heap after GC invocations=2 (full 0):
 par new generation   total 109248K, used 11507K [0x00000000dae00000, 0x00000000e2e00000, 0x00000000e2e00000)
  eden space 87424K,   0% used [0x00000000dae00000, 0x00000000dae00000, 0x00000000e0360000)
  from space 21824K,  52% used [0x00000000e0360000, 0x00000000e0e9cf90, 0x00000000e18b0000)
  to   space 21824K,   0% used [0x00000000e18b0000, 0x00000000e18b0000, 0x00000000e2e00000)
 concurrent mark-sweep generation total 393216K, used 0K [0x00000000e2e00000, 0x00000000fae00000, 0x00000000fae00000)
 concurrent-mark-sweep perm gen total 21248K, used 19955K [0x00000000fae00000, 0x00000000fc2c0000, 0x0000000100000000)
}
2015-04-28T11:44:35.382+0300: 32.677: Total time for which application threads were stopped: 0.0474977 seconds
2015-04-28T11:44:35.383+0300: 32.678: Total time for which application threads were stopped: 0.0003357 seconds
2015-04-28T11:44:35.383+0300: 32.678: Total time for which application threads were stopped: 0.0001495 seconds
2015-04-28T11:44:35.383+0300: 32.678: Total time for which application threads were stopped: 0.0001004 seconds
2015-04-28T11:44:35.390+0300: 32.684: Total time for which application threads were stopped: 0.0001818 seconds
2015-04-28T11:44:35.390+0300: 32.685: Total time for which application threads were stopped: 0.0001188 seconds
2015-04-28T11:44:35.390+0300: 32.685: Total time for which application threads were stopped: 0.0000865 seconds
2015-04-28T11:44:35.390+0300: 32.685: Total time for which application threads were stopped: 0.0000814 seconds
2015-04-28T11:44:35.390+0300: 32.685: Total time for which application threads were stopped: 0.0000821 seconds
2015-04-28T11:44:35.391+0300: 32.685: Total time for which application threads were stopped: 0.0000880 seconds
2015-04-28T11:44:35.391+0300: 32.685: Total time for which application threads were stopped: 0.0000865 seconds
2015-04-28T11:44:35.391+0300: 32.686: Total time for which application threads were stopped: 0.0000887 seconds
2015-04-28T11:44:35.391+0300: 32.686: Total time for which application threads were stopped: 0.0000858 seconds
2015-04-28T11:44:35.391+0300: 32.686: Total time for which application threads were stopped: 0.0001371 seconds
2015-04-28T11:44:35.396+0300: 32.691: Total time for which application threads were stopped: 0.0001539 seconds
2015-04-28T11:44:35.402+0300: 32.697: Total time for which application threads were stopped: 0.0001730 seconds
2015-04-28T11:44:35.402+0300: 32.697: Total time for which application threads were stopped: 0.0002375 seconds
2015-04-28T11:44:35.403+0300: 32.697: Total time for which application threads were stopped: 0.0001019 seconds
2015-04-28T11:44:35.403+0300: 32.697: Total time for which application threads were stopped: 0.0000931 seconds
2015-04-28T11:44:35.403+0300: 32.698: Total time for which application threads were stopped: 0.0000894 seconds
2015-04-28T11:44:35.404+0300: 32.698: Total time for which application threads were stopped: 0.0006979 seconds
2015-04-28T11:44:35.409+0300: 32.703: Total time for which application threads were stopped: 0.0002492 seconds
2015-04-28T11:44:35.415+0300: 32.710: Total time for which application threads were stopped: 0.0002243 seconds
2015-04-28T11:44:35.418+0300: 32.713: Total time for which application threads were stopped: 0.0001862 seconds
2015-04-28T11:44:35.467+0300: 32.762: Total time for which application threads were stopped: 0.0062186 seconds
2015-04-28T11:44:36.467+0300: 33.762: Total time for which application threads were stopped: 0.0003313 seconds
2015-04-28T11:44:36.641+0300: 33.935: Total time for which application threads were stopped: 0.0002566 seconds
2015-04-28T11:44:36.643+0300: 33.938: Total time for which application threads were stopped: 0.0002097 seconds
2015-04-28T11:44:36.644+0300: 33.938: Total time for which application threads were stopped: 0.0002082 seconds
2015-04-28T11:44:36.647+0300: 33.942: Total time for which application threads were stopped: 0.0001723 seconds
2015-04-28T11:44:36.681+0300: 33.976: Total time for which application threads were stopped: 0.0008328 seconds
2015-04-28T11:44:36.701+0300: 33.996: Total time for which application threads were stopped: 0.0010695 seconds
2015-04-28T11:44:36.709+0300: 34.003: Total time for which application threads were stopped: 0.0016142 seconds
2015-04-28T11:44:36.710+0300: 34.005: Total time for which application threads were stopped: 0.0002588 seconds
2015-04-28T11:44:36.711+0300: 34.006: Total time for which application threads were stopped: 0.0001855 seconds
2015-04-28T11:44:37.332+0300: 34.627: Total time for which application threads were stopped: 0.0217193 seconds
2015-04-28T11:44:37.333+0300: 34.628: Total time for which application threads were stopped: 0.0001906 seconds
2015-04-28T11:44:37.333+0300: 34.628: Total time for which application threads were stopped: 0.0001781 seconds
2015-04-28T11:44:37.342+0300: 34.636: Total time for which application threads were stopped: 0.0002478 seconds
2015-04-28T11:44:37.342+0300: 34.637: Total time for which application threads were stopped: 0.0001649 seconds
2015-04-28T11:44:37.343+0300: 34.638: Total time for which application threads were stopped: 0.0001950 seconds
{Heap before GC invocations=2 (full 0):
 par new generation   total 109248K, used 98931K [0x00000000dae00000, 0x00000000e2e00000, 0x00000000e2e00000)
  eden space 87424K, 100% used [0x00000000dae00000, 0x00000000e0360000, 0x00000000e0360000)
  from space 21824K,  52% used [0x00000000e0360000, 0x00000000e0e9cf90, 0x00000000e18b0000)
  to   space 21824K,   0% used [0x00000000e18b0000, 0x00000000e18b0000, 0x00000000e2e00000)
 concurrent mark-sweep generation total 393216K, used 0K [0x00000000e2e00000, 0x00000000fae00000, 0x00000000fae00000)
 concurrent-mark-sweep perm gen total 21248K, used 20396K [0x00000000fae00000, 0x00000000fc2c0000, 0x0000000100000000)
2015-04-28T11:44:37.539+0300: 34.834: [GC2015-04-28T11:44:37.539+0300: 34.834: [ParNew
Desired survivor size 20112992 bytes, new threshold 8 (max 8)
- age   1:    2193624 bytes,    2193624 total
- age   2:    3585248 bytes,    5778872 total
- age   3:    4055552 bytes,    9834424 total
: 98931K->15587K(109248K), 0.0699252 secs] 98931K->15587K(502464K), 0.0702059 secs] [Times: user=0.14 sys=0.00, real=0.07 secs] 
Heap after GC invocations=3 (full 0):
 par new generation   total 109248K, used 15587K [0x00000000dae00000, 0x00000000e2e00000, 0x00000000e2e00000)
  eden space 87424K,   0% used [0x00000000dae00000, 0x00000000dae00000, 0x00000000e0360000)
  from space 21824K,  71% used [0x00000000e18b0000, 0x00000000e27e8d00, 0x00000000e2e00000)
  to   space 21824K,   0% used [0x00000000e0360000, 0x00000000e0360000, 0x00000000e18b0000)
 concurrent mark-sweep generation total 393216K, used 0K [0x00000000e2e00000, 0x00000000fae00000, 0x00000000fae00000)
 concurrent-mark-sweep perm gen total 21248K, used 20396K [0x00000000fae00000, 0x00000000fc2c0000, 0x0000000100000000)
}
2015-04-28T11:44:37.610+0300: 34.904: Total time for which application threads were stopped: 0.1587818 seconds
2015-04-28T11:44:37.631+0300: 34.925: Total time for which application threads were stopped: 0.0019507 seconds
2015-04-28T11:44:37.631+0300: 34.926: Total time for which application threads were stopped: 0.0002207 seconds
2015-04-28T11:44:37.636+0300: 34.931: Total time for which application threads were stopped: 0.0020240 seconds
2015-04-28T11:44:37.710+0300: 35.005: Total time for which application threads were stopped: 0.0002185 seconds
2015-04-28T11:44:37.802+0300: 35.097: Total time for which application threads were stopped: 0.0871801 seconds
2015-04-28T11:44:37.824+0300: 35.119: Total time for which application threads were stopped: 0.0021582 seconds
2015-04-28T11:44:37.825+0300: 35.120: Total time for which application threads were stopped: 0.0002397 seconds
2015-04-28T11:44:37.827+0300: 35.122: Total time for which application threads were stopped: 0.0002316 seconds
2015-04-28T11:44:37.833+0300: 35.128: Total time for which application threads were stopped: 0.0018327 seconds
2015-04-28T11:44:37.900+0300: 35.195: Total time for which application threads were stopped: 0.0660487 seconds
2015-04-28T11:44:37.902+0300: 35.197: Total time for which application threads were stopped: 0.0002874 seconds
2015-04-28T11:44:37.902+0300: 35.197: Total time for which application threads were stopped: 0.0001708 seconds
2015-04-28T11:44:37.919+0300: 35.214: Total time for which application threads were stopped: 0.0020695 seconds
2015-04-28T11:44:38.099+0300: 35.394: Total time for which application threads were stopped: 0.0009567 seconds
2015-04-28T11:44:38.112+0300: 35.407: Total time for which application threads were stopped: 0.0015666 seconds
2015-04-28T11:44:38.146+0300: 35.440: Total time for which application threads were stopped: 0.0008254 seconds
2015-04-28T11:44:38.155+0300: 35.449: Total time for which application threads were stopped: 0.0002566 seconds
2015-04-28T11:44:38.201+0300: 35.496: Total time for which application threads were stopped: 0.0020599 seconds
2015-04-28T11:44:38.247+0300: 35.541: Total time for which application threads were stopped: 0.0003966 seconds
2015-04-28T11:44:38.708+0300: 36.003: Total time for which application threads were stopped: 0.0007169 seconds
2015-04-28T11:44:38.729+0300: 36.023: Total time for which application threads were stopped: 0.0004003 seconds
2015-04-28T11:44:38.730+0300: 36.024: Total time for which application threads were stopped: 0.0007785 seconds
2015-04-28T11:44:38.733+0300: 36.028: Total time for which application threads were stopped: 0.0002954 seconds
2015-04-28T11:44:39.035+0300: 36.330: Total time for which application threads were stopped: 0.1237829 seconds
2015-04-28T11:44:39.039+0300: 36.334: Total time for which application threads were stopped: 0.0003240 seconds
2015-04-28T11:44:39.042+0300: 36.337: Total time for which application threads were stopped: 0.0003592 seconds
2015-04-28T11:44:39.081+0300: 36.375: Total time for which application threads were stopped: 0.0001972 seconds
2015-04-28T11:44:39.086+0300: 36.381: Total time for which application threads were stopped: 0.0002617 seconds
2015-04-28T11:44:39.086+0300: 36.381: Total time for which application threads were stopped: 0.0001620 seconds
2015-04-28T11:44:39.087+0300: 36.382: Total time for which application threads were stopped: 0.0001561 seconds
{Heap before GC invocations=3 (full 0):
 par new generation   total 109248K, used 103011K [0x00000000dae00000, 0x00000000e2e00000, 0x00000000e2e00000)
  eden space 87424K, 100% used [0x00000000dae00000, 0x00000000e0360000, 0x00000000e0360000)
  from space 21824K,  71% used [0x00000000e18b0000, 0x00000000e27e8d00, 0x00000000e2e00000)
  to   space 21824K,   0% used [0x00000000e0360000, 0x00000000e0360000, 0x00000000e18b0000)
 concurrent mark-sweep generation total 393216K, used 0K [0x00000000e2e00000, 0x00000000fae00000, 0x00000000fae00000)
 concurrent-mark-sweep perm gen total 21248K, used 21005K [0x00000000fae00000, 0x00000000fc2c0000, 0x0000000100000000)
2015-04-28T11:44:39.141+0300: 36.436: [GC2015-04-28T11:44:39.142+0300: 36.436: [ParNew
Desired survivor size 20112992 bytes, new threshold 8 (max 8)
- age   1:    1412064 bytes,    1412064 total
- age   2:    1678400 bytes,    3090464 total
- age   3:    3561040 bytes,    6651504 total
- age   4:    4052080 bytes,   10703584 total
: 103011K->13883K(109248K), 0.0572548 secs] 103011K->13883K(502464K), 0.0575055 secs] [Times: user=0.17 sys=0.00, real=0.06 secs] 
Heap after GC invocations=4 (full 0):
 par new generation   total 109248K, used 13883K [0x00000000dae00000, 0x00000000e2e00000, 0x00000000e2e00000)
  eden space 87424K,   0% used [0x00000000dae00000, 0x00000000dae00000, 0x00000000e0360000)
  from space 21824K,  63% used [0x00000000e0360000, 0x00000000e10eeca0, 0x00000000e18b0000)
  to   space 21824K,   0% used [0x00000000e18b0000, 0x00000000e18b0000, 0x00000000e2e00000)
 concurrent mark-sweep generation total 393216K, used 0K [0x00000000e2e00000, 0x00000000fae00000, 0x00000000fae00000)
 concurrent-mark-sweep perm gen total 21248K, used 21005K [0x00000000fae00000, 0x00000000fc2c0000, 0x0000000100000000)
}
2015-04-28T11:44:39.199+0300: 36.494: Total time for which application threads were stopped: 0.0597436 seconds
2015-04-28T11:44:39.405+0300: 36.700: Total time for which application threads were stopped: 0.0058396 seconds
2015-04-28T11:44:39.411+0300: 36.706: Total time for which application threads were stopped: 0.0051681 seconds
2015-04-28T11:44:39.456+0300: 36.750: Total time for which application threads were stopped: 0.0002617 seconds
2015-04-28T11:44:39.537+0300: 36.832: Total time for which application threads were stopped: 0.0027160 seconds
2015-04-28T11:44:39.636+0300: 36.931: Total time for which application threads were stopped: 0.0023290 seconds
{Heap before GC invocations=4 (full 0):
 par new generation   total 109248K, used 101307K [0x00000000dae00000, 0x00000000e2e00000, 0x00000000e2e00000)
  eden space 87424K, 100% used [0x00000000dae00000, 0x00000000e0360000, 0x00000000e0360000)
  from space 21824K,  63% used [0x00000000e0360000, 0x00000000e10eeca0, 0x00000000e18b0000)
  to   space 21824K,   0% used [0x00000000e18b0000, 0x00000000e18b0000, 0x00000000e2e00000)
 concurrent mark-sweep generation total 393216K, used 0K [0x00000000e2e00000, 0x00000000fae00000, 0x00000000fae00000)
 concurrent-mark-sweep perm gen total 21632K, used 21466K [0x00000000fae00000, 0x00000000fc320000, 0x0000000100000000)
2015-04-28T11:44:40.039+0300: 37.333: [GC2015-04-28T11:44:40.039+0300: 37.334: [ParNew
Desired survivor size 20112992 bytes, new threshold 8 (max 8)
- age   1:     788752 bytes,     788752 total
- age   2:     818768 bytes,    1607520 total
- age   3:    1678296 bytes,    3285816 total
- age   4:    3556568 bytes,    6842384 total
- age   5:    4050760 bytes,   10893144 total
: 101307K->13960K(109248K), 0.0443491 secs] 101307K->13960K(502464K), 0.0445808 secs] [Times: user=0.13 sys=0.00, real=0.04 secs] 
Heap after GC invocations=5 (full 0):
 par new generation   total 109248K, used 13960K [0x00000000dae00000, 0x00000000e2e00000, 0x00000000e2e00000)
  eden space 87424K,   0% used [0x00000000dae00000, 0x00000000dae00000, 0x00000000e0360000)
  from space 21824K,  63% used [0x00000000e18b0000, 0x00000000e26522e0, 0x00000000e2e00000)
  to   space 21824K,   0% used [0x00000000e0360000, 0x00000000e0360000, 0x00000000e18b0000)
 concurrent mark-sweep generation total 393216K, used 0K [0x00000000e2e00000, 0x00000000fae00000, 0x00000000fae00000)
 concurrent-mark-sweep perm gen total 21632K, used 21466K [0x00000000fae00000, 0x00000000fc320000, 0x0000000100000000)
}
2015-04-28T11:44:40.084+0300: 37.378: Total time for which application threads were stopped: 0.0471729 seconds
{Heap before GC invocations=5 (full 0):
 par new generation   total 109248K, used 101384K [0x00000000dae00000, 0x00000000e2e00000, 0x00000000e2e00000)
  eden space 87424K, 100% used [0x00000000dae00000, 0x00000000e0360000, 0x00000000e0360000)
  from space 21824K,  63% used [0x00000000e18b0000, 0x00000000e26522e0, 0x00000000e2e00000)
  to   space 21824K,   0% used [0x00000000e0360000, 0x00000000e0360000, 0x00000000e18b0000)
 concurrent mark-sweep generation total 393216K, used 0K [0x00000000e2e00000, 0x00000000fae00000, 0x00000000fae00000)
 concurrent-mark-sweep perm gen total 21824K, used 21687K [0x00000000fae00000, 0x00000000fc350000, 0x0000000100000000)
2015-04-28T11:44:40.944+0300: 38.238: [GC2015-04-28T11:44:40.944+0300: 38.239: [ParNew
Desired survivor size 20112992 bytes, new threshold 8 (max 8)
- age   1:     336200 bytes,     336200 total
- age   2:      83368 bytes,     419568 total
- age   3:     817456 bytes,    1237024 total
- age   4:    1678256 bytes,    2915280 total
- age   5:    3541096 bytes,    6456376 total
- age   6:    4050560 bytes,   10506936 total
: 101384K->11831K(109248K), 0.0450250 secs] 101384K->11831K(502464K), 0.0452787 secs] [Times: user=0.14 sys=0.00, real=0.05 secs] 
Heap after GC invocations=6 (full 0):
 par new generation   total 109248K, used 11831K [0x00000000dae00000, 0x00000000e2e00000, 0x00000000e2e00000)
  eden space 87424K,   0% used [0x00000000dae00000, 0x00000000dae00000, 0x00000000e0360000)
  from space 21824K,  54% used [0x00000000e0360000, 0x00000000e0eedcd0, 0x00000000e18b0000)
  to   space 21824K,   0% used [0x00000000e18b0000, 0x00000000e18b0000, 0x00000000e2e00000)
 concurrent mark-sweep generation total 393216K, used 0K [0x00000000e2e00000, 0x00000000fae00000, 0x00000000fae00000)
 concurrent-mark-sweep perm gen total 21824K, used 21687K [0x00000000fae00000, 0x00000000fc350000, 0x0000000100000000)
}
2015-04-28T11:44:40.989+0300: 38.284: Total time for which application threads were stopped: 0.0476971 seconds
2015-04-28T11:44:41.243+0300: 38.538: Total time for which application threads were stopped: 0.0100562 seconds
2015-04-28T11:44:41.593+0300: 38.888: Total time for which application threads were stopped: 0.0184396 seconds
{Heap before GC invocations=6 (full 0):
 par new generation   total 109248K, used 99255K [0x00000000dae00000, 0x00000000e2e00000, 0x00000000e2e00000)
  eden space 87424K, 100% used [0x00000000dae00000, 0x00000000e0360000, 0x00000000e0360000)
  from space 21824K,  54% used [0x00000000e0360000, 0x00000000e0eedcd0, 0x00000000e18b0000)
  to   space 21824K,   0% used [0x00000000e18b0000, 0x00000000e18b0000, 0x00000000e2e00000)
 concurrent mark-sweep generation total 393216K, used 0K [0x00000000e2e00000, 0x00000000fae00000, 0x00000000fae00000)
 concurrent-mark-sweep perm gen total 21824K, used 21721K [0x00000000fae00000, 0x00000000fc350000, 0x0000000100000000)
2015-04-28T11:44:41.636+0300: 38.931: [GC2015-04-28T11:44:41.637+0300: 38.931: [ParNew
Desired survivor size 20112992 bytes, new threshold 8 (max 8)
- age   1:     202456 bytes,     202456 total
- age   2:     151312 bytes,     353768 total
- age   3:      82792 bytes,     436560 total
- age   4:     817368 bytes,    1253928 total
- age   5:    1678224 bytes,    2932152 total
- age   6:    3538560 bytes,    6470712 total
- age   7:    4050560 bytes,   10521272 total
: 99255K->13515K(109248K), 0.0834569 secs] 99255K->13515K(502464K), 0.0837098 secs] [Times: user=0.16 sys=0.02, real=0.08 secs] 
Heap after GC invocations=7 (full 0):
 par new generation   total 109248K, used 13515K [0x00000000dae00000, 0x00000000e2e00000, 0x00000000e2e00000)
  eden space 87424K,   0% used [0x00000000dae00000, 0x00000000dae00000, 0x00000000e0360000)
  from space 21824K,  61% used [0x00000000e18b0000, 0x00000000e25e2c90, 0x00000000e2e00000)
  to   space 21824K,   0% used [0x00000000e0360000, 0x00000000e0360000, 0x00000000e18b0000)
 concurrent mark-sweep generation total 393216K, used 0K [0x00000000e2e00000, 0x00000000fae00000, 0x00000000fae00000)
 concurrent-mark-sweep perm gen total 21824K, used 21721K [0x00000000fae00000, 0x00000000fc350000, 0x0000000100000000)
}
2015-04-28T11:44:41.720+0300: 39.015: Total time for which application threads were stopped: 0.0861553 seconds
2015-04-28T11:44:41.764+0300: 39.059: Total time for which application threads were stopped: 0.0014353 seconds
2015-04-28T11:44:41.769+0300: 39.063: Total time for which application threads were stopped: 0.0002580 seconds
2015-04-28T11:44:41.854+0300: 39.149: Total time for which application threads were stopped: 0.0010901 seconds
2015-04-28T11:44:41.926+0300: 39.221: Total time for which application threads were stopped: 0.0002287 seconds
2015-04-28T11:44:42.133+0300: 39.428: Total time for which application threads were stopped: 0.0003401 seconds
2015-04-28T11:44:42.169+0300: 39.464: Total time for which application threads were stopped: 0.0002962 seconds
2015-04-28T11:44:42.215+0300: 39.509: Total time for which application threads were stopped: 0.0001767 seconds
2015-04-28T11:44:42.439+0300: 39.734: Total time for which application threads were stopped: 0.0022879 seconds
2015-04-28T11:44:42.528+0300: 39.823: Total time for which application threads were stopped: 0.0002280 seconds
{Heap before GC invocations=7 (full 0):
 par new generation   total 109248K, used 100939K [0x00000000dae00000, 0x00000000e2e00000, 0x00000000e2e00000)
  eden space 87424K, 100% used [0x00000000dae00000, 0x00000000e0360000, 0x00000000e0360000)
  from space 21824K,  61% used [0x00000000e18b0000, 0x00000000e25e2c90, 0x00000000e2e00000)
  to   space 21824K,   0% used [0x00000000e0360000, 0x00000000e0360000, 0x00000000e18b0000)
 concurrent mark-sweep generation total 393216K, used 0K [0x00000000e2e00000, 0x00000000fae00000, 0x00000000fae00000)
 concurrent-mark-sweep perm gen total 22400K, used 22326K [0x00000000fae00000, 0x00000000fc3e0000, 0x0000000100000000)
2015-04-28T11:44:42.689+0300: 39.984: [GC2015-04-28T11:44:42.689+0300: 39.984: [ParNew
Desired survivor size 20112992 bytes, new threshold 8 (max 8)
- age   1:     322024 bytes,     322024 total
- age   2:      82088 bytes,     404112 total
- age   3:     147640 bytes,     551752 total
- age   4:      82568 bytes,     634320 total
- age   5:     817176 bytes,    1451496 total
- age   6:    1678224 bytes,    3129720 total
- age   7:    3529568 bytes,    6659288 total
- age   8:    4044736 bytes,   10704024 total
: 100939K->13737K(109248K), 0.0417255 secs] 100939K->13737K(502464K), 0.0419733 secs] [Times: user=0.13 sys=0.00, real=0.04 secs] 
Heap after GC invocations=8 (full 0):
 par new generation   total 109248K, used 13737K [0x00000000dae00000, 0x00000000e2e00000, 0x00000000e2e00000)
  eden space 87424K,   0% used [0x00000000dae00000, 0x00000000dae00000, 0x00000000e0360000)
  from space 21824K,  62% used [0x00000000e0360000, 0x00000000e10ca5c8, 0x00000000e18b0000)
  to   space 21824K,   0% used [0x00000000e18b0000, 0x00000000e18b0000, 0x00000000e2e00000)
 concurrent mark-sweep generation total 393216K, used 0K [0x00000000e2e00000, 0x00000000fae00000, 0x00000000fae00000)
 concurrent-mark-sweep perm gen total 22400K, used 22326K [0x00000000fae00000, 0x00000000fc3e0000, 0x0000000100000000)
}
2015-04-28T11:44:42.731+0300: 40.026: Total time for which application threads were stopped: 0.0458299 seconds
2015-04-28T11:44:42.809+0300: 40.104: Total time for which application threads were stopped: 0.0073182 seconds
2015-04-28T11:44:42.869+0300: 40.164: Total time for which application threads were stopped: 0.0051337 seconds
2015-04-28T11:44:43.184+0300: 40.479: Total time for which application threads were stopped: 0.0003695 seconds
2015-04-28T11:44:43.199+0300: 40.494: Total time for which application threads were stopped: 0.0002698 seconds
{Heap before GC invocations=8 (full 0):
 par new generation   total 109248K, used 101161K [0x00000000dae00000, 0x00000000e2e00000, 0x00000000e2e00000)
  eden space 87424K, 100% used [0x00000000dae00000, 0x00000000e0360000, 0x00000000e0360000)
  from space 21824K,  62% used [0x00000000e0360000, 0x00000000e10ca5c8, 0x00000000e18b0000)
  to   space 21824K,   0% used [0x00000000e18b0000, 0x00000000e18b0000, 0x00000000e2e00000)
 concurrent mark-sweep generation total 393216K, used 0K [0x00000000e2e00000, 0x00000000fae00000, 0x00000000fae00000)
 concurrent-mark-sweep perm gen total 22592K, used 22558K [0x00000000fae00000, 0x00000000fc410000, 0x0000000100000000)
2015-04-28T11:44:43.350+0300: 40.645: [GC2015-04-28T11:44:43.350+0300: 40.645: [ParNew
Desired survivor size 20112992 bytes, new threshold 8 (max 8)
- age   1:     637824 bytes,     637824 total
- age   2:     189352 bytes,     827176 total
- age   3:      81232 bytes,     908408 total
- age   4:     147424 bytes,    1055832 total
- age   5:      82160 bytes,    1137992 total
- age   6:     816736 bytes,    1954728 total
- age   7:    1678224 bytes,    3632952 total
- age   8:    3523488 bytes,    7156440 total
: 101161K->10892K(109248K), 0.0836790 secs] 101161K->15299K(502464K), 0.0839392 secs] [Times: user=0.28 sys=0.02, real=0.08 secs] 
Heap after GC invocations=9 (full 0):
 par new generation   total 109248K, used 10892K [0x00000000dae00000, 0x00000000e2e00000, 0x00000000e2e00000)
  eden space 87424K,   0% used [0x00000000dae00000, 0x00000000dae00000, 0x00000000e0360000)
  from space 21824K,  49% used [0x00000000e18b0000, 0x00000000e2353280, 0x00000000e2e00000)
  to   space 21824K,   0% used [0x00000000e0360000, 0x00000000e0360000, 0x00000000e18b0000)
 concurrent mark-sweep generation total 393216K, used 4407K [0x00000000e2e00000, 0x00000000fae00000, 0x00000000fae00000)
 concurrent-mark-sweep perm gen total 22592K, used 22558K [0x00000000fae00000, 0x00000000fc410000, 0x0000000100000000)
}
2015-04-28T11:44:43.434+0300: 40.729: Total time for which application threads were stopped: 0.0853606 seconds
2015-04-28T11:44:43.479+0300: 40.774: Total time for which application threads were stopped: 0.0051271 seconds
2015-04-28T11:44:43.524+0300: 40.819: Total time for which application threads were stopped: 0.0011297 seconds
2015-04-28T11:44:43.545+0300: 40.840: Total time for which application threads were stopped: 0.0018913 seconds
2015-04-28T11:44:43.658+0300: 40.952: Total time for which application threads were stopped: 0.0003533 seconds
2015-04-28T11:44:43.688+0300: 40.983: Total time for which application threads were stopped: 0.0012462 seconds
2015-04-28T11:44:43.737+0300: 41.032: Total time for which application threads were stopped: 0.0007287 seconds
2015-04-28T11:44:43.751+0300: 41.046: Total time for which application threads were stopped: 0.0004442 seconds
2015-04-28T11:44:43.811+0300: 41.106: Total time for which application threads were stopped: 0.0004728 seconds
2015-04-28T11:44:43.824+0300: 41.119: Total time for which application threads were stopped: 0.0021494 seconds
2015-04-28T11:44:44.098+0300: 41.393: Total time for which application threads were stopped: 0.0008034 seconds
2015-04-28T11:44:44.130+0300: 41.425: Total time for which application threads were stopped: 0.0018121 seconds
2015-04-28T11:44:44.593+0300: 41.890: Total time for which application threads were stopped: 0.0004413 seconds
2015-04-28T11:44:44.616+0300: 41.913: Total time for which application threads were stopped: 0.0002617 seconds
2015-04-28T11:44:44.828+0300: 42.125: Total time for which application threads were stopped: 0.0006297 seconds
2015-04-28T11:44:44.913+0300: 42.210: Total time for which application threads were stopped: 0.0002067 seconds
2015-04-28T11:44:45.089+0300: 42.385: Total time for which application threads were stopped: 0.0002500 seconds
2015-04-28T11:44:45.155+0300: 42.452: Total time for which application threads were stopped: 0.0005212 seconds
2015-04-28T11:44:46.155+0300: 43.452: Total time for which application threads were stopped: 0.0004765 seconds
2015-04-28T11:44:47.155+0300: 44.452: Total time for which application threads were stopped: 0.0003218 seconds
2015-04-28T11:44:47.876+0300: 45.173: Total time for which application threads were stopped: 0.0003819 seconds
2015-04-28T11:44:48.019+0300: 45.316: Total time for which application threads were stopped: 0.0002023 seconds
2015-04-28T11:44:48.041+0300: 45.338: Total time for which application threads were stopped: 0.0002500 seconds
2015-04-28T11:44:48.111+0300: 45.407: Total time for which application threads were stopped: 0.0007558 seconds
2015-04-28T11:44:48.156+0300: 45.452: Total time for which application threads were stopped: 0.0004560 seconds
2015-04-28T11:44:48.268+0300: 45.565: Total time for which application threads were stopped: 0.0003489 seconds
{Heap before GC invocations=9 (full 0):
 par new generation   total 109248K, used 98316K [0x00000000dae00000, 0x00000000e2e00000, 0x00000000e2e00000)
  eden space 87424K, 100% used [0x00000000dae00000, 0x00000000e0360000, 0x00000000e0360000)
  from space 21824K,  49% used [0x00000000e18b0000, 0x00000000e2353280, 0x00000000e2e00000)
  to   space 21824K,   0% used [0x00000000e0360000, 0x00000000e0360000, 0x00000000e18b0000)
 concurrent mark-sweep generation total 393216K, used 4407K [0x00000000e2e00000, 0x00000000fae00000, 0x00000000fae00000)
 concurrent-mark-sweep perm gen total 24320K, used 24149K [0x00000000fae00000, 0x00000000fc5c0000, 0x0000000100000000)
2015-04-28T11:44:48.393+0300: 45.689: [GC2015-04-28T11:44:48.394+0300: 45.690: [ParNew
Desired survivor size 20112992 bytes, new threshold 8 (max 8)
- age   1:    2770680 bytes,    2770680 total
- age   2:     119584 bytes,    2890264 total
- age   3:     185648 bytes,    3075912 total
- age   4:      80112 bytes,    3156024 total
- age   5:     141280 bytes,    3297304 total
- age   6:      81608 bytes,    3378912 total
- age   7:     104704 bytes,    3483616 total
- age   8:     398296 bytes,    3881912 total
: 98316K->5440K(109248K), 0.1087807 secs] 102723K->13331K(502464K), 0.1089940 secs] [Times: user=0.17 sys=0.00, real=0.11 secs] 
Heap after GC invocations=10 (full 0):
 par new generation   total 109248K, used 5440K [0x00000000dae00000, 0x00000000e2e00000, 0x00000000e2e00000)
  eden space 87424K,   0% used [0x00000000dae00000, 0x00000000dae00000, 0x00000000e0360000)
  from space 21824K,  24% used [0x00000000e0360000, 0x00000000e08b0140, 0x00000000e18b0000)
  to   space 21824K,   0% used [0x00000000e18b0000, 0x00000000e18b0000, 0x00000000e2e00000)
 concurrent mark-sweep generation total 393216K, used 7890K [0x00000000e2e00000, 0x00000000fae00000, 0x00000000fae00000)
 concurrent-mark-sweep perm gen total 24320K, used 24149K [0x00000000fae00000, 0x00000000fc5c0000, 0x0000000100000000)
}
2015-04-28T11:44:48.503+0300: 45.799: Total time for which application threads were stopped: 0.1099147 seconds
2015-04-28T11:44:48.771+0300: 46.067: Total time for which application threads were stopped: 0.0003937 seconds
2015-04-28T11:44:48.776+0300: 46.072: Total time for which application threads were stopped: 0.0004816 seconds
2015-04-28T11:44:48.777+0300: 46.073: Total time for which application threads were stopped: 0.0001393 seconds
2015-04-28T11:44:48.778+0300: 46.074: Total time for which application threads were stopped: 0.0001473 seconds
2015-04-28T11:44:48.790+0300: 46.086: Total time for which application threads were stopped: 0.0002031 seconds
2015-04-28T11:44:48.791+0300: 46.087: Total time for which application threads were stopped: 0.0002214 seconds
2015-04-28T11:44:48.792+0300: 46.088: Total time for which application threads were stopped: 0.0001444 seconds
2015-04-28T11:44:48.792+0300: 46.088: Total time for which application threads were stopped: 0.0001305 seconds
2015-04-28T11:44:48.792+0300: 46.088: Total time for which application threads were stopped: 0.0001283 seconds
2015-04-28T11:44:48.793+0300: 46.089: Total time for which application threads were stopped: 0.0001451 seconds
2015-04-28T11:44:48.793+0300: 46.089: Total time for which application threads were stopped: 0.0001364 seconds
2015-04-28T11:44:48.832+0300: 46.128: Total time for which application threads were stopped: 0.0002251 seconds
2015-04-28T11:44:48.845+0300: 46.141: Total time for which application threads were stopped: 0.0002287 seconds
2015-04-28T11:44:49.065+0300: 46.361: Total time for which application threads were stopped: 0.0005879 seconds
2015-04-28T11:44:49.113+0300: 46.409: Total time for which application threads were stopped: 0.0002639 seconds
2015-04-28T11:44:49.154+0300: 46.450: Total time for which application threads were stopped: 0.0002133 seconds
2015-04-28T11:44:49.349+0300: 46.645: Total time for which application threads were stopped: 0.0002089 seconds
2015-04-28T11:44:49.372+0300: 46.668: Total time for which application threads were stopped: 0.0098737 seconds
2015-04-28T11:44:49.373+0300: 46.669: Total time for which application threads were stopped: 0.0001759 seconds
2015-04-28T11:44:49.385+0300: 46.681: Total time for which application threads were stopped: 0.0003196 seconds
2015-04-28T11:44:49.438+0300: 46.734: Total time for which application threads were stopped: 0.0002390 seconds
2015-04-28T11:44:49.539+0300: 46.835: Total time for which application threads were stopped: 0.0002038 seconds
2015-04-28T11:44:49.542+0300: 46.838: Total time for which application threads were stopped: 0.0002419 seconds
2015-04-28T11:44:49.597+0300: 46.893: Total time for which application threads were stopped: 0.0003797 seconds
2015-04-28T11:44:49.602+0300: 46.898: Total time for which application threads were stopped: 0.0002896 seconds
2015-04-28T11:44:49.673+0300: 46.969: Total time for which application threads were stopped: 0.0002558 seconds
2015-04-28T11:44:49.675+0300: 46.971: Total time for which application threads were stopped: 0.0001979 seconds
2015-04-28T11:44:49.703+0300: 46.999: Total time for which application threads were stopped: 0.0003423 seconds
2015-04-28T11:44:49.767+0300: 47.063: Total time for which application threads were stopped: 0.0002287 seconds
2015-04-28T11:44:49.820+0300: 47.116: Total time for which application threads were stopped: 0.0035077 seconds
2015-04-28T11:44:49.880+0300: 47.176: Total time for which application threads were stopped: 0.0002324 seconds
2015-04-28T11:44:49.909+0300: 47.205: Total time for which application threads were stopped: 0.0002368 seconds
2015-04-28T11:44:49.986+0300: 47.282: Total time for which application threads were stopped: 0.0057648 seconds
2015-04-28T11:44:50.124+0300: 47.421: Total time for which application threads were stopped: 0.0073798 seconds
2015-04-28T11:44:50.152+0300: 47.448: Total time for which application threads were stopped: 0.0020804 seconds
2015-04-28T11:44:50.194+0300: 47.490: Total time for which application threads were stopped: 0.0011040 seconds
2015-04-28T11:44:50.600+0300: 47.896: Total time for which application threads were stopped: 0.0104492 seconds
2015-04-28T11:44:50.759+0300: 48.055: Total time for which application threads were stopped: 0.0005901 seconds
2015-04-28T11:44:50.999+0300: 48.295: Total time for which application threads were stopped: 0.0002089 seconds
2015-04-28T11:44:51.131+0300: 48.427: Total time for which application threads were stopped: 0.0004692 seconds
2015-04-28T11:44:51.131+0300: 48.428: Total time for which application threads were stopped: 0.0001957 seconds
2015-04-28T11:44:51.136+0300: 48.432: Total time for which application threads were stopped: 0.0022131 seconds
2015-04-28T11:44:51.274+0300: 48.570: Total time for which application threads were stopped: 0.0004296 seconds
2015-04-28T11:44:51.522+0300: 48.818: Total time for which application threads were stopped: 0.0002690 seconds
2015-04-28T11:44:51.530+0300: 48.826: Total time for which application threads were stopped: 0.0002522 seconds
2015-04-28T11:44:51.670+0300: 48.966: Total time for which application threads were stopped: 0.0002038 seconds
2015-04-28T11:44:51.671+0300: 48.967: Total time for which application threads were stopped: 0.0001591 seconds
2015-04-28T11:44:51.671+0300: 48.967: Total time for which application threads were stopped: 0.0001254 seconds
2015-04-28T11:44:51.671+0300: 48.967: Total time for which application threads were stopped: 0.0001298 seconds
2015-04-28T11:44:51.673+0300: 48.969: Total time for which application threads were stopped: 0.0001767 seconds
2015-04-28T11:44:51.728+0300: 49.024: Total time for which application threads were stopped: 0.0002492 seconds
2015-04-28T11:44:52.237+0300: 49.533: Total time for which application threads were stopped: 0.0333465 seconds
2015-04-28T11:44:52.240+0300: 49.536: Total time for which application threads were stopped: 0.0022578 seconds
2015-04-28T11:44:52.253+0300: 49.549: Total time for which application threads were stopped: 0.0132715 seconds
2015-04-28T11:44:52.271+0300: 49.567: Total time for which application threads were stopped: 0.0017821 seconds
2015-04-28T11:44:52.292+0300: 49.588: Total time for which application threads were stopped: 0.0007836 seconds
2015-04-28T11:44:52.341+0300: 49.638: Total time for which application threads were stopped: 0.0095570 seconds
2015-04-28T11:44:52.353+0300: 49.649: Total time for which application threads were stopped: 0.0004523 seconds
2015-04-28T11:44:52.356+0300: 49.653: Total time for which application threads were stopped: 0.0001767 seconds
2015-04-28T11:44:52.357+0300: 49.653: Total time for which application threads were stopped: 0.0001173 seconds
2015-04-28T11:44:52.357+0300: 49.653: Total time for which application threads were stopped: 0.0001195 seconds
2015-04-28T11:44:52.358+0300: 49.654: Total time for which application threads were stopped: 0.0001342 seconds
2015-04-28T11:44:52.404+0300: 49.700: Total time for which application threads were stopped: 0.0001752 seconds
2015-04-28T11:44:52.430+0300: 49.726: Total time for which application threads were stopped: 0.0001921 seconds
2015-04-28T11:44:52.437+0300: 49.733: Total time for which application threads were stopped: 0.0025643 seconds
2015-04-28T11:44:52.439+0300: 49.735: Total time for which application threads were stopped: 0.0017051 seconds
2015-04-28T11:44:52.489+0300: 49.785: Total time for which application threads were stopped: 0.0002295 seconds
2015-04-28T11:44:52.490+0300: 49.786: Total time for which application threads were stopped: 0.0001796 seconds
2015-04-28T11:44:52.491+0300: 49.787: Total time for which application threads were stopped: 0.0001598 seconds
2015-04-28T11:44:52.527+0300: 49.823: Total time for which application threads were stopped: 0.0006121 seconds
2015-04-28T11:44:52.631+0300: 49.927: Total time for which application threads were stopped: 0.0002316 seconds
2015-04-28T11:44:52.633+0300: 49.929: Total time for which application threads were stopped: 0.0018884 seconds
2015-04-28T11:44:52.634+0300: 49.930: Total time for which application threads were stopped: 0.0016186 seconds
2015-04-28T11:44:52.639+0300: 49.935: Total time for which application threads were stopped: 0.0002053 seconds
2015-04-28T11:44:52.703+0300: 49.999: Total time for which application threads were stopped: 0.0004882 seconds
2015-04-28T11:44:52.708+0300: 50.005: Total time for which application threads were stopped: 0.0022806 seconds
2015-04-28T11:44:52.717+0300: 50.013: Total time for which application threads were stopped: 0.0002265 seconds
2015-04-28T11:44:52.786+0300: 50.082: Total time for which application threads were stopped: 0.0023957 seconds
2015-04-28T11:44:52.939+0300: 50.235: Total time for which application threads were stopped: 0.0026838 seconds
2015-04-28T11:44:52.966+0300: 50.262: Total time for which application threads were stopped: 0.0026779 seconds
2015-04-28T11:44:52.972+0300: 50.268: Total time for which application threads were stopped: 0.0027050 seconds
2015-04-28T11:44:52.973+0300: 50.269: Total time for which application threads were stopped: 0.0001320 seconds
2015-04-28T11:44:53.008+0300: 50.304: Total time for which application threads were stopped: 0.0001715 seconds
2015-04-28T11:44:53.074+0300: 50.370: Total time for which application threads were stopped: 0.0001928 seconds
2015-04-28T11:44:53.161+0300: 50.458: Total time for which application threads were stopped: 0.0003284 seconds
2015-04-28T11:44:53.193+0300: 50.489: Total time for which application threads were stopped: 0.0001899 seconds
2015-04-28T11:44:53.195+0300: 50.492: Total time for which application threads were stopped: 0.0003057 seconds
2015-04-28T11:44:53.305+0300: 50.601: Total time for which application threads were stopped: 0.0005351 seconds
2015-04-28T11:44:53.308+0300: 50.604: Total time for which application threads were stopped: 0.0001517 seconds
2015-04-28T11:44:53.358+0300: 50.654: Total time for which application threads were stopped: 0.0001877 seconds
2015-04-28T11:44:53.366+0300: 50.662: Total time for which application threads were stopped: 0.0002456 seconds
2015-04-28T11:44:53.379+0300: 50.675: Total time for which application threads were stopped: 0.0001708 seconds
2015-04-28T11:44:53.445+0300: 50.741: Total time for which application threads were stopped: 0.0006473 seconds
2015-04-28T11:44:56.422+0300: 53.718: Total time for which application threads were stopped: 0.0003724 seconds
2015-04-28T11:44:56.469+0300: 53.765: Total time for which application threads were stopped: 0.0279922 seconds
2015-04-28T11:44:56.503+0300: 53.799: Total time for which application threads were stopped: 0.0001605 seconds
2015-04-28T11:44:56.503+0300: 53.800: Total time for which application threads were stopped: 0.0000975 seconds
2015-04-28T11:44:56.504+0300: 53.800: Total time for which application threads were stopped: 0.0001063 seconds
2015-04-28T11:44:56.555+0300: 53.851: Total time for which application threads were stopped: 0.0006737 seconds
2015-04-28T11:44:56.572+0300: 53.868: Total time for which application threads were stopped: 0.0001979 seconds
2015-04-28T11:44:56.591+0300: 53.887: Total time for which application threads were stopped: 0.0001855 seconds
2015-04-28T11:44:56.640+0300: 53.936: Total time for which application threads were stopped: 0.0004626 seconds
2015-04-28T11:44:56.665+0300: 53.961: Total time for which application threads were stopped: 0.0010197 seconds
2015-04-28T11:44:56.693+0300: 53.989: Total time for which application threads were stopped: 0.0008636 seconds
2015-04-28T11:44:56.745+0300: 54.041: Total time for which application threads were stopped: 0.0001583 seconds
2015-04-28T11:44:56.745+0300: 54.041: Total time for which application threads were stopped: 0.0001019 seconds
2015-04-28T11:44:56.745+0300: 54.041: Total time for which application threads were stopped: 0.0000990 seconds
2015-04-28T11:44:56.745+0300: 54.042: Total time for which application threads were stopped: 0.0001019 seconds
2015-04-28T11:44:56.758+0300: 54.054: Total time for which application threads were stopped: 0.0002133 seconds
2015-04-28T11:44:56.758+0300: 54.055: Total time for which application threads were stopped: 0.0001525 seconds
2015-04-28T11:44:56.759+0300: 54.055: Total time for which application threads were stopped: 0.0001620 seconds
2015-04-28T11:44:56.760+0300: 54.056: Total time for which application threads were stopped: 0.0002119 seconds
2015-04-28T11:44:56.800+0300: 54.096: Total time for which application threads were stopped: 0.0002170 seconds
2015-04-28T11:44:56.819+0300: 54.116: Total time for which application threads were stopped: 0.0002690 seconds
2015-04-28T11:44:56.890+0300: 54.186: Total time for which application threads were stopped: 0.0001884 seconds
2015-04-28T11:44:57.417+0300: 54.713: Total time for which application threads were stopped: 0.0003761 seconds
2015-04-28T11:45:00.417+0300: 57.713: Total time for which application threads were stopped: 0.0002844 seconds
2015-04-28T11:45:00.576+0300: 57.873: Total time for which application threads were stopped: 0.0002075 seconds
2015-04-28T11:45:00.592+0300: 57.889: Total time for which application threads were stopped: 0.0001437 seconds
{Heap before GC invocations=10 (full 0):
 par new generation   total 109248K, used 92864K [0x00000000dae00000, 0x00000000e2e00000, 0x00000000e2e00000)
  eden space 87424K, 100% used [0x00000000dae00000, 0x00000000e0360000, 0x00000000e0360000)
  from space 21824K,  24% used [0x00000000e0360000, 0x00000000e08b0140, 0x00000000e18b0000)
  to   space 21824K,   0% used [0x00000000e18b0000, 0x00000000e18b0000, 0x00000000e2e00000)
 concurrent mark-sweep generation total 393216K, used 7890K [0x00000000e2e00000, 0x00000000fae00000, 0x00000000fae00000)
 concurrent-mark-sweep perm gen total 30272K, used 30086K [0x00000000fae00000, 0x00000000fcb90000, 0x0000000100000000)
2015-04-28T11:45:01.060+0300: 58.356: [GC2015-04-28T11:45:01.060+0300: 58.356: [ParNew
Desired survivor size 20112992 bytes, new threshold 8 (max 8)
- age   1:    7267480 bytes,    7267480 total
- age   2:    1600344 bytes,    8867824 total
- age   3:     117296 bytes,    8985120 total
- age   4:     185568 bytes,    9170688 total
- age   5:      79816 bytes,    9250504 total
- age   6:     140680 bytes,    9391184 total
- age   7:      80920 bytes,    9472104 total
- age   8:     101808 bytes,    9573912 total
: 92864K->10086K(109248K), 0.0641610 secs] 100755K->18282K(502464K), 0.0643890 secs] [Times: user=0.11 sys=0.00, real=0.06 secs] 
Heap after GC invocations=11 (full 0):
 par new generation   total 109248K, used 10086K [0x00000000dae00000, 0x00000000e2e00000, 0x00000000e2e00000)
  eden space 87424K,   0% used [0x00000000dae00000, 0x00000000dae00000, 0x00000000e0360000)
  from space 21824K,  46% used [0x00000000e18b0000, 0x00000000e2289a40, 0x00000000e2e00000)
  to   space 21824K,   0% used [0x00000000e0360000, 0x00000000e0360000, 0x00000000e18b0000)
 concurrent mark-sweep generation total 393216K, used 8196K [0x00000000e2e00000, 0x00000000fae00000, 0x00000000fae00000)
 concurrent-mark-sweep perm gen total 30272K, used 30086K [0x00000000fae00000, 0x00000000fcb90000, 0x0000000100000000)
}
2015-04-28T11:45:01.124+0300: 58.421: Total time for which application threads were stopped: 0.0649975 seconds
2015-04-28T11:45:01.125+0300: 58.421: Total time for which application threads were stopped: 0.0001767 seconds
2015-04-28T11:45:01.150+0300: 58.447: Total time for which application threads were stopped: 0.0002470 seconds
2015-04-28T11:45:01.151+0300: 58.448: Total time for which application threads were stopped: 0.0001290 seconds
2015-04-28T11:45:01.162+0300: 58.458: Total time for which application threads were stopped: 0.0001869 seconds
2015-04-28T11:45:01.190+0300: 58.486: Total time for which application threads were stopped: 0.0001789 seconds
2015-04-28T11:45:01.195+0300: 58.492: Total time for which application threads were stopped: 0.0002360 seconds
2015-04-28T11:45:02.195+0300: 59.491: Total time for which application threads were stopped: 0.0002940 seconds
2015-04-28T11:45:02.447+0300: 59.743: Total time for which application threads were stopped: 0.0002214 seconds
2015-04-28T11:45:10.402+0300: 67.698: Total time for which application threads were stopped: 0.0010344 seconds
2015-04-28T11:45:22.912+0300: 80.210: Total time for which application threads were stopped: 0.0003167 seconds
2015-04-28T11:45:53.558+0300: 110.855: Total time for which application threads were stopped: 0.0003695 seconds
2015-04-28T11:45:56.775+0300: 114.072: Total time for which application threads were stopped: 0.0003585 seconds
2015-04-28T11:45:56.784+0300: 114.081: Total time for which application threads were stopped: 0.0001349 seconds
2015-04-28T11:46:02.296+0300: 119.592: Total time for which application threads were stopped: 0.0003050 seconds
2015-04-28T11:46:02.302+0300: 119.598: Total time for which application threads were stopped: 0.0001466 seconds
2015-04-28T11:46:02.303+0300: 119.599: Total time for which application threads were stopped: 0.0000968 seconds
2015-04-28T11:46:02.306+0300: 119.602: Total time for which application threads were stopped: 0.0001144 seconds
2015-04-28T11:46:02.489+0300: 119.785: Total time for which application threads were stopped: 0.0001569 seconds
2015-04-28T11:46:13.547+0300: 130.846: Total time for which application threads were stopped: 0.0003680 seconds
2015-04-28T11:47:30.632+0300: 207.928: Total time for which application threads were stopped: 0.0005403 seconds
2015-04-28T11:47:30.633+0300: 207.929: Total time for which application threads were stopped: 0.0001144 seconds
2015-04-28T11:47:30.635+0300: 207.931: Total time for which application threads were stopped: 0.0001349 seconds
2015-04-28T11:47:30.636+0300: 207.932: Total time for which application threads were stopped: 0.0000938 seconds
2015-04-28T11:47:30.638+0300: 207.935: Total time for which application threads were stopped: 0.0001004 seconds
2015-04-28T11:48:07.884+0300: 245.180: Total time for which application threads were stopped: 0.0003805 seconds
2015-04-28T11:51:04.157+0300: 421.451: Total time for which application threads were stopped: 0.0008973 seconds
2015-04-28T11:51:04.158+0300: 421.453: Total time for which application threads were stopped: 0.0001202 seconds
2015-04-28T11:51:04.160+0300: 421.455: Total time for which application threads were stopped: 0.0000953 seconds
2015-04-28T11:51:54.676+0300: 471.971: Total time for which application threads were stopped: 0.0004516 seconds
2015-04-28T11:56:41.177+0300: 758.469: Total time for which application threads were stopped: 0.0005439 seconds
2015-04-28T11:56:41.177+0300: 758.470: Total time for which application threads were stopped: 0.0001019 seconds
2015-04-28T11:57:31.704+0300: 808.995: Total time for which application threads were stopped: 0.0005483 seconds
2015-04-28T12:00:25.759+0300: 983.049: Total time for which application threads were stopped: 0.0005278 seconds
2015-04-28T12:00:25.759+0300: 983.050: Total time for which application threads were stopped: 0.0001129 seconds
2015-04-28T12:01:16.275+0300: 1033.565: Total time for which application threads were stopped: 0.0004244 seconds
2015-04-28T12:04:14.437+0300: 1211.725: Total time for which application threads were stopped: 0.0007800 seconds
2015-04-28T12:04:14.439+0300: 1211.727: Total time for which application threads were stopped: 0.0001943 seconds
2015-04-28T12:04:15.440+0300: 1212.729: Total time for which application threads were stopped: 0.0004266 seconds
2015-04-28T12:04:19.440+0300: 1216.729: Total time for which application threads were stopped: 0.0004208 seconds
2015-04-28T12:05:09.295+0300: 1266.583: Total time for which application threads were stopped: 0.0005667 seconds
2015-04-28T12:05:17.447+0300: 1274.734: Total time for which application threads were stopped: 0.0011714 seconds
2015-04-28T12:05:17.447+0300: 1274.735: Total time for which application threads were stopped: 0.0001012 seconds
2015-04-28T12:05:17.449+0300: 1274.737: Total time for which application threads were stopped: 0.0001129 seconds
2015-04-28T12:05:27.448+0300: 1284.735: Total time for which application threads were stopped: 0.0006128 seconds
2015-04-28T12:05:27.448+0300: 1284.735: Total time for which application threads were stopped: 0.0000938 seconds
2015-04-28T12:05:27.448+0300: 1284.736: Total time for which application threads were stopped: 0.0001063 seconds
2015-04-28T12:05:27.449+0300: 1284.736: Total time for which application threads were stopped: 0.0001004 seconds
2015-04-28T12:05:27.449+0300: 1284.736: Total time for which application threads were stopped: 0.0001239 seconds
2015-04-28T12:05:27.449+0300: 1284.737: Total time for which application threads were stopped: 0.0001107 seconds
2015-04-28T12:06:07.964+0300: 1325.249: Total time for which application threads were stopped: 0.0008144 seconds
2015-04-28T12:07:00.971+0300: 1378.256: Total time for which application threads were stopped: 0.0004919 seconds
2015-04-28T12:07:00.972+0300: 1378.257: Total time for which application threads were stopped: 0.0001283 seconds
2015-04-28T12:07:02.595+0300: 1379.880: Total time for which application threads were stopped: 0.0003812 seconds
2015-04-28T12:07:02.595+0300: 1379.881: Total time for which application threads were stopped: 0.0000924 seconds
2015-04-28T12:07:03.345+0300: 1380.630: Total time for which application threads were stopped: 0.0003937 seconds
2015-04-28T12:07:03.346+0300: 1380.631: Total time for which application threads were stopped: 0.0005271 seconds
2015-04-28T12:07:03.368+0300: 1380.653: Total time for which application threads were stopped: 0.0001525 seconds
2015-04-28T12:07:03.368+0300: 1380.653: Total time for which application threads were stopped: 0.0001136 seconds
2015-04-28T12:07:27.774+0300: 1405.059: Total time for which application threads were stopped: 0.0004596 seconds
2015-04-28T12:07:27.774+0300: 1405.060: Total time for which application threads were stopped: 0.0001070 seconds
2015-04-28T12:07:27.778+0300: 1405.063: Total time for which application threads were stopped: 0.0001671 seconds
2015-04-28T12:07:30.780+0300: 1408.066: Total time for which application threads were stopped: 0.0004252 seconds
2015-04-28T12:07:32.091+0300: 1409.376: Total time for which application threads were stopped: 0.0007140 seconds
2015-04-28T12:07:34.016+0300: 1411.301: Total time for which application threads were stopped: 0.0003871 seconds
2015-04-28T12:07:34.018+0300: 1411.303: Total time for which application threads were stopped: 0.0001232 seconds
2015-04-28T12:07:34.061+0300: 1411.346: Total time for which application threads were stopped: 0.0001818 seconds
2015-04-28T12:07:34.063+0300: 1411.348: Total time for which application threads were stopped: 0.0002163 seconds
2015-04-28T12:07:34.066+0300: 1411.351: Total time for which application threads were stopped: 0.0001459 seconds
2015-04-28T12:07:34.068+0300: 1411.353: Total time for which application threads were stopped: 0.0001429 seconds
2015-04-28T12:07:34.110+0300: 1411.395: Total time for which application threads were stopped: 0.0002749 seconds
2015-04-28T12:07:34.110+0300: 1411.395: Total time for which application threads were stopped: 0.0001217 seconds
2015-04-28T12:07:34.116+0300: 1411.401: Total time for which application threads were stopped: 0.0001649 seconds
2015-04-28T12:07:34.117+0300: 1411.402: Total time for which application threads were stopped: 0.0001437 seconds
2015-04-28T12:07:34.121+0300: 1411.406: Total time for which application threads were stopped: 0.0006993 seconds
2015-04-28T12:07:34.122+0300: 1411.407: Total time for which application threads were stopped: 0.0001048 seconds
2015-04-28T12:07:34.123+0300: 1411.408: Total time for which application threads were stopped: 0.0001385 seconds
2015-04-28T12:07:35.124+0300: 1412.409: Total time for which application threads were stopped: 0.0003827 seconds
2015-04-28T12:07:39.212+0300: 1416.497: Total time for which application threads were stopped: 0.0004303 seconds
{Heap before GC invocations=11 (full 0):
 par new generation   total 109248K, used 97510K [0x00000000dae00000, 0x00000000e2e00000, 0x00000000e2e00000)
  eden space 87424K, 100% used [0x00000000dae00000, 0x00000000e0360000, 0x00000000e0360000)
  from space 21824K,  46% used [0x00000000e18b0000, 0x00000000e2289a40, 0x00000000e2e00000)
  to   space 21824K,   0% used [0x00000000e0360000, 0x00000000e0360000, 0x00000000e18b0000)
 concurrent mark-sweep generation total 393216K, used 8196K [0x00000000e2e00000, 0x00000000fae00000, 0x00000000fae00000)
 concurrent-mark-sweep perm gen total 30464K, used 30391K [0x00000000fae00000, 0x00000000fcbc0000, 0x0000000100000000)
2015-04-28T12:07:40.069+0300: 1417.355: [GC2015-04-28T12:07:40.070+0300: 1417.355: [ParNew
Desired survivor size 20112992 bytes, new threshold 8 (max 8)
- age   1:    3982072 bytes,    3982072 total
- age   2:    2451544 bytes,    6433616 total
- age   3:    1599848 bytes,    8033464 total
- age   4:     117296 bytes,    8150760 total
- age   5:     184832 bytes,    8335592 total
- age   6:      79816 bytes,    8415408 total
- age   7:     140680 bytes,    8556088 total
- age   8:      80920 bytes,    8637008 total
: 97510K->13307K(109248K), 0.0347254 secs] 105706K->21607K(502464K), 0.0350245 secs] [Times: user=0.13 sys=0.00, real=0.04 secs] 
Heap after GC invocations=12 (full 0):
 par new generation   total 109248K, used 13307K [0x00000000dae00000, 0x00000000e2e00000, 0x00000000e2e00000)
  eden space 87424K,   0% used [0x00000000dae00000, 0x00000000dae00000, 0x00000000e0360000)
  from space 21824K,  60% used [0x00000000e0360000, 0x00000000e105efd8, 0x00000000e18b0000)
  to   space 21824K,   0% used [0x00000000e18b0000, 0x00000000e18b0000, 0x00000000e2e00000)
 concurrent mark-sweep generation total 393216K, used 8299K [0x00000000e2e00000, 0x00000000fae00000, 0x00000000fae00000)
 concurrent-mark-sweep perm gen total 30464K, used 30391K [0x00000000fae00000, 0x00000000fcbc0000, 0x0000000100000000)
}
2015-04-28T12:07:40.105+0300: 1417.390: Total time for which application threads were stopped: 0.0360354 seconds
2015-04-28T12:07:40.110+0300: 1417.395: Total time for which application threads were stopped: 0.0003431 seconds
2015-04-28T12:07:40.116+0300: 1417.402: Total time for which application threads were stopped: 0.0002104 seconds
{Heap before GC invocations=12 (full 0):
 par new generation   total 109248K, used 100731K [0x00000000dae00000, 0x00000000e2e00000, 0x00000000e2e00000)
  eden space 87424K, 100% used [0x00000000dae00000, 0x00000000e0360000, 0x00000000e0360000)
  from space 21824K,  60% used [0x00000000e0360000, 0x00000000e105efd8, 0x00000000e18b0000)
  to   space 21824K,   0% used [0x00000000e18b0000, 0x00000000e18b0000, 0x00000000e2e00000)
 concurrent mark-sweep generation total 393216K, used 8299K [0x00000000e2e00000, 0x00000000fae00000, 0x00000000fae00000)
 concurrent-mark-sweep perm gen total 30464K, used 30407K [0x00000000fae00000, 0x00000000fcbc0000, 0x0000000100000000)
2015-04-28T12:07:40.873+0300: 1418.158: [GC2015-04-28T12:07:40.873+0300: 1418.158: [ParNew
Desired survivor size 20112992 bytes, new threshold 8 (max 8)
- age   1:     188808 bytes,     188808 total
- age   2:    3300376 bytes,    3489184 total
- age   3:    2387440 bytes,    5876624 total
- age   4:    1584504 bytes,    7461128 total
- age   5:     115160 bytes,    7576288 total
- age   6:     166848 bytes,    7743136 total
- age   7:      77128 bytes,    7820264 total
- age   8:     138872 bytes,    7959136 total
: 100731K->9703K(109248K), 0.0297772 secs] 109031K->18083K(502464K), 0.0300001 secs] [Times: user=0.13 sys=0.00, real=0.03 secs] 
Heap after GC invocations=13 (full 0):
 par new generation   total 109248K, used 9703K [0x00000000dae00000, 0x00000000e2e00000, 0x00000000e2e00000)
  eden space 87424K,   0% used [0x00000000dae00000, 0x00000000dae00000, 0x00000000e0360000)
  from space 21824K,  44% used [0x00000000e18b0000, 0x00000000e2229dc0, 0x00000000e2e00000)
  to   space 21824K,   0% used [0x00000000e0360000, 0x00000000e0360000, 0x00000000e18b0000)
 concurrent mark-sweep generation total 393216K, used 8379K [0x00000000e2e00000, 0x00000000fae00000, 0x00000000fae00000)
 concurrent-mark-sweep perm gen total 30464K, used 30407K [0x00000000fae00000, 0x00000000fcbc0000, 0x0000000100000000)
}
2015-04-28T12:07:40.903+0300: 1418.188: Total time for which application threads were stopped: 0.0309347 seconds
2015-04-28T12:07:40.904+0300: 1418.190: Total time for which application threads were stopped: 0.0003885 seconds
2015-04-28T12:07:41.904+0300: 1419.189: Total time for which application threads were stopped: 0.0005366 seconds
{Heap before GC invocations=13 (full 0):
 par new generation   total 109248K, used 97127K [0x00000000dae00000, 0x00000000e2e00000, 0x00000000e2e00000)
  eden space 87424K, 100% used [0x00000000dae00000, 0x00000000e0360000, 0x00000000e0360000)
  from space 21824K,  44% used [0x00000000e18b0000, 0x00000000e2229dc0, 0x00000000e2e00000)
  to   space 21824K,   0% used [0x00000000e0360000, 0x00000000e0360000, 0x00000000e18b0000)
 concurrent mark-sweep generation total 393216K, used 8379K [0x00000000e2e00000, 0x00000000fae00000, 0x00000000fae00000)
 concurrent-mark-sweep perm gen total 30464K, used 30436K [0x00000000fae00000, 0x00000000fcbc0000, 0x0000000100000000)
2015-04-28T12:07:41.956+0300: 1419.241: [GC2015-04-28T12:07:41.956+0300: 1419.241: [ParNew
Desired survivor size 20112992 bytes, new threshold 8 (max 8)
- age   1:     713376 bytes,     713376 total
- age   2:      65888 bytes,     779264 total
- age   3:    2719440 bytes,    3498704 total
- age   4:    2341472 bytes,    5840176 total
- age   5:    1583944 bytes,    7424120 total
- age   6:     114960 bytes,    7539080 total
- age   7:     166568 bytes,    7705648 total
- age   8:      76848 bytes,    7782496 total
: 97127K->10526K(109248K), 0.0295448 secs] 105507K->19044K(502464K), 0.0298036 secs] [Times: user=0.06 sys=0.02, real=0.03 secs] 
Heap after GC invocations=14 (full 0):
 par new generation   total 109248K, used 10526K [0x00000000dae00000, 0x00000000e2e00000, 0x00000000e2e00000)
  eden space 87424K,   0% used [0x00000000dae00000, 0x00000000dae00000, 0x00000000e0360000)
  from space 21824K,  48% used [0x00000000e0360000, 0x00000000e0da79d0, 0x00000000e18b0000)
  to   space 21824K,   0% used [0x00000000e18b0000, 0x00000000e18b0000, 0x00000000e2e00000)
 concurrent mark-sweep generation total 393216K, used 8518K [0x00000000e2e00000, 0x00000000fae00000, 0x00000000fae00000)
 concurrent-mark-sweep perm gen total 30464K, used 30436K [0x00000000fae00000, 0x00000000fcbc0000, 0x0000000100000000)
}
2015-04-28T12:07:41.986+0300: 1419.271: Total time for which application threads were stopped: 0.0303461 seconds
2015-04-28T12:07:42.019+0300: 1419.304: Total time for which application threads were stopped: 0.0001869 seconds
2015-04-28T12:07:42.021+0300: 1419.306: Total time for which application threads were stopped: 0.0001327 seconds
2015-04-28T12:07:42.021+0300: 1419.306: Total time for which application threads were stopped: 0.0000968 seconds
2015-04-28T12:07:42.021+0300: 1419.306: Total time for which application threads were stopped: 0.0000931 seconds
2015-04-28T12:07:42.021+0300: 1419.307: Total time for which application threads were stopped: 0.0000916 seconds
2015-04-28T12:07:42.022+0300: 1419.307: Total time for which application threads were stopped: 0.0000960 seconds
2015-04-28T12:07:42.022+0300: 1419.307: Total time for which application threads were stopped: 0.0000894 seconds
2015-04-28T12:07:42.022+0300: 1419.307: Total time for which application threads were stopped: 0.0000902 seconds
2015-04-28T12:07:42.022+0300: 1419.308: Total time for which application threads were stopped: 0.0000931 seconds
2015-04-28T12:07:42.023+0300: 1419.308: Total time for which application threads were stopped: 0.0001173 seconds
2015-04-28T12:07:42.089+0300: 1419.374: Total time for which application threads were stopped: 0.0001686 seconds
2015-04-28T12:07:42.089+0300: 1419.374: Total time for which application threads were stopped: 0.0001210 seconds
2015-04-28T12:07:42.089+0300: 1419.374: Total time for which application threads were stopped: 0.0001202 seconds
2015-04-28T12:07:42.146+0300: 1419.431: Total time for which application threads were stopped: 0.0002104 seconds
2015-04-28T12:07:42.179+0300: 1419.464: Total time for which application threads were stopped: 0.0002236 seconds
2015-04-28T12:07:42.186+0300: 1419.471: Total time for which application threads were stopped: 0.0002060 seconds
2015-04-28T12:07:42.187+0300: 1419.472: Total time for which application threads were stopped: 0.0001444 seconds
2015-04-28T12:07:42.187+0300: 1419.472: Total time for which application threads were stopped: 0.0002045 seconds
2015-04-28T12:07:42.187+0300: 1419.472: Total time for which application threads were stopped: 0.0001774 seconds
2015-04-28T12:07:42.188+0300: 1419.473: Total time for which application threads were stopped: 0.0002104 seconds
2015-04-28T12:07:42.188+0300: 1419.473: Total time for which application threads were stopped: 0.0001649 seconds
2015-04-28T12:07:42.188+0300: 1419.474: Total time for which application threads were stopped: 0.0001657 seconds
2015-04-28T12:07:42.190+0300: 1419.475: Total time for which application threads were stopped: 0.0001283 seconds
2015-04-28T12:07:42.190+0300: 1419.475: Total time for which application threads were stopped: 0.0001202 seconds
2015-04-28T12:07:42.190+0300: 1419.476: Total time for which application threads were stopped: 0.0001657 seconds
2015-04-28T12:07:42.191+0300: 1419.476: Total time for which application threads were stopped: 0.0001869 seconds
2015-04-28T12:07:44.522+0300: 1421.807: Total time for which application threads were stopped: 0.0004266 seconds
2015-04-28T12:07:44.522+0300: 1421.808: Total time for which application threads were stopped: 0.0001583 seconds
2015-04-28T12:07:44.529+0300: 1421.814: Total time for which application threads were stopped: 0.0002104 seconds
2015-04-28T12:07:44.529+0300: 1421.814: Total time for which application threads were stopped: 0.0002903 seconds
2015-04-28T12:07:44.529+0300: 1421.815: Total time for which application threads were stopped: 0.0001583 seconds
2015-04-28T12:07:44.539+0300: 1421.824: Total time for which application threads were stopped: 0.0001906 seconds
2015-04-28T12:07:44.681+0300: 1421.967: Total time for which application threads were stopped: 0.0003797 seconds
2015-04-28T12:07:44.706+0300: 1421.991: Total time for which application threads were stopped: 0.0001298 seconds
2015-04-28T12:07:44.715+0300: 1422.000: Total time for which application threads were stopped: 0.0001400 seconds
2015-04-28T12:07:44.742+0300: 1422.027: Total time for which application threads were stopped: 0.0001481 seconds
2015-04-28T12:07:44.750+0300: 1422.035: Total time for which application threads were stopped: 0.0001415 seconds
2015-04-28T12:07:44.758+0300: 1422.043: Total time for which application threads were stopped: 0.0001393 seconds
2015-04-28T12:07:44.767+0300: 1422.052: Total time for which application threads were stopped: 0.0001415 seconds
2015-04-28T12:07:44.777+0300: 1422.062: Total time for which application threads were stopped: 0.0001385 seconds
2015-04-28T12:07:44.788+0300: 1422.074: Total time for which application threads were stopped: 0.0001407 seconds
2015-04-28T12:07:44.798+0300: 1422.083: Total time for which application threads were stopped: 0.0001481 seconds
2015-04-28T12:07:44.806+0300: 1422.091: Total time for which application threads were stopped: 0.0001356 seconds
2015-04-28T12:07:44.901+0300: 1422.186: Total time for which application threads were stopped: 0.0002170 seconds
2015-04-28T12:07:44.911+0300: 1422.196: Total time for which application threads were stopped: 0.0002053 seconds
2015-04-28T12:07:44.913+0300: 1422.198: Total time for which application threads were stopped: 0.0001928 seconds
2015-04-28T12:07:44.913+0300: 1422.199: Total time for which application threads were stopped: 0.0001393 seconds
2015-04-28T12:07:44.914+0300: 1422.199: Total time for which application threads were stopped: 0.0001400 seconds
2015-04-28T12:07:44.916+0300: 1422.201: Total time for which application threads were stopped: 0.0001965 seconds
2015-04-28T12:07:44.916+0300: 1422.202: Total time for which application threads were stopped: 0.0004677 seconds
2015-04-28T12:07:46.917+0300: 1424.202: Total time for which application threads were stopped: 0.0014801 seconds
{Heap before GC invocations=14 (full 0):
 par new generation   total 109248K, used 97950K [0x00000000dae00000, 0x00000000e2e00000, 0x00000000e2e00000)
  eden space 87424K, 100% used [0x00000000dae00000, 0x00000000e0360000, 0x00000000e0360000)
  from space 21824K,  48% used [0x00000000e0360000, 0x00000000e0da79d0, 0x00000000e18b0000)
  to   space 21824K,   0% used [0x00000000e18b0000, 0x00000000e18b0000, 0x00000000e2e00000)
 concurrent mark-sweep generation total 393216K, used 8518K [0x00000000e2e00000, 0x00000000fae00000, 0x00000000fae00000)
 concurrent-mark-sweep perm gen total 31040K, used 30998K [0x00000000fae00000, 0x00000000fcc50000, 0x0000000100000000)
2015-04-28T12:07:47.076+0300: 1424.361: [GC2015-04-28T12:07:47.076+0300: 1424.361: [ParNew
Desired survivor size 20112992 bytes, new threshold 8 (max 8)
- age   1:    2252936 bytes,    2252936 total
- age   2:     701224 bytes,    2954160 total
- age   3:      65888 bytes,    3020048 total
- age   4:    2713008 bytes,    5733056 total
- age   5:    2257264 bytes,    7990320 total
- age   6:    1583872 bytes,    9574192 total
- age   7:     114960 bytes,    9689152 total
- age   8:     156312 bytes,    9845464 total
: 97950K->12502K(109248K), 0.0432371 secs] 106468K->21097K(502464K), 0.0434731 secs] [Times: user=0.06 sys=0.00, real=0.04 secs] 
Heap after GC invocations=15 (full 0):
 par new generation   total 109248K, used 12502K [0x00000000dae00000, 0x00000000e2e00000, 0x00000000e2e00000)
  eden space 87424K,   0% used [0x00000000dae00000, 0x00000000dae00000, 0x00000000e0360000)
  from space 21824K,  57% used [0x00000000e18b0000, 0x00000000e24e5918, 0x00000000e2e00000)
  to   space 21824K,   0% used [0x00000000e0360000, 0x00000000e0360000, 0x00000000e18b0000)
 concurrent mark-sweep generation total 393216K, used 8595K [0x00000000e2e00000, 0x00000000fae00000, 0x00000000fae00000)
 concurrent-mark-sweep perm gen total 31040K, used 30998K [0x00000000fae00000, 0x00000000fcc50000, 0x0000000100000000)
}
2015-04-28T12:07:47.119+0300: 1424.405: Total time for which application threads were stopped: 0.0439584 seconds
2015-04-28T12:07:47.124+0300: 1424.410: Total time for which application threads were stopped: 0.0002698 seconds
{Heap before GC invocations=15 (full 0):
 par new generation   total 109248K, used 99926K [0x00000000dae00000, 0x00000000e2e00000, 0x00000000e2e00000)
  eden space 87424K, 100% used [0x00000000dae00000, 0x00000000e0360000, 0x00000000e0360000)
  from space 21824K,  57% used [0x00000000e18b0000, 0x00000000e24e5918, 0x00000000e2e00000)
  to   space 21824K,   0% used [0x00000000e0360000, 0x00000000e0360000, 0x00000000e18b0000)
 concurrent mark-sweep generation total 393216K, used 8595K [0x00000000e2e00000, 0x00000000fae00000, 0x00000000fae00000)
 concurrent-mark-sweep perm gen total 31232K, used 31021K [0x00000000fae00000, 0x00000000fcc80000, 0x0000000100000000)
2015-04-28T12:07:47.694+0300: 1424.979: [GC2015-04-28T12:07:47.694+0300: 1424.980: [ParNew
Desired survivor size 20112992 bytes, new threshold 8 (max 8)
- age   1:     144960 bytes,     144960 total
- age   2:    1520880 bytes,    1665840 total
- age   3:     701224 bytes,    2367064 total
- age   4:      65888 bytes,    2432952 total
- age   5:    2706848 bytes,    5139800 total
- age   6:    2232752 bytes,    7372552 total
- age   7:    1583872 bytes,    8956424 total
- age   8:     114960 bytes,    9071384 total
: 99926K->10648K(109248K), 0.0404500 secs] 108521K->19402K(502464K), 0.0408334 secs] [Times: user=0.09 sys=0.00, real=0.04 secs] 
Heap after GC invocations=16 (full 0):
 par new generation   total 109248K, used 10648K [0x00000000dae00000, 0x00000000e2e00000, 0x00000000e2e00000)
  eden space 87424K,   0% used [0x00000000dae00000, 0x00000000dae00000, 0x00000000e0360000)
  from space 21824K,  48% used [0x00000000e0360000, 0x00000000e0dc6348, 0x00000000e18b0000)
  to   space 21824K,   0% used [0x00000000e18b0000, 0x00000000e18b0000, 0x00000000e2e00000)
 concurrent mark-sweep generation total 393216K, used 8754K [0x00000000e2e00000, 0x00000000fae00000, 0x00000000fae00000)
 concurrent-mark-sweep perm gen total 31232K, used 31021K [0x00000000fae00000, 0x00000000fcc80000, 0x0000000100000000)
}
2015-04-28T12:07:47.735+0300: 1425.020: Total time for which application threads were stopped: 0.0415254 seconds
2015-04-28T12:07:47.772+0300: 1425.058: Total time for which application threads were stopped: 0.0006642 seconds
2015-04-28T12:07:48.772+0300: 1426.057: Total time for which application threads were stopped: 0.0004398 seconds
2015-04-28T12:07:48.951+0300: 1426.236: Total time for which application threads were stopped: 0.0004017 seconds
2015-04-28T12:07:48.957+0300: 1426.242: Total time for which application threads were stopped: 0.0003277 seconds
2015-04-28T12:07:48.957+0300: 1426.243: Total time for which application threads were stopped: 0.0001459 seconds
2015-04-28T12:07:48.958+0300: 1426.243: Total time for which application threads were stopped: 0.0001847 seconds
2015-04-28T12:07:48.958+0300: 1426.243: Total time for which application threads were stopped: 0.0001459 seconds
2015-04-28T12:07:48.958+0300: 1426.243: Total time for which application threads were stopped: 0.0001393 seconds
2015-04-28T12:07:49.959+0300: 1427.243: Total time for which application threads were stopped: 0.0003431 seconds
2015-04-28T12:07:55.535+0300: 1432.820: Total time for which application threads were stopped: 0.0003416 seconds
2015-04-28T12:07:55.537+0300: 1432.821: Total time for which application threads were stopped: 0.0001173 seconds
2015-04-28T12:07:57.133+0300: 1434.418: Total time for which application threads were stopped: 0.0003856 seconds
2015-04-28T12:07:57.892+0300: 1435.177: Total time for which application threads were stopped: 0.0003167 seconds
2015-04-28T12:07:57.974+0300: 1435.259: Total time for which application threads were stopped: 0.0001583 seconds
2015-04-28T12:08:24.955+0300: 1462.241: Total time for which application threads were stopped: 0.0004171 seconds
2015-04-28T12:08:24.967+0300: 1462.253: Total time for which application threads were stopped: 0.0002434 seconds
2015-04-28T12:08:25.047+0300: 1462.332: Total time for which application threads were stopped: 0.0001569 seconds
2015-04-28T12:08:25.192+0300: 1462.477: Total time for which application threads were stopped: 0.0001569 seconds
2015-04-28T12:08:39.497+0300: 1476.783: Total time for which application threads were stopped: 0.0003951 seconds
2015-04-28T12:08:40.756+0300: 1478.042: Total time for which application threads were stopped: 0.0003761 seconds
2015-04-28T12:08:40.756+0300: 1478.042: Total time for which application threads were stopped: 0.0001078 seconds
2015-04-28T12:08:41.983+0300: 1479.268: Total time for which application threads were stopped: 0.0003460 seconds
2015-04-28T12:08:41.984+0300: 1479.269: Total time for which application threads were stopped: 0.0001180 seconds
2015-04-28T12:08:46.051+0300: 1483.336: Total time for which application threads were stopped: 0.0003834 seconds
2015-04-28T12:08:57.688+0300: 1494.973: Total time for which application threads were stopped: 0.0004105 seconds
2015-04-28T12:08:57.689+0300: 1494.974: Total time for which application threads were stopped: 0.0001276 seconds
2015-04-28T12:08:57.691+0300: 1494.976: Total time for which application threads were stopped: 0.0001921 seconds
2015-04-28T12:09:07.686+0300: 1504.971: Total time for which application threads were stopped: 0.0004237 seconds
2015-04-28T12:09:07.687+0300: 1504.971: Total time for which application threads were stopped: 0.0001129 seconds
2015-04-28T12:09:08.819+0300: 1506.103: Total time for which application threads were stopped: 0.0005249 seconds
2015-04-28T12:09:08.819+0300: 1506.104: Total time for which application threads were stopped: 0.0001078 seconds
2015-04-28T12:09:08.821+0300: 1506.106: Total time for which application threads were stopped: 0.0001833 seconds
2015-04-28T12:09:09.175+0300: 1506.460: Total time for which application threads were stopped: 0.0001503 seconds
2015-04-28T12:09:09.176+0300: 1506.460: Total time for which application threads were stopped: 0.0001466 seconds
2015-04-28T12:09:09.177+0300: 1506.462: Total time for which application threads were stopped: 0.0001627 seconds
2015-04-28T12:09:12.870+0300: 1510.157: Total time for which application threads were stopped: 0.0004809 seconds
2015-04-28T12:09:17.686+0300: 1514.972: Total time for which application threads were stopped: 0.0007499 seconds
2015-04-28T12:09:17.686+0300: 1514.972: Total time for which application threads were stopped: 0.0001202 seconds
2015-04-28T12:09:17.686+0300: 1514.972: Total time for which application threads were stopped: 0.0001026 seconds
2015-04-28T12:09:17.687+0300: 1514.973: Total time for which application threads were stopped: 0.0001070 seconds
2015-04-28T12:09:17.687+0300: 1514.973: Total time for which application threads were stopped: 0.0001092 seconds
2015-04-28T12:09:17.688+0300: 1514.974: Total time for which application threads were stopped: 0.0007096 seconds
2015-04-28T12:10:53.603+0300: 1610.887: Total time for which application threads were stopped: 0.0007521 seconds
2015-04-28T12:10:56.589+0300: 1613.873: Total time for which application threads were stopped: 0.0004215 seconds
2015-04-28T12:10:56.617+0300: 1613.901: Total time for which application threads were stopped: 0.0001657 seconds
2015-04-28T12:10:56.662+0300: 1613.947: Total time for which application threads were stopped: 0.0001451 seconds
2015-04-28T12:11:57.552+0300: 1674.835: Total time for which application threads were stopped: 0.0005227 seconds
2015-04-28T12:11:57.558+0300: 1674.841: Total time for which application threads were stopped: 0.0001561 seconds
2015-04-28T12:12:20.551+0300: 1697.836: Total time for which application threads were stopped: 0.0006114 seconds
2015-04-28T12:12:20.552+0300: 1697.837: Total time for which application threads were stopped: 0.0001349 seconds
2015-04-28T12:12:21.960+0300: 1699.245: Total time for which application threads were stopped: 0.0004362 seconds
2015-04-28T12:12:21.961+0300: 1699.246: Total time for which application threads were stopped: 0.0001063 seconds
2015-04-28T12:12:57.314+0300: 1734.597: Total time for which application threads were stopped: 0.0004831 seconds
2015-04-28T12:12:57.314+0300: 1734.598: Total time for which application threads were stopped: 0.0001070 seconds
2015-04-28T12:12:58.179+0300: 1735.462: Total time for which application threads were stopped: 0.0005029 seconds
2015-04-28T12:13:04.296+0300: 1741.578: Total time for which application threads were stopped: 0.0004325 seconds
2015-04-28T12:13:04.298+0300: 1741.581: Total time for which application threads were stopped: 0.0017293 seconds
2015-04-28T12:13:04.298+0300: 1741.581: Total time for which application threads were stopped: 0.0001048 seconds
2015-04-28T12:13:04.301+0300: 1741.584: Total time for which application threads were stopped: 0.0002954 seconds
2015-04-28T12:13:04.301+0300: 1741.584: Total time for which application threads were stopped: 0.0001026 seconds
2015-04-28T12:13:04.304+0300: 1741.587: Total time for which application threads were stopped: 0.0024492 seconds
{Heap before GC invocations=16 (full 0):
 par new generation   total 109248K, used 98072K [0x00000000dae00000, 0x00000000e2e00000, 0x00000000e2e00000)
  eden space 87424K, 100% used [0x00000000dae00000, 0x00000000e0360000, 0x00000000e0360000)
  from space 21824K,  48% used [0x00000000e0360000, 0x00000000e0dc6348, 0x00000000e18b0000)
  to   space 21824K,   0% used [0x00000000e18b0000, 0x00000000e18b0000, 0x00000000e2e00000)
 concurrent mark-sweep generation total 393216K, used 8754K [0x00000000e2e00000, 0x00000000fae00000, 0x00000000fae00000)
 concurrent-mark-sweep perm gen total 31232K, used 31111K [0x00000000fae00000, 0x00000000fcc80000, 0x0000000100000000)
2015-04-28T12:13:04.607+0300: 1741.890: [GC2015-04-28T12:13:04.607+0300: 1741.890: [ParNew
Desired survivor size 20112992 bytes, new threshold 8 (max 8)
- age   1:    1193968 bytes,    1193968 total
- age   2:      71864 bytes,    1265832 total
- age   3:     879168 bytes,    2145000 total
- age   4:     655072 bytes,    2800072 total
- age   5:      65888 bytes,    2865960 total
- age   6:    2572456 bytes,    5438416 total
- age   7:    2210368 bytes,    7648784 total
- age   8:    1579896 bytes,    9228680 total
: 98072K->13205K(109248K), 0.0411148 secs] 106826K->22071K(502464K), 0.0412937 secs] [Times: user=0.14 sys=0.00, real=0.04 secs] 
Heap after GC invocations=17 (full 0):
 par new generation   total 109248K, used 13205K [0x00000000dae00000, 0x00000000e2e00000, 0x00000000e2e00000)
  eden space 87424K,   0% used [0x00000000dae00000, 0x00000000dae00000, 0x00000000e0360000)
  from space 21824K,  60% used [0x00000000e18b0000, 0x00000000e2595590, 0x00000000e2e00000)
  to   space 21824K,   0% used [0x00000000e0360000, 0x00000000e0360000, 0x00000000e18b0000)
 concurrent mark-sweep generation total 393216K, used 8866K [0x00000000e2e00000, 0x00000000fae00000, 0x00000000fae00000)
 concurrent-mark-sweep perm gen total 31232K, used 31111K [0x00000000fae00000, 0x00000000fcc80000, 0x0000000100000000)
}
2015-04-28T12:13:04.649+0300: 1741.932: Total time for which application threads were stopped: 0.0419989 seconds
2015-04-28T12:13:04.650+0300: 1741.933: Total time for which application threads were stopped: 0.0001965 seconds
2015-04-28T12:13:07.303+0300: 1744.586: Total time for which application threads were stopped: 0.0004025 seconds
2015-04-28T12:13:15.104+0300: 1752.389: Total time for which application threads were stopped: 0.0003834 seconds
2015-04-28T12:13:16.508+0300: 1753.792: Total time for which application threads were stopped: 0.0003900 seconds
2015-04-28T12:13:16.598+0300: 1753.882: Total time for which application threads were stopped: 0.0001569 seconds
2015-04-28T12:13:16.599+0300: 1753.883: Total time for which application threads were stopped: 0.0001107 seconds
2015-04-28T12:13:16.599+0300: 1753.883: Total time for which application threads were stopped: 0.0001041 seconds
2015-04-28T12:13:16.601+0300: 1753.885: Total time for which application threads were stopped: 0.0001122 seconds
2015-04-28T12:13:16.601+0300: 1753.885: Total time for which application threads were stopped: 0.0001254 seconds
2015-04-28T12:13:16.602+0300: 1753.886: Total time for which application threads were stopped: 0.0002075 seconds
2015-04-28T12:13:16.603+0300: 1753.887: Total time for which application threads were stopped: 0.0001811 seconds
2015-04-28T12:13:16.603+0300: 1753.887: Total time for which application threads were stopped: 0.0001503 seconds
2015-04-28T12:13:16.610+0300: 1753.894: Total time for which application threads were stopped: 0.0003255 seconds
2015-04-28T12:13:16.615+0300: 1753.899: Total time for which application threads were stopped: 0.0002566 seconds
2015-04-28T12:13:16.621+0300: 1753.905: Total time for which application threads were stopped: 0.0001532 seconds
2015-04-28T12:13:16.623+0300: 1753.907: Total time for which application threads were stopped: 0.0001415 seconds
2015-04-28T12:13:16.625+0300: 1753.909: Total time for which application threads were stopped: 0.0001312 seconds
2015-04-28T12:13:16.626+0300: 1753.910: Total time for which application threads were stopped: 0.0001210 seconds
2015-04-28T12:13:16.626+0300: 1753.911: Total time for which application threads were stopped: 0.0001122 seconds
2015-04-28T12:13:16.627+0300: 1753.911: Total time for which application threads were stopped: 0.0001122 seconds
2015-04-28T12:13:16.627+0300: 1753.911: Total time for which application threads were stopped: 0.0001100 seconds
2015-04-28T12:13:16.629+0300: 1753.914: Total time for which application threads were stopped: 0.0001268 seconds
2015-04-28T12:13:16.630+0300: 1753.914: Total time for which application threads were stopped: 0.0003460 seconds
2015-04-28T12:13:16.630+0300: 1753.914: Total time for which application threads were stopped: 0.0001056 seconds
2015-04-28T12:13:16.632+0300: 1753.917: Total time for which application threads were stopped: 0.0002397 seconds
2015-04-28T12:13:16.667+0300: 1753.951: Total time for which application threads were stopped: 0.0002148 seconds
2015-04-28T12:13:16.669+0300: 1753.953: Total time for which application threads were stopped: 0.0001525 seconds
2015-04-28T12:13:16.669+0300: 1753.953: Total time for which application threads were stopped: 0.0001122 seconds
2015-04-28T12:13:16.670+0300: 1753.954: Total time for which application threads were stopped: 0.0001136 seconds
2015-04-28T12:13:16.670+0300: 1753.954: Total time for which application threads were stopped: 0.0001818 seconds
2015-04-28T12:13:16.670+0300: 1753.955: Total time for which application threads were stopped: 0.0001855 seconds
2015-04-28T12:13:16.672+0300: 1753.956: Total time for which application threads were stopped: 0.0005498 seconds
2015-04-28T12:13:16.672+0300: 1753.956: Total time for which application threads were stopped: 0.0001254 seconds
2015-04-28T12:13:16.673+0300: 1753.957: Total time for which application threads were stopped: 0.0000975 seconds
2015-04-28T12:13:16.673+0300: 1753.958: Total time for which application threads were stopped: 0.0001356 seconds
2015-04-28T12:13:16.674+0300: 1753.958: Total time for which application threads were stopped: 0.0001232 seconds
2015-04-28T12:13:16.674+0300: 1753.958: Total time for which application threads were stopped: 0.0000968 seconds
2015-04-28T12:13:16.674+0300: 1753.958: Total time for which application threads were stopped: 0.0000858 seconds
2015-04-28T12:13:16.674+0300: 1753.958: Total time for which application threads were stopped: 0.0001012 seconds
2015-04-28T12:13:16.674+0300: 1753.959: Total time for which application threads were stopped: 0.0001334 seconds
2015-04-28T12:13:16.675+0300: 1753.959: Total time for which application threads were stopped: 0.0001166 seconds
2015-04-28T12:13:16.675+0300: 1753.959: Total time for which application threads were stopped: 0.0000924 seconds
2015-04-28T12:13:16.675+0300: 1753.960: Total time for which application threads were stopped: 0.0001114 seconds
2015-04-28T12:13:16.676+0300: 1753.960: Total time for which application threads were stopped: 0.0001246 seconds
2015-04-28T12:13:16.679+0300: 1753.963: Total time for which application threads were stopped: 0.0014529 seconds
2015-04-28T12:13:16.680+0300: 1753.964: Total time for which application threads were stopped: 0.0003438 seconds
2015-04-28T12:13:16.683+0300: 1753.967: Total time for which application threads were stopped: 0.0001437 seconds
2015-04-28T12:13:16.684+0300: 1753.968: Total time for which application threads were stopped: 0.0000997 seconds
2015-04-28T12:13:16.684+0300: 1753.968: Total time for which application threads were stopped: 0.0000990 seconds
2015-04-28T12:13:16.686+0300: 1753.971: Total time for which application threads were stopped: 0.0001862 seconds
2015-04-28T12:13:16.689+0300: 1753.973: Total time for which application threads were stopped: 0.0001407 seconds
2015-04-28T12:13:16.689+0300: 1753.973: Total time for which application threads were stopped: 0.0001114 seconds
2015-04-28T12:13:16.689+0300: 1753.973: Total time for which application threads were stopped: 0.0001034 seconds
2015-04-28T12:13:16.689+0300: 1753.973: Total time for which application threads were stopped: 0.0000762 seconds
2015-04-28T12:13:16.714+0300: 1753.999: Total time for which application threads were stopped: 0.0001899 seconds
2015-04-28T12:13:16.721+0300: 1754.006: Total time for which application threads were stopped: 0.0001591 seconds
2015-04-28T12:13:16.722+0300: 1754.006: Total time for which application threads were stopped: 0.0000902 seconds
2015-04-28T12:13:16.722+0300: 1754.006: Total time for which application threads were stopped: 0.0000894 seconds
2015-04-28T12:13:16.722+0300: 1754.006: Total time for which application threads were stopped: 0.0000865 seconds
2015-04-28T12:13:16.724+0300: 1754.009: Total time for which application threads were stopped: 0.0001107 seconds
2015-04-28T12:13:16.724+0300: 1754.009: Total time for which application threads were stopped: 0.0000887 seconds
2015-04-28T12:13:16.725+0300: 1754.009: Total time for which application threads were stopped: 0.0000850 seconds
2015-04-28T12:13:16.727+0300: 1754.011: Total time for which application threads were stopped: 0.0001525 seconds
2015-04-28T12:13:16.751+0300: 1754.035: Total time for which application threads were stopped: 0.0002419 seconds
2015-04-28T12:13:16.754+0300: 1754.038: Total time for which application threads were stopped: 0.0001092 seconds
2015-04-28T12:13:16.754+0300: 1754.039: Total time for which application threads were stopped: 0.0000682 seconds
2015-04-28T12:13:16.755+0300: 1754.039: Total time for which application threads were stopped: 0.0001122 seconds
2015-04-28T12:13:16.760+0300: 1754.044: Total time for which application threads were stopped: 0.0001437 seconds
2015-04-28T12:13:16.760+0300: 1754.044: Total time for which application threads were stopped: 0.0000799 seconds
2015-04-28T12:13:16.765+0300: 1754.049: Total time for which application threads were stopped: 0.0001180 seconds
2015-04-28T12:13:16.814+0300: 1754.098: Total time for which application threads were stopped: 0.0001789 seconds
2015-04-28T12:13:16.815+0300: 1754.099: Total time for which application threads were stopped: 0.0002258 seconds
2015-04-28T12:13:16.815+0300: 1754.099: Total time for which application threads were stopped: 0.0000990 seconds
2015-04-28T12:13:16.867+0300: 1754.151: Total time for which application threads were stopped: 0.0012052 seconds
2015-04-28T12:13:18.316+0300: 1755.601: Total time for which application threads were stopped: 0.0003995 seconds
2015-04-28T12:13:18.317+0300: 1755.601: Total time for which application threads were stopped: 0.0000968 seconds
2015-04-28T12:13:18.318+0300: 1755.602: Total time for which application threads were stopped: 0.0001532 seconds
2015-04-28T12:13:18.319+0300: 1755.603: Total time for which application threads were stopped: 0.0003541 seconds
2015-04-28T12:13:18.320+0300: 1755.604: Total time for which application threads were stopped: 0.0001356 seconds
2015-04-28T12:13:18.320+0300: 1755.604: Total time for which application threads were stopped: 0.0001004 seconds
2015-04-28T12:13:18.320+0300: 1755.604: Total time for which application threads were stopped: 0.0000902 seconds
2015-04-28T12:13:18.320+0300: 1755.604: Total time for which application threads were stopped: 0.0000865 seconds
2015-04-28T12:13:18.320+0300: 1755.605: Total time for which application threads were stopped: 0.0000836 seconds
2015-04-28T12:13:18.327+0300: 1755.612: Total time for which application threads were stopped: 0.0001283 seconds
2015-04-28T12:13:18.385+0300: 1755.669: Total time for which application threads were stopped: 0.0001166 seconds
2015-04-28T12:13:18.385+0300: 1755.669: Total time for which application threads were stopped: 0.0000689 seconds
Heap
 par new generation   total 109248K, used 26478K [0x00000000dae00000, 0x00000000e2e00000, 0x00000000e2e00000)
  eden space 87424K,  15% used [0x00000000dae00000, 0x00000000dbaf6468, 0x00000000e0360000)
  from space 21824K,  60% used [0x00000000e18b0000, 0x00000000e2595590, 0x00000000e2e00000)
  to   space 21824K,   0% used [0x00000000e0360000, 0x00000000e0360000, 0x00000000e18b0000)
 concurrent mark-sweep generation total 393216K, used 8866K [0x00000000e2e00000, 0x00000000fae00000, 0x00000000fae00000)
 concurrent-mark-sweep perm gen total 31232K, used 31195K [0x00000000fae00000, 0x00000000fcc80000, 0x0000000100000000)
